Archive member included to satisfy reference by file (symbol)

libsqisign_v3_p324_3_m4f.a(pqm4_api.c.o)
                              CMakeFiles/sqisign_rp2350_v3_d2_static.dir/v3_ksv_kat.c.o (crypto_sign_keypair)
libsqisign_v3_p324_3_m4f.a(sqisign.c.o)
                              libsqisign_v3_p324_3_m4f.a(pqm4_api.c.o) (sqisign_keypair)
libsqisign_v3_p324_3_m4f.a(verify.c.o)
                              libsqisign_v3_p324_3_m4f.a(sqisign.c.o) (protocols_verify)
libsqisign_v3_p324_3_m4f.a(randombytes_ctrdrbg.c.o)
                              CMakeFiles/sqisign_rp2350_v3_d2_static.dir/v3_ksv_kat.c.o (randombytes_init)
libsqisign_v3_p324_3_m4f.a(basis.c.o)
                              libsqisign_v3_p324_3_m4f.a(verify.c.o) (ec_curve_to_basis_2f_from_hint)
libsqisign_v3_p324_3_m4f.a(common.c.o)
                              libsqisign_v3_p324_3_m4f.a(verify.c.o) (hash_to_challenge)
libsqisign_v3_p324_3_m4f.a(e0_basis.c.o)
                              libsqisign_v3_p324_3_m4f.a(basis.c.o) (BASIS_E0_QX)
libsqisign_v3_p324_3_m4f.a(ec.c.o)
                              libsqisign_v3_p324_3_m4f.a(common.c.o) (ec_curve_init)
libsqisign_v3_p324_3_m4f.a(ec_params.c.o)
                              libsqisign_v3_p324_3_m4f.a(basis.c.o) (p_cofactor_for_2f)
libsqisign_v3_p324_3_m4f.a(encode_public.c.o)
                              libsqisign_v3_p324_3_m4f.a(sqisign.c.o) (public_key_to_bytes)
libsqisign_v3_p324_3_m4f.a(encode_secret.c.o)
                              libsqisign_v3_p324_3_m4f.a(sqisign.c.o) (secret_key_to_bytes)
libsqisign_v3_p324_3_m4f.a(fp2.c.o)
                              libsqisign_v3_p324_3_m4f.a(basis.c.o) (fp2_mul_small)
libsqisign_v3_p324_3_m4f.a(fp_p324_3_armv7em.c.o)
                              libsqisign_v3_p324_3_m4f.a(basis.c.o) (fp_set_small)
libsqisign_v3_p324_3_m4f.a(hd.c.o)
                              libsqisign_v3_p324_3_m4f.a(verify.c.o) (theta_copy_bases_to_kernel)
libsqisign_v3_p324_3_m4f.a(isog.c.o)
                              libsqisign_v3_p324_3_m4f.a(verify.c.o) (iso_isogeny_2chain)
libsqisign_v3_p324_3_m4f.a(keygen.c.o)
                              libsqisign_v3_p324_3_m4f.a(sqisign.c.o) (secret_key_init)
libsqisign_v3_p324_3_m4f.a(mp.c.o)
                              libsqisign_v3_p324_3_m4f.a(ec.c.o) (ibz_copy)
libsqisign_v3_p324_3_m4f.a(normalize.c.o)
                              libsqisign_v3_p324_3_m4f.a(isog.c.o) (ec_normalize_montgomery)
libsqisign_v3_p324_3_m4f.a(prng.c.o)
                              libsqisign_v3_p324_3_m4f.a(keygen.c.o) (prng_seed)
libsqisign_v3_p324_3_m4f.a(sign.c.o)
                              libsqisign_v3_p324_3_m4f.a(sqisign.c.o) (protocols_sign)
libsqisign_v3_p324_3_m4f.a(theta_isogenies.c.o)
                              libsqisign_v3_p324_3_m4f.a(sign.c.o) (theta_chain_compute_and_eval)
libsqisign_v3_p324_3_m4f.a(theta_structure.c.o)
                              libsqisign_v3_p324_3_m4f.a(theta_isogenies.c.o) (theta_extract_dual_null_point)
libsqisign_v3_p324_3_m4f.a(torsion_constants.c.o)
                              libsqisign_v3_p324_3_m4f.a(sign.c.o) (COM_DEGREE)
libsqisign_v3_p324_3_m4f.a(mem_noheap.c.o)
                              libsqisign_v3_p324_3_m4f.a(prng.c.o) (sqisign_secure_clear)
libsqisign_v3_p324_3_m4f.a(fips202.c.o)
                              libsqisign_v3_p324_3_m4f.a(common.c.o) (shake256_inc_init)
libsqisign_v3_p324_3_m4f.a(aes_c.c.o)
                              libsqisign_v3_p324_3_m4f.a(randombytes_ctrdrbg.c.o) (AES_256_ECB)
libsqisign_v3_p324_3_m4f.a(algebra.c.o)
                              libsqisign_v3_p324_3_m4f.a(sign.c.o) (quat_alg_mul)
libsqisign_v3_p324_3_m4f.a(dim2.c.o)
                              libsqisign_v3_p324_3_m4f.a(sign.c.o) (ibz_mat_2x2_eval)
libsqisign_v3_p324_3_m4f.a(dim2id2iso.c.o)
                              libsqisign_v3_p324_3_m4f.a(sign.c.o) (dim2id2iso_ideal_to_isogeny_qlapoty)
libsqisign_v3_p324_3_m4f.a(dim4.c.o)
                              libsqisign_v3_p324_3_m4f.a(algebra.c.o) (ibz_vec_4_content)
libsqisign_v3_p324_3_m4f.a(endomorphism_action.c.o)
                              libsqisign_v3_p324_3_m4f.a(dim2id2iso.c.o) (CURVE_WITH_ENDOMORPHISMS)
libsqisign_v3_p324_3_m4f.a(finit.c.o)
                              libsqisign_v3_p324_3_m4f.a(algebra.c.o) (quat_alg_init_set)
libsqisign_v3_p324_3_m4f.a(fp.c.o)
                              libsqisign_v3_p324_3_m4f.a(fp2.c.o) (fp_select)
libsqisign_v3_p324_3_m4f.a(gluing.c.o)
                              libsqisign_v3_p324_3_m4f.a(theta_isogenies.c.o) (gluing_start_chain)
libsqisign_v3_p324_3_m4f.a(id2iso.c.o)
                              libsqisign_v3_p324_3_m4f.a(sign.c.o) (id2iso_matrix_application_even_basis)
libsqisign_v3_p324_3_m4f.a(ideal.c.o)
                              libsqisign_v3_p324_3_m4f.a(id2iso.c.o) (quat_ideal_create_O0_pow_two)
libsqisign_v3_p324_3_m4f.a(integers.c.o)
                              libsqisign_v3_p324_3_m4f.a(dim2.c.o) (ibz_sum_two_squares)
[...]
Memory Configuration

Name             Origin             Length             Attributes
FLASH            0x10000000         0x00400000         xr
PSRAM            0x11000000         0x00000000         xrw
XIP_RAM          0x13ffc000         0x00004000         xrw
RAM              0x20000000         0x00080000         xrw
SCRATCH_X        0x20080000         0x00001000         xrw
SCRATCH_Y        0x20081000         0x00001000         xrw
*default*        0x00000000         0xffffffff

Linker script and memory map

                0x20000000                        RAM_ORIGIN_DEFAULT = 0x20000000
                0x00080000                        RAM_LENGTH_DEFAULT = 0x80000
                0x20080000                        SCRATCH_X_ORIGIN_DEFAULT = 0x20080000
                0x00001000                        SCRATCH_X_LENGTH_DEFAULT = 0x1000
                0x20081000                        SCRATCH_Y_ORIGIN_DEFAULT = 0x20081000
                0x00001000                        SCRATCH_Y_LENGTH_DEFAULT = 0x1000
                0x13ffc000                        XIP_RAM_ORIGIN_DEFAULT = 0x13ffc000
                0x00004000                        XIP_RAM_LENGTH_DEFAULT = 0x4000
LOAD CMakeFiles/sqisign_rp2350_v3_d2_static.dir/private/tmp/tinysqisign-d2-clean.Lmrg63/firmware/src/platform/rp2350/call_on_psp.S.o
LOAD CMakeFiles/sqisign_rp2350_v3_d2_static.dir/allocator_traps.c.o
LOAD CMakeFiles/sqisign_rp2350_v3_d2_static.dir/v3_ksv_kat.c.o
LOAD CMakeFiles/sqisign_rp2350_v3_d2_static.dir/Users/hiro/workspace/sqisign/external/pico-sdk/src/rp2_common/hardware_clocks/clocks.c.o
LOAD CMakeFiles/sqisign_rp2350_v3_d2_static.dir/Users/hiro/workspace/sqisign/external/pico-sdk/src/rp2350/pico_platform/platform.c.o
LOAD CMakeFiles/sqisign_rp2350_v3_d2_static.dir/Users/hiro/workspace/sqisign/external/pico-sdk/src/rp2_common/pico_platform_common/common.c.o
LOAD CMakeFiles/sqisign_rp2350_v3_d2_static.dir/Users/hiro/workspace/sqisign/external/pico-sdk/src/rp2_common/pico_platform_panic/panic.c.o
LOAD CMakeFiles/sqisign_rp2350_v3_d2_static.dir/Users/hiro/workspace/sqisign/external/pico-sdk/src/rp2_common/pico_platform_panic/custom_panic_function.S.o
LOAD CMakeFiles/sqisign_rp2350_v3_d2_static.dir/Users/hiro/workspace/sqisign/external/pico-sdk/src/common/hardware_claim/claim.c.o
LOAD CMakeFiles/sqisign_rp2350_v3_d2_static.dir/Users/hiro/workspace/sqisign/external/pico-sdk/src/rp2_common/hardware_sync/sync.c.o
LOAD CMakeFiles/sqisign_rp2350_v3_d2_static.dir/Users/hiro/workspace/sqisign/external/pico-sdk/src/rp2_common/hardware_sync_spin_lock/sync_spin_lock.c.o
LOAD CMakeFiles/sqisign_rp2350_v3_d2_static.dir/Users/hiro/workspace/sqisign/external/pico-sdk/src/rp2_common/hardware_gpio/gpio.c.o
LOAD CMakeFiles/sqisign_rp2350_v3_d2_static.dir/Users/hiro/workspace/sqisign/external/pico-sdk/src/rp2_common/hardware_irq/irq.c.o
LOAD CMakeFiles/sqisign_rp2350_v3_d2_static.dir/Users/hiro/workspace/sqisign/external/pico-sdk/src/rp2_common/hardware_irq/irq_handler_chain.S.o
LOAD CMakeFiles/sqisign_rp2350_v3_d2_static.dir/Users/hiro/workspace/sqisign/external/pico-sdk/src/common/pico_sync/sem.c.o
LOAD CMakeFiles/sqisign_rp2350_v3_d2_static.dir/Users/hiro/workspace/sqisign/external/pico-sdk/src/common/pico_sync/lock_core.c.o
LOAD CMakeFiles/sqisign_rp2350_v3_d2_static.dir/Users/hiro/workspace/sqisign/external/pico-sdk/src/common/pico_sync/mutex.c.o
LOAD CMakeFiles/sqisign_rp2350_v3_d2_static.dir/Users/hiro/workspace/sqisign/external/pico-sdk/src/common/pico_sync/critical_section.c.o
LOAD CMakeFiles/sqisign_rp2350_v3_d2_static.dir/Users/hiro/workspace/sqisign/external/pico-sdk/src/common/pico_time/time.c.o
LOAD CMakeFiles/sqisign_rp2350_v3_d2_static.dir/Users/hiro/workspace/sqisign/external/pico-sdk/src/common/pico_time/timeout_helper.c.o
LOAD CMakeFiles/sqisign_rp2350_v3_d2_static.dir/Users/hiro/workspace/sqisign/external/pico-sdk/src/rp2_common/hardware_timer/timer.c.o
LOAD CMakeFiles/sqisign_rp2350_v3_d2_static.dir/Users/hiro/workspace/sqisign/external/pico-sdk/src/common/pico_util/datetime.c.o
LOAD CMakeFiles/sqisign_rp2350_v3_d2_static.dir/Users/hiro/workspace/sqisign/external/pico-sdk/src/common/pico_util/fixed_bitset.c.o
LOAD CMakeFiles/sqisign_rp2350_v3_d2_static.dir/Users/hiro/workspace/sqisign/external/pico-sdk/src/common/pico_util/pheap.c.o
LOAD CMakeFiles/sqisign_rp2350_v3_d2_static.dir/Users/hiro/workspace/sqisign/external/pico-sdk/src/common/pico_util/queue.c.o
LOAD CMakeFiles/sqisign_rp2350_v3_d2_static.dir/Users/hiro/workspace/sqisign/external/pico-sdk/src/rp2_common/hardware_pll/pll.c.o
LOAD CMakeFiles/sqisign_rp2350_v3_d2_static.dir/Users/hiro/workspace/sqisign/external/pico-sdk/src/rp2_common/hardware_vreg/vreg.c.o
LOAD CMakeFiles/sqisign_rp2350_v3_d2_static.dir/Users/hiro/workspace/sqisign/external/pico-sdk/src/rp2_common/hardware_watchdog/watchdog.c.o
LOAD CMakeFiles/sqisign_rp2350_v3_d2_static.dir/Users/hiro/workspace/sqisign/external/pico-sdk/src/rp2_common/hardware_ticks/ticks.c.o
LOAD CMakeFiles/sqisign_rp2350_v3_d2_static.dir/Users/hiro/workspace/sqisign/external/pico-sdk/src/rp2_common/pico_bootrom/bootrom.c.o
LOAD CMakeFiles/sqisign_rp2350_v3_d2_static.dir/Users/hiro/workspace/sqisign/external/pico-sdk/src/rp2_common/pico_bootrom/bootrom_lock.c.o
LOAD CMakeFiles/sqisign_rp2350_v3_d2_static.dir/Users/hiro/workspace/sqisign/external/pico-sdk/src/rp2_common/hardware_boot_lock/boot_lock.c.o
LOAD CMakeFiles/sqisign_rp2350_v3_d2_static.dir/Users/hiro/workspace/sqisign/external/pico-sdk/src/rp2_common/pico_flash/flash.c.o
LOAD CMakeFiles/sqisign_rp2350_v3_d2_static.dir/Users/hiro/workspace/sqisign/external/pico-sdk/src/rp2_common/hardware_xosc/xosc.c.o
LOAD CMakeFiles/sqisign_rp2350_v3_d2_static.dir/Users/hiro/workspace/sqisign/external/pico-sdk/src/rp2_common/pico_stdlib/stdlib.c.o
LOAD CMakeFiles/sqisign_rp2350_v3_d2_static.dir/Users/hiro/workspace/sqisign/external/pico-sdk/src/rp2_common/hardware_uart/uart.c.o
LOAD CMakeFiles/sqisign_rp2350_v3_d2_static.dir/Users/hiro/workspace/sqisign/external/pico-sdk/src/rp2_common/hardware_divider/divider.c.o
LOAD CMakeFiles/sqisign_rp2350_v3_d2_static.dir/Users/hiro/workspace/sqisign/external/pico-sdk/src/rp2_common/pico_runtime/runtime.c.o
LOAD CMakeFiles/sqisign_rp2350_v3_d2_static.dir/Users/hiro/workspace/sqisign/external/pico-sdk/src/rp2_common/pico_runtime_init/runtime_init.c.o
LOAD CMakeFiles/sqisign_rp2350_v3_d2_static.dir/Users/hiro/workspace/sqisign/external/pico-sdk/src/rp2_common/pico_runtime_init/runtime_init_clocks.c.o
LOAD CMakeFiles/sqisign_rp2350_v3_d2_static.dir/Users/hiro/workspace/sqisign/external/pico-sdk/src/rp2_common/pico_runtime_init/runtime_init_stack_guard.c.o
LOAD CMakeFiles/sqisign_rp2350_v3_d2_static.dir/Users/hiro/workspace/sqisign/external/pico-sdk/src/rp2_common/pico_bit_ops/bit_ops_aeabi.S.o
LOAD CMakeFiles/sqisign_rp2350_v3_d2_static.dir/Users/hiro/workspace/sqisign/external/pico-sdk/src/rp2_common/pico_divider/divider_compiler.c.o
LOAD CMakeFiles/sqisign_rp2350_v3_d2_static.dir/Users/hiro/workspace/sqisign/external/pico-sdk/src/rp2_common/pico_double/double_math.c.o
LOAD CMakeFiles/sqisign_rp2350_v3_d2_static.dir/Users/hiro/workspace/sqisign/external/pico-sdk/src/rp2_common/pico_double/double_aeabi_dcp.S.o
LOAD CMakeFiles/sqisign_rp2350_v3_d2_static.dir/Users/hiro/workspace/sqisign/external/pico-sdk/src/rp2_common/pico_double/double_fma_dcp.S.o
LOAD CMakeFiles/sqisign_rp2350_v3_d2_static.dir/Users/hiro/workspace/sqisign/external/pico-sdk/src/rp2_common/pico_double/double_sci_m33.S.o
LOAD CMakeFiles/sqisign_rp2350_v3_d2_static.dir/Users/hiro/workspace/sqisign/external/pico-sdk/src/rp2_common/pico_double/double_conv_m33.S.o
LOAD CMakeFiles/sqisign_rp2350_v3_d2_static.dir/Users/hiro/workspace/sqisign/external/pico-sdk/src/rp2_common/pico_float/float_math.c.o
LOAD CMakeFiles/sqisign_rp2350_v3_d2_static.dir/Users/hiro/workspace/sqisign/external/pico-sdk/src/rp2_common/pico_float/float_conv32_vfp.S.o
LOAD CMakeFiles/sqisign_rp2350_v3_d2_static.dir/Users/hiro/workspace/sqisign/external/pico-sdk/src/rp2_common/pico_float/float_common_m33.S.o
LOAD CMakeFiles/sqisign_rp2350_v3_d2_static.dir/Users/hiro/workspace/sqisign/external/pico-sdk/src/rp2_common/pico_float/float_sci_m33_vfp.S.o
LOAD CMakeFiles/sqisign_rp2350_v3_d2_static.dir/Users/hiro/workspace/sqisign/external/pico-sdk/src/rp2_common/pico_malloc/malloc.c.o
LOAD CMakeFiles/sqisign_rp2350_v3_d2_static.dir/Users/hiro/workspace/sqisign/external/pico-sdk/src/rp2_common/pico_atomic/atomic.c.o
LOAD CMakeFiles/sqisign_rp2350_v3_d2_static.dir/Users/hiro/workspace/sqisign/external/pico-sdk/src/rp2_common/pico_cxx_options/new_delete.cpp.o
LOAD CMakeFiles/sqisign_rp2350_v3_d2_static.dir/Users/hiro/workspace/sqisign/external/pico-sdk/src/rp2_common/pico_standard_binary_info/standard_binary_info.c.o
LOAD CMakeFiles/sqisign_rp2350_v3_d2_static.dir/Users/hiro/workspace/sqisign/external/pico-sdk/src/rp2_common/pico_printf/printf.c.o
LOAD CMakeFiles/sqisign_rp2350_v3_d2_static.dir/Users/hiro/workspace/sqisign/external/pico-sdk/src/rp2_common/pico_crt0/crt0.S.o
LOAD CMakeFiles/sqisign_rp2350_v3_d2_static.dir/Users/hiro/workspace/sqisign/external/pico-sdk/src/rp2_common/pico_clib_interface/newlib_interface.c.o
LOAD CMakeFiles/sqisign_rp2350_v3_d2_static.dir/Users/hiro/workspace/sqisign/external/pico-sdk/src/rp2_common/pico_clib_interface/cxa_guard.c.o
LOAD CMakeFiles/sqisign_rp2350_v3_d2_static.dir/Users/hiro/workspace/sqisign/external/pico-sdk/src/rp2_common/pico_stdio/stdio.c.o
LOAD CMakeFiles/sqisign_rp2350_v3_d2_static.dir/Users/hiro/workspace/sqisign/external/pico-sdk/src/rp2_common/pico_stdio_usb/stdio_usb.c.o
LOAD CMakeFiles/sqisign_rp2350_v3_d2_static.dir/Users/hiro/workspace/sqisign/external/pico-sdk/src/rp2_common/pico_stdio_usb/stdio_usb_descriptors.c.o
LOAD CMakeFiles/sqisign_rp2350_v3_d2_static.dir/Users/hiro/workspace/sqisign/external/pico-sdk/src/rp2_common/pico_unique_id/unique_id.c.o
LOAD CMakeFiles/sqisign_rp2350_v3_d2_static.dir/Users/hiro/workspace/sqisign/external/pico-sdk/src/rp2_common/hardware_flash/flash.c.o
LOAD CMakeFiles/sqisign_rp2350_v3_d2_static.dir/Users/hiro/workspace/sqisign/external/pico-sdk/src/rp2_common/hardware_xip_cache/xip_cache.c.o
LOAD CMakeFiles/sqisign_rp2350_v3_d2_static.dir/Users/hiro/workspace/sqisign/external/pico-sdk/src/rp2_common/pico_usb_reset/usb_reset.c.o
LOAD CMakeFiles/sqisign_rp2350_v3_d2_static.dir/Users/hiro/workspace/sqisign/external/pico-sdk/lib/tinyusb/src/portable/raspberrypi/rp2040/dcd_rp2040.c.o
LOAD CMakeFiles/sqisign_rp2350_v3_d2_static.dir/Users/hiro/workspace/sqisign/external/pico-sdk/lib/tinyusb/src/portable/raspberrypi/rp2040/rp2040_usb.c.o
LOAD CMakeFiles/sqisign_rp2350_v3_d2_static.dir/Users/hiro/workspace/sqisign/external/pico-sdk/lib/tinyusb/src/device/usbd.c.o
LOAD CMakeFiles/sqisign_rp2350_v3_d2_static.dir/Users/hiro/workspace/sqisign/external/pico-sdk/lib/tinyusb/src/device/usbd_control.c.o
LOAD CMakeFiles/sqisign_rp2350_v3_d2_static.dir/Users/hiro/workspace/sqisign/external/pico-sdk/lib/tinyusb/src/class/audio/audio_device.c.o
LOAD CMakeFiles/sqisign_rp2350_v3_d2_static.dir/Users/hiro/workspace/sqisign/external/pico-sdk/lib/tinyusb/src/class/cdc/cdc_device.c.o
LOAD CMakeFiles/sqisign_rp2350_v3_d2_static.dir/Users/hiro/workspace/sqisign/external/pico-sdk/lib/tinyusb/src/class/dfu/dfu_device.c.o
LOAD CMakeFiles/sqisign_rp2350_v3_d2_static.dir/Users/hiro/workspace/sqisign/external/pico-sdk/lib/tinyusb/src/class/dfu/dfu_rt_device.c.o
LOAD CMakeFiles/sqisign_rp2350_v3_d2_static.dir/Users/hiro/workspace/sqisign/external/pico-sdk/lib/tinyusb/src/class/hid/hid_device.c.o
LOAD CMakeFiles/sqisign_rp2350_v3_d2_static.dir/Users/hiro/workspace/sqisign/external/pico-sdk/lib/tinyusb/src/class/midi/midi_device.c.o
LOAD CMakeFiles/sqisign_rp2350_v3_d2_static.dir/Users/hiro/workspace/sqisign/external/pico-sdk/lib/tinyusb/src/class/msc/msc_device.c.o
LOAD CMakeFiles/sqisign_rp2350_v3_d2_static.dir/Users/hiro/workspace/sqisign/external/pico-sdk/lib/tinyusb/src/class/net/ecm_rndis_device.c.o
LOAD CMakeFiles/sqisign_rp2350_v3_d2_static.dir/Users/hiro/workspace/sqisign/external/pico-sdk/lib/tinyusb/src/class/net/ncm_device.c.o
LOAD CMakeFiles/sqisign_rp2350_v3_d2_static.dir/Users/hiro/workspace/sqisign/external/pico-sdk/lib/tinyusb/src/class/usbtmc/usbtmc_device.c.o
LOAD CMakeFiles/sqisign_rp2350_v3_d2_static.dir/Users/hiro/workspace/sqisign/external/pico-sdk/lib/tinyusb/src/class/vendor/vendor_device.c.o
LOAD CMakeFiles/sqisign_rp2350_v3_d2_static.dir/Users/hiro/workspace/sqisign/external/pico-sdk/lib/tinyusb/src/class/video/video_device.c.o
LOAD CMakeFiles/sqisign_rp2350_v3_d2_static.dir/Users/hiro/workspace/sqisign/external/pico-sdk/lib/tinyusb/src/tusb.c.o
LOAD CMakeFiles/sqisign_rp2350_v3_d2_static.dir/Users/hiro/workspace/sqisign/external/pico-sdk/lib/tinyusb/src/common/tusb_fifo.c.o
LOAD CMakeFiles/sqisign_rp2350_v3_d2_static.dir/Users/hiro/workspace/sqisign/external/pico-sdk/src/rp2_common/pico_fix/rp2040_usb_device_enumeration/rp2040_usb_device_enumeration.c.o
LOAD CMakeFiles/sqisign_rp2350_v3_d2_static.dir/Users/hiro/workspace/sqisign/external/pico-sdk/src/rp2_common/pico_thread_local/thread_local.c.o
LOAD pico-sdk/src/rp2350/boot_stage2/CMakeFiles/bs2_default_library.dir/./bs2_default_padded.S.o
LOAD libsqisign_v3_p324_3_m4f.a
LOAD /Users/hiro/workspace/raspico2/arm-gnu-toolchain-extracted/bin/../lib/gcc/arm-none-eabi/15.2.1/../../../../arm-none-eabi/lib/thumb/v8-m.main+fp/softfp/libstdc++.a
LOAD /Users/hiro/workspace/raspico2/arm-gnu-toolchain-extracted/bin/../lib/gcc/arm-none-eabi/15.2.1/../../../../arm-none-eabi/lib/thumb/v8-m.main+fp/softfp/libm.a
START GROUP
LOAD /Users/hiro/workspace/raspico2/arm-gnu-toolchain-extracted/bin/../lib/gcc/arm-none-eabi/15.2.1/thumb/v8-m.main+fp/softfp/libgcc.a
LOAD /Users/hiro/workspace/raspico2/arm-gnu-toolchain-extracted/bin/../lib/gcc/arm-none-eabi/15.2.1/../../../../arm-none-eabi/lib/thumb/v8-m.main+fp/softfp/libg.a
LOAD /Users/hiro/workspace/raspico2/arm-gnu-toolchain-extracted/bin/../lib/gcc/arm-none-eabi/15.2.1/../../../../arm-none-eabi/lib/thumb/v8-m.main+fp/softfp/libc.a
END GROUP
                0x20000000                        PROVIDE (RAM_ORIGIN = RAM_ORIGIN_DEFAULT)
                0x00080000                        PROVIDE (RAM_LENGTH = RAM_LENGTH_DEFAULT)
                0x20080000                        PROVIDE (SCRATCH_X_ORIGIN = SCRATCH_X_ORIGIN_DEFAULT)
                0x00001000                        PROVIDE (SCRATCH_X_LENGTH = SCRATCH_X_LENGTH_DEFAULT)
                0x20081000                        PROVIDE (SCRATCH_Y_ORIGIN = SCRATCH_Y_ORIGIN_DEFAULT)
                0x00001000                        PROVIDE (SCRATCH_Y_LENGTH = SCRATCH_Y_LENGTH_DEFAULT)
                0x13ffc000                        PROVIDE (XIP_RAM_ORIGIN = XIP_RAM_ORIGIN_DEFAULT)
                0x00004000                        PROVIDE (XIP_RAM_LENGTH = XIP_RAM_LENGTH_DEFAULT)
                0x20000000                        RAM_ORIGIN = DEFINED (RAM_ORIGIN)?RAM_ORIGIN:RAM_ORIGIN_DEFAULT
                0x00080000                        RAM_LENGTH = DEFINED (RAM_LENGTH)?RAM_LENGTH:RAM_LENGTH_DEFAULT
                0x20080000                        SCRATCH_X_ORIGIN = DEFINED (SCRATCH_X_ORIGIN)?SCRATCH_X_ORIGIN:SCRATCH_X_ORIGIN_DEFAULT
                0x00001000                        SCRATCH_X_LENGTH = DEFINED (SCRATCH_X_LENGTH)?SCRATCH_X_LENGTH:SCRATCH_X_LENGTH_DEFAULT
                0x20081000                        SCRATCH_Y_ORIGIN = DEFINED (SCRATCH_Y_ORIGIN)?SCRATCH_Y_ORIGIN:SCRATCH_Y_ORIGIN_DEFAULT
                0x00001000                        SCRATCH_Y_LENGTH = DEFINED (SCRATCH_Y_LENGTH)?SCRATCH_Y_LENGTH:SCRATCH_Y_LENGTH_DEFAULT
                0x13ffc000                        XIP_RAM_ORIGIN = DEFINED (XIP_RAM_ORIGIN)?XIP_RAM_ORIGIN:XIP_RAM_ORIGIN_DEFAULT
                0x00004000                        XIP_RAM_LENGTH = DEFINED (XIP_RAM_LENGTH)?XIP_RAM_LENGTH:XIP_RAM_LENGTH_DEFAULT

.flash_begin    0x10000000        0x0
                0x10000000                        __flash_binary_start = .

.text           0x10000000    0x2eb8c
                0x10000000                        __logical_binary_start = .
 *(.vectors)
 .vectors       0x10000000      0x124 CMakeFiles/sqisign_rp2350_v3_d2_static.dir/Users/hiro/workspace/sqisign/external/pico-sdk/src/rp2_common/pico_crt0/crt0.S.o
                0x10000000                __VECTOR_TABLE
                0x10000000                __vectors
                0x10000110                __unhandled_user_irq
                0x10000110                isr_irq49
                0x10000110                isr_irq13
                0x10000110                isr_irq43
                0x10000110                isr_irq45
                0x10000110                isr_irq27
                0x10000110                isr_irq32
                0x10000110                isr_irq31
                0x10000110                isr_irq5
                0x10000110                isr_irq11
                0x10000110                isr_irq23
                0x10000110                isr_usagefault
                0x10000110                isr_irq48
                0x10000110                isr_irq35
                0x10000110                isr_irq18
                0x10000110                isr_irq50
                0x10000110                isr_irq9
                0x10000110                isr_irq30
                0x10000110                isr_irq16
                0x10000110                isr_irq44
                0x10000110                isr_irq29
                0x10000110                isr_irq26
                0x10000110                isr_irq33
                0x10000110                isr_irq3
                0x10000110                isr_irq12
                0x10000110                isr_securefault
                0x10000110                isr_irq40
                0x10000110                isr_irq28
                0x10000110                isr_irq19
                0x10000110                isr_irq36
                0x10000110                isr_irq41
                0x10000110                isr_irq0
                0x10000110                isr_irq6
                0x10000110                isr_memmanage
                0x10000110                isr_irq37
                0x10000110                isr_irq42
                0x10000110                isr_irq22
                0x10000110                isr_irq17
                0x10000110                isr_irq38
                0x10000110                isr_irq14
                0x10000110                __vectors_end
                0x10000110                __default_isrs_start
                0x10000110                isr_irq2
                0x10000110                isr_irq10
                0x10000110                isr_irq8
                0x10000110                isr_debugmonitor
                0x10000110                isr_irq24
                0x10000110                isr_irq46
                0x10000110                isr_irq1
                0x10000110                isr_irq47
                0x10000110                isr_irq51
                0x10000110                isr_irq7
                0x10000110                isr_irq21
                0x10000110                isr_irq39
                0x10000110                isr_irq20
                0x10000110                isr_irq15
                0x10000110                isr_irq25
                0x10000110                isr_irq34
                0x10000110                isr_irq4
                0x10000110                isr_busfault
                0x10000116                unhandled_user_irq_num_in_r0
                0x10000118                isr_invalid
                0x1000011a                isr_nmi
                0x1000011c                isr_hardfault
                0x1000011e                isr_svcall
                0x10000120                isr_pendsv
                0x10000122                isr_systick
                0x10000124                __default_isrs_end
 *(.binary_info_header)
 .binary_info_header
                0x10000124       0x14 CMakeFiles/sqisign_rp2350_v3_d2_static.dir/Users/hiro/workspace/sqisign/external/pico-sdk/src/rp2_common/pico_crt0/crt0.S.o
                0x10000138                        __binary_info_header_end = .
 *(.embedded_block)
 .embedded_block
                0x10000138       0x14 CMakeFiles/sqisign_rp2350_v3_d2_static.dir/Users/hiro/workspace/sqisign/external/pico-sdk/src/rp2_common/pico_crt0/crt0.S.o
                0x1000014c                        __embedded_block_end = .
 *(.reset)
 .reset         0x1000014c       0x94 CMakeFiles/sqisign_rp2350_v3_d2_static.dir/Users/hiro/workspace/sqisign/external/pico-sdk/src/rp2_common/pico_crt0/crt0.S.o
                0x1000014c                _entry_point
 *(.init)
 SORT_BY_NAME(REVERSE(*libgcc.a:cmse_nonsecure_call.o))()
 *(EXCLUDE_FILE(*libm.a: *lib*_a-mem*.o *libc.a: *libgcc.a:) .text*)
 .text          0x100001e0       0x40 CMakeFiles/sqisign_rp2350_v3_d2_static.dir/private/tmp/tinysqisign-d2-clean.Lmrg63/firmware/src/platform/rp2350/call_on_psp.S.o
                0x100001e0                sqisign_call_on_psp
 .text.unlikely.sqisign_allocator_violation
                0x10000220       0x10 CMakeFiles/sqisign_rp2350_v3_d2_static.dir/allocator_traps.c.o
                0x10000220                sqisign_allocator_violation
 .text.unlikely._malloc_r
                0x10000230        0x6 CMakeFiles/sqisign_rp2350_v3_d2_static.dir/allocator_traps.c.o
                0x10000230                _malloc_r
 .text.unlikely._realloc_r
                0x10000236        0x6 CMakeFiles/sqisign_rp2350_v3_d2_static.dir/allocator_traps.c.o
                0x10000236                _realloc_r
 .text.unlikely._free_r
                0x1000023c        0x6 CMakeFiles/sqisign_rp2350_v3_d2_static.dir/allocator_traps.c.o
                0x1000023c                _free_r
 *fill*         0x10000242        0x2 
 .text.verify_thunk
                0x10000244       0x34 CMakeFiles/sqisign_rp2350_v3_d2_static.dir/v3_ksv_kat.c.o
 .text.sign_thunk
                0x10000278       0x2c CMakeFiles/sqisign_rp2350_v3_d2_static.dir/v3_ksv_kat.c.o
 .text.keygen_thunk
                0x100002a4       0x10 CMakeFiles/sqisign_rp2350_v3_d2_static.dir/v3_ksv_kat.c.o
 .text.decode_hex
                0x100002b4       0xc8 CMakeFiles/sqisign_rp2350_v3_d2_static.dir/v3_ksv_kat.c.o
 .text.startup.main
                0x1000037c      0x578 CMakeFiles/sqisign_rp2350_v3_d2_static.dir/v3_ksv_kat.c.o
                0x1000037c                main
 .text.clock_configure_undivided
                0x100008f4       0xdc CMakeFiles/sqisign_rp2350_v3_d2_static.dir/Users/hiro/workspace/sqisign/external/pico-sdk/src/rp2_common/hardware_clocks/clocks.c.o
                0x100008f4                clock_configure_undivided
 .text.clock_get_hz
                0x100009d0        0xc CMakeFiles/sqisign_rp2350_v3_d2_static.dir/Users/hiro/workspace/sqisign/external/pico-sdk/src/rp2_common/hardware_clocks/clocks.c.o
                0x100009d0                clock_get_hz
 .text.panic    0x100009dc       0x30 CMakeFiles/sqisign_rp2350_v3_d2_static.dir/Users/hiro/workspace/sqisign/external/pico-sdk/src/rp2_common/pico_platform_panic/panic.c.o
                0x100009dc                panic
 .text.hw_claim_or_assert
                0x10000a0c       0x58 CMakeFiles/sqisign_rp2350_v3_d2_static.dir/Users/hiro/workspace/sqisign/external/pico-sdk/src/common/hardware_claim/claim.c.o
                0x10000a0c                hw_claim_or_assert
 .text.hw_claim_unused_from_range
                0x10000a64       0x84 CMakeFiles/sqisign_rp2350_v3_d2_static.dir/Users/hiro/workspace/sqisign/external/pico-sdk/src/common/hardware_claim/claim.c.o
                0x10000a64                hw_claim_unused_from_range
 .text.next_striped_spin_lock_num
                0x10000ae8       0x18 CMakeFiles/sqisign_rp2350_v3_d2_static.dir/Users/hiro/workspace/sqisign/external/pico-sdk/src/rp2_common/hardware_sync/sync.c.o
                0x10000ae8                next_striped_spin_lock_num
 .text.spin_lock_claim_unused
                0x10000b00       0x24 CMakeFiles/sqisign_rp2350_v3_d2_static.dir/Users/hiro/workspace/sqisign/external/pico-sdk/src/rp2_common/hardware_sync/sync.c.o
                0x10000b00                spin_lock_claim_unused
 .text.spinlock_set_extexclall
                0x10000b24       0x10 CMakeFiles/sqisign_rp2350_v3_d2_static.dir/Users/hiro/workspace/sqisign/external/pico-sdk/src/rp2_common/hardware_sync_spin_lock/sync_spin_lock.c.o
 .text.spin_locks_reset
                0x10000b34       0x18 CMakeFiles/sqisign_rp2350_v3_d2_static.dir/Users/hiro/workspace/sqisign/external/pico-sdk/src/rp2_common/hardware_sync_spin_lock/sync_spin_lock.c.o
                0x10000b34                spin_locks_reset
 .text.runtime_init_per_core_irq_priorities
                0x10000b4c       0x40 CMakeFiles/sqisign_rp2350_v3_d2_static.dir/Users/hiro/workspace/sqisign/external/pico-sdk/src/rp2_common/hardware_irq/irq.c.o
                0x10000b4c                runtime_init_per_core_irq_priorities
 .text.irq_set_enabled
                0x10000b8c       0x2c CMakeFiles/sqisign_rp2350_v3_d2_static.dir/Users/hiro/workspace/sqisign/external/pico-sdk/src/rp2_common/hardware_irq/irq.c.o
                0x10000b8c                irq_set_enabled
 .text.irq_is_enabled
                0x10000bb8       0x20 CMakeFiles/sqisign_rp2350_v3_d2_static.dir/Users/hiro/workspace/sqisign/external/pico-sdk/src/rp2_common/hardware_irq/irq.c.o
                0x10000bb8                irq_is_enabled
 .text.irq_set_pending
                0x10000bd8       0x18 CMakeFiles/sqisign_rp2350_v3_d2_static.dir/Users/hiro/workspace/sqisign/external/pico-sdk/src/rp2_common/hardware_irq/irq.c.o
                0x10000bd8                irq_set_pending
 .text.irq_has_shared_handler
                0x10000bf0       0x20 CMakeFiles/sqisign_rp2350_v3_d2_static.dir/Users/hiro/workspace/sqisign/external/pico-sdk/src/rp2_common/hardware_irq/irq.c.o
                0x10000bf0                irq_has_shared_handler
 .text.irq_set_exclusive_handler
                0x10000c10       0x64 CMakeFiles/sqisign_rp2350_v3_d2_static.dir/Users/hiro/workspace/sqisign/external/pico-sdk/src/rp2_common/hardware_irq/irq.c.o
                0x10000c10                irq_set_exclusive_handler
 .text.irq_add_shared_handler
                0x10000c74      0x1c4 CMakeFiles/sqisign_rp2350_v3_d2_static.dir/Users/hiro/workspace/sqisign/external/pico-sdk/src/rp2_common/hardware_irq/irq.c.o
                0x10000c74                irq_add_shared_handler
 .text.irq_add_tail_to_free_list
                0x10000e38       0xe4 CMakeFiles/sqisign_rp2350_v3_d2_static.dir/Users/hiro/workspace/sqisign/external/pico-sdk/src/rp2_common/hardware_irq/irq.c.o
                0x10000e38                irq_add_tail_to_free_list
 .text.user_irq_claim_unused
                0x10000f1c       0x2c CMakeFiles/sqisign_rp2350_v3_d2_static.dir/Users/hiro/workspace/sqisign/external/pico-sdk/src/rp2_common/hardware_irq/irq.c.o
                0x10000f1c                user_irq_claim_unused
 .text.lock_init
                0x10000f48        0xc CMakeFiles/sqisign_rp2350_v3_d2_static.dir/Users/hiro/workspace/sqisign/external/pico-sdk/src/common/pico_sync/lock_core.c.o
                0x10000f48                lock_init
 .text.runtime_init_mutex
                0x10000f54       0x4c CMakeFiles/sqisign_rp2350_v3_d2_static.dir/Users/hiro/workspace/sqisign/external/pico-sdk/src/common/pico_sync/mutex.c.o
                0x10000f54                runtime_init_mutex
 .text.mutex_init
                0x10000fa0       0x1c CMakeFiles/sqisign_rp2350_v3_d2_static.dir/Users/hiro/workspace/sqisign/external/pico-sdk/src/common/pico_sync/mutex.c.o
                0x10000fa0                mutex_init
 .text.critical_section_init
                0x10000fbc       0x1c CMakeFiles/sqisign_rp2350_v3_d2_static.dir/Users/hiro/workspace/sqisign/external/pico-sdk/src/common/pico_sync/critical_section.c.o
                0x10000fbc                critical_section_init
 .text.critical_section_init_with_lock_num
                0x10000fd8       0x10 CMakeFiles/sqisign_rp2350_v3_d2_static.dir/Users/hiro/workspace/sqisign/external/pico-sdk/src/common/pico_sync/critical_section.c.o
                0x10000fd8                critical_section_init_with_lock_num
 .text.sleep_until_callback
                0x10000fe8       0x4c CMakeFiles/sqisign_rp2350_v3_d2_static.dir/Users/hiro/workspace/sqisign/external/pico-sdk/src/common/pico_time/time.c.o
 *fill*         0x10001034        0x4 
 .text.alarm_pool_irq_handler
                0x10001038      0x2ec CMakeFiles/sqisign_rp2350_v3_d2_static.dir/Users/hiro/workspace/sqisign/external/pico-sdk/src/common/pico_time/time.c.o
 .text.runtime_init_default_alarm_pool
                0x10001324      0x104 CMakeFiles/sqisign_rp2350_v3_d2_static.dir/Users/hiro/workspace/sqisign/external/pico-sdk/src/common/pico_time/time.c.o
                0x10001324                runtime_init_default_alarm_pool
 .text.alarm_pool_get_default
                0x10001428        0x8 CMakeFiles/sqisign_rp2350_v3_d2_static.dir/Users/hiro/workspace/sqisign/external/pico-sdk/src/common/pico_time/time.c.o
                0x10001428                alarm_pool_get_default
 .text.alarm_pool_add_alarm_at
                0x10001430       0xe4 CMakeFiles/sqisign_rp2350_v3_d2_static.dir/Users/hiro/workspace/sqisign/external/pico-sdk/src/common/pico_time/time.c.o
                0x10001430                alarm_pool_add_alarm_at
 .text.alarm_pool_add_alarm_at_force_in_context
                0x10001514       0xcc CMakeFiles/sqisign_rp2350_v3_d2_static.dir/Users/hiro/workspace/sqisign/external/pico-sdk/src/common/pico_time/time.c.o
                0x10001514                alarm_pool_add_alarm_at_force_in_context
 .text.alarm_pool_cancel_alarm
                0x100015e0       0x84 CMakeFiles/sqisign_rp2350_v3_d2_static.dir/Users/hiro/workspace/sqisign/external/pico-sdk/src/common/pico_time/time.c.o
                0x100015e0                alarm_pool_cancel_alarm
 .text.alarm_pool_core_num
                0x10001664        0x4 CMakeFiles/sqisign_rp2350_v3_d2_static.dir/Users/hiro/workspace/sqisign/external/pico-sdk/src/common/pico_time/time.c.o
                0x10001664                alarm_pool_core_num
 .text.sleep_ms
                0x10001668       0xf8 CMakeFiles/sqisign_rp2350_v3_d2_static.dir/Users/hiro/workspace/sqisign/external/pico-sdk/src/common/pico_time/time.c.o
                0x10001668                sleep_ms
 .text.best_effort_wfe_or_timeout
                0x10001760      0x12c CMakeFiles/sqisign_rp2350_v3_d2_static.dir/Users/hiro/workspace/sqisign/external/pico-sdk/src/common/pico_time/time.c.o
                0x10001760                best_effort_wfe_or_timeout
 .text.timer_hardware_alarm_claim
                0x1000188c       0x24 CMakeFiles/sqisign_rp2350_v3_d2_static.dir/Users/hiro/workspace/sqisign/external/pico-sdk/src/rp2_common/hardware_timer/timer.c.o
                0x1000188c                timer_hardware_alarm_claim
 .text.timer_time_us_64
                0x100018b0       0x10 CMakeFiles/sqisign_rp2350_v3_d2_static.dir/Users/hiro/workspace/sqisign/external/pico-sdk/src/rp2_common/hardware_timer/timer.c.o
                0x100018b0                timer_time_us_64
 .text.time_us_64
                0x100018c0       0x14 CMakeFiles/sqisign_rp2350_v3_d2_static.dir/Users/hiro/workspace/sqisign/external/pico-sdk/src/rp2_common/hardware_timer/timer.c.o
                0x100018c0                time_us_64
 .text.busy_wait_us
                0x100018d4       0x60 CMakeFiles/sqisign_rp2350_v3_d2_static.dir/Users/hiro/workspace/sqisign/external/pico-sdk/src/rp2_common/hardware_timer/timer.c.o
                0x100018d4                busy_wait_us
 .text.busy_wait_until
                0x10001934       0x24 CMakeFiles/sqisign_rp2350_v3_d2_static.dir/Users/hiro/workspace/sqisign/external/pico-sdk/src/rp2_common/hardware_timer/timer.c.o
                0x10001934                busy_wait_until
 .text.pll_init
                0x10001958       0x90 CMakeFiles/sqisign_rp2350_v3_d2_static.dir/Users/hiro/workspace/sqisign/external/pico-sdk/src/rp2_common/hardware_pll/pll.c.o
                0x10001958                pll_init
 .text.watchdog_reboot
                0x100019e8       0xac CMakeFiles/sqisign_rp2350_v3_d2_static.dir/Users/hiro/workspace/sqisign/external/pico-sdk/src/rp2_common/hardware_watchdog/watchdog.c.o
                0x100019e8                watchdog_reboot
 .text.tick_start
                0x10001a94       0x18 CMakeFiles/sqisign_rp2350_v3_d2_static.dir/Users/hiro/workspace/sqisign/external/pico-sdk/src/rp2_common/hardware_ticks/ticks.c.o
                0x10001a94                tick_start
 .text.rom_reboot.constprop.0.isra.0
                0x10001aac       0x3c CMakeFiles/sqisign_rp2350_v3_d2_static.dir/Users/hiro/workspace/sqisign/external/pico-sdk/src/rp2_common/pico_bootrom/bootrom.c.o
 .text.rom_func_lookup
                0x10001ae8       0x18 CMakeFiles/sqisign_rp2350_v3_d2_static.dir/Users/hiro/workspace/sqisign/external/pico-sdk/src/rp2_common/pico_bootrom/bootrom.c.o
                0x10001ae8                rom_func_lookup
 .text.rom_reset_usb_boot_extra
                0x10001b00       0x34 CMakeFiles/sqisign_rp2350_v3_d2_static.dir/Users/hiro/workspace/sqisign/external/pico-sdk/src/rp2_common/pico_bootrom/bootrom.c.o
                0x10001b00                rom_reset_usb_boot_extra
 .text.runtime_init_bootrom_locking_enable
                0x10001b34       0x14 CMakeFiles/sqisign_rp2350_v3_d2_static.dir/Users/hiro/workspace/sqisign/external/pico-sdk/src/rp2_common/pico_bootrom/bootrom_lock.c.o
                0x10001b34                runtime_init_bootrom_locking_enable
 .text.runtime_init_boot_locks_reset
                0x10001b48       0x1c CMakeFiles/sqisign_rp2350_v3_d2_static.dir/Users/hiro/workspace/sqisign/external/pico-sdk/src/rp2_common/hardware_boot_lock/boot_lock.c.o
                0x10001b48                runtime_init_boot_locks_reset
 .text.xosc_init
                0x10001b64       0x2c CMakeFiles/sqisign_rp2350_v3_d2_static.dir/Users/hiro/workspace/sqisign/external/pico-sdk/src/rp2_common/hardware_xosc/xosc.c.o
                0x10001b64                xosc_init
 .text.first_per_core_initializer
                0x10001b90        0x4 CMakeFiles/sqisign_rp2350_v3_d2_static.dir/Users/hiro/workspace/sqisign/external/pico-sdk/src/rp2_common/pico_runtime/runtime.c.o
 .text.hard_assertion_failure
                0x10001b94        0xc CMakeFiles/sqisign_rp2350_v3_d2_static.dir/Users/hiro/workspace/sqisign/external/pico-sdk/src/rp2_common/pico_runtime/runtime.c.o
                0x10001b94                hard_assertion_failure
 .text.runtime_run_initializers
                0x10001ba0       0x20 CMakeFiles/sqisign_rp2350_v3_d2_static.dir/Users/hiro/workspace/sqisign/external/pico-sdk/src/rp2_common/pico_runtime/runtime.c.o
                0x10001ba0                runtime_run_initializers
 .text.runtime_init_early_resets
                0x10001bc0       0x30 CMakeFiles/sqisign_rp2350_v3_d2_static.dir/Users/hiro/workspace/sqisign/external/pico-sdk/src/rp2_common/pico_runtime_init/runtime_init.c.o
                0x10001bc0                runtime_init_early_resets
 .text.runtime_init_usb_power_down
                0x10001bf0       0x1c CMakeFiles/sqisign_rp2350_v3_d2_static.dir/Users/hiro/workspace/sqisign/external/pico-sdk/src/rp2_common/pico_runtime_init/runtime_init.c.o
                0x10001bf0                runtime_init_usb_power_down
 .text.runtime_init_per_core_enable_coprocessors
                0x10001c0c       0x1c CMakeFiles/sqisign_rp2350_v3_d2_static.dir/Users/hiro/workspace/sqisign/external/pico-sdk/src/rp2_common/pico_runtime_init/runtime_init.c.o
                0x10001c0c                runtime_init_per_core_enable_coprocessors
 .text.runtime_init_post_clock_resets
                0x10001c28       0x20 CMakeFiles/sqisign_rp2350_v3_d2_static.dir/Users/hiro/workspace/sqisign/external/pico-sdk/src/rp2_common/pico_runtime_init/runtime_init.c.o
                0x10001c28                runtime_init_post_clock_resets
 .text.runtime_init_bootrom_reset
                0x10001c48       0x14 CMakeFiles/sqisign_rp2350_v3_d2_static.dir/Users/hiro/workspace/sqisign/external/pico-sdk/src/rp2_common/pico_runtime_init/runtime_init.c.o
                0x10001c48                runtime_init_bootrom_reset
 .text.runtime_init_per_core_bootrom_reset
                0x10001c5c       0x14 CMakeFiles/sqisign_rp2350_v3_d2_static.dir/Users/hiro/workspace/sqisign/external/pico-sdk/src/rp2_common/pico_runtime_init/runtime_init.c.o
                0x10001c5c                runtime_init_per_core_bootrom_reset
 .text.runtime_init_spin_locks_reset
                0x10001c70        0x4 CMakeFiles/sqisign_rp2350_v3_d2_static.dir/Users/hiro/workspace/sqisign/external/pico-sdk/src/rp2_common/pico_runtime_init/runtime_init.c.o
                0x10001c70                runtime_init_spin_locks_reset
 .text.runtime_init_install_ram_vector_table
                0x10001c74       0x64 CMakeFiles/sqisign_rp2350_v3_d2_static.dir/Users/hiro/workspace/sqisign/external/pico-sdk/src/rp2_common/pico_runtime_init/runtime_init.c.o
                0x10001c74                runtime_init_install_ram_vector_table
 .text.runtime_init_clocks
                0x10001cd8       0xdc CMakeFiles/sqisign_rp2350_v3_d2_static.dir/Users/hiro/workspace/sqisign/external/pico-sdk/src/rp2_common/pico_runtime_init/runtime_init_clocks.c.o
                0x10001cd8                runtime_init_clocks
 .text.__rp2350_dcp_engaged_state_save_restore
                0x10001db4       0x3a CMakeFiles/sqisign_rp2350_v3_d2_static.dir/Users/hiro/workspace/sqisign/external/pico-sdk/src/rp2_common/pico_double/double_aeabi_dcp.S.o
 *fill*         0x10001dee        0x2 
 .text.__wrap___aeabi_dadd
                0x10001df0       0x28 CMakeFiles/sqisign_rp2350_v3_d2_static.dir/Users/hiro/workspace/sqisign/external/pico-sdk/src/rp2_common/pico_double/double_aeabi_dcp.S.o
                0x10001df8                __wrap___aeabi_dadd
 .text.__wrap___aeabi_dsub
                0x10001e18       0x28 CMakeFiles/sqisign_rp2350_v3_d2_static.dir/Users/hiro/workspace/sqisign/external/pico-sdk/src/rp2_common/pico_double/double_aeabi_dcp.S.o
                0x10001e20                __wrap___aeabi_dsub
 .text.__wrap___aeabi_dmul
                0x10001e40       0x48 CMakeFiles/sqisign_rp2350_v3_d2_static.dir/Users/hiro/workspace/sqisign/external/pico-sdk/src/rp2_common/pico_double/double_aeabi_dcp.S.o
                0x10001e48                __wrap___aeabi_dmul
 .text.__wrap___aeabi_ddiv
                0x10001e88       0x9c CMakeFiles/sqisign_rp2350_v3_d2_static.dir/Users/hiro/workspace/sqisign/external/pico-sdk/src/rp2_common/pico_double/double_aeabi_dcp.S.o
                0x10001e90                __wrap___aeabi_ddiv
 .text.__wrap___aeabi_i2d
                0x10001f24       0x24 CMakeFiles/sqisign_rp2350_v3_d2_static.dir/Users/hiro/workspace/sqisign/external/pico-sdk/src/rp2_common/pico_double/double_aeabi_dcp.S.o
                0x10001f2c                __wrap___aeabi_i2d
                0x10001f2c                int2double
 .text.__wrap___aeabi_ui2d
                0x10001f48       0x24 CMakeFiles/sqisign_rp2350_v3_d2_static.dir/Users/hiro/workspace/sqisign/external/pico-sdk/src/rp2_common/pico_double/double_aeabi_dcp.S.o
                0x10001f50                __wrap___aeabi_ui2d
                0x10001f50                uint2double
 .text.__wrap___aeabi_d2iz
                0x10001f6c       0x24 CMakeFiles/sqisign_rp2350_v3_d2_static.dir/Users/hiro/workspace/sqisign/external/pico-sdk/src/rp2_common/pico_double/double_aeabi_dcp.S.o
                0x10001f74                __wrap___aeabi_d2iz
                0x10001f74                double2int_z
 .text.__wrap___aeabi_d2uiz
                0x10001f90       0x24 CMakeFiles/sqisign_rp2350_v3_d2_static.dir/Users/hiro/workspace/sqisign/external/pico-sdk/src/rp2_common/pico_double/double_aeabi_dcp.S.o
                0x10001f98                double2uint_z
                0x10001f98                double2uint
                0x10001f98                __wrap___aeabi_d2uiz
 .text.__wrap___aeabi_dcmpun
                0x10001fb4       0x24 CMakeFiles/sqisign_rp2350_v3_d2_static.dir/Users/hiro/workspace/sqisign/external/pico-sdk/src/rp2_common/pico_double/double_aeabi_dcp.S.o
                0x10001fbc                __wrap___aeabi_dcmpun
 .text.__wrap___aeabi_dcmplt
                0x10001fd8       0x28 CMakeFiles/sqisign_rp2350_v3_d2_static.dir/Users/hiro/workspace/sqisign/external/pico-sdk/src/rp2_common/pico_double/double_aeabi_dcp.S.o
                0x10001fe0                __wrap___aeabi_dcmplt
 .text.__wrap___aeabi_dcmple
                0x10002000       0x28 CMakeFiles/sqisign_rp2350_v3_d2_static.dir/Users/hiro/workspace/sqisign/external/pico-sdk/src/rp2_common/pico_double/double_aeabi_dcp.S.o
                0x10002008                __wrap___aeabi_dcmple
 .text.__wrap___aeabi_dcmpge
                0x10002028       0x28 CMakeFiles/sqisign_rp2350_v3_d2_static.dir/Users/hiro/workspace/sqisign/external/pico-sdk/src/rp2_common/pico_double/double_aeabi_dcp.S.o
                0x10002030                __wrap___aeabi_dcmpge
 .text.__wrap___aeabi_dcmpgt
                0x10002050       0x28 CMakeFiles/sqisign_rp2350_v3_d2_static.dir/Users/hiro/workspace/sqisign/external/pico-sdk/src/rp2_common/pico_double/double_aeabi_dcp.S.o
                0x10002058                __wrap___aeabi_dcmpgt
 .text._out_null
                0x10002078        0x4 CMakeFiles/sqisign_rp2350_v3_d2_static.dir/Users/hiro/workspace/sqisign/external/pico-sdk/src/rp2_common/pico_printf/printf.c.o
 .text._out_rev
                0x1000207c       0xa8 CMakeFiles/sqisign_rp2350_v3_d2_static.dir/Users/hiro/workspace/sqisign/external/pico-sdk/src/rp2_common/pico_printf/printf.c.o
 .text._ntoa_format
                0x10002124      0x1dc CMakeFiles/sqisign_rp2350_v3_d2_static.dir/Users/hiro/workspace/sqisign/external/pico-sdk/src/rp2_common/pico_printf/printf.c.o
 .text._out_char
                0x10002300        0x8 CMakeFiles/sqisign_rp2350_v3_d2_static.dir/Users/hiro/workspace/sqisign/external/pico-sdk/src/rp2_common/pico_printf/printf.c.o
 .text._out_fct
                0x10002308        0xc CMakeFiles/sqisign_rp2350_v3_d2_static.dir/Users/hiro/workspace/sqisign/external/pico-sdk/src/rp2_common/pico_printf/printf.c.o
 *fill*         0x10002314        0x4 
 .text._ftoa    0x10002318      0x494 CMakeFiles/sqisign_rp2350_v3_d2_static.dir/Users/hiro/workspace/sqisign/external/pico-sdk/src/rp2_common/pico_printf/printf.c.o
 *fill*         0x100027ac        0x4 
 .text._etoa    0x100027b0      0x584 CMakeFiles/sqisign_rp2350_v3_d2_static.dir/Users/hiro/workspace/sqisign/external/pico-sdk/src/rp2_common/pico_printf/printf.c.o
 .text._vsnprintf
                0x10002d34      0x9d8 CMakeFiles/sqisign_rp2350_v3_d2_static.dir/Users/hiro/workspace/sqisign/external/pico-sdk/src/rp2_common/pico_printf/printf.c.o
 .text.vfctprintf
                0x1000370c       0x24 CMakeFiles/sqisign_rp2350_v3_d2_static.dir/Users/hiro/workspace/sqisign/external/pico-sdk/src/rp2_common/pico_printf/printf.c.o
                0x1000370c                vfctprintf
 .text.weak_raw_vprintf
                0x10003730       0x30 CMakeFiles/sqisign_rp2350_v3_d2_static.dir/Users/hiro/workspace/sqisign/external/pico-sdk/src/rp2_common/pico_printf/printf.c.o
                0x10003730                weak_raw_vprintf
 .text._exit    0x10003760        0x4 CMakeFiles/sqisign_rp2350_v3_d2_static.dir/Users/hiro/workspace/sqisign/external/pico-sdk/src/rp2_common/pico_clib_interface/newlib_interface.c.o
                0x10003760                _exit
 .text._fini    0x10003764        0x4 CMakeFiles/sqisign_rp2350_v3_d2_static.dir/Users/hiro/workspace/sqisign/external/pico-sdk/src/rp2_common/pico_clib_interface/newlib_interface.c.o
                0x10003764                _fini
 .text._getpid  0x10003768        0x4 CMakeFiles/sqisign_rp2350_v3_d2_static.dir/Users/hiro/workspace/sqisign/external/pico-sdk/src/rp2_common/pico_clib_interface/newlib_interface.c.o
                0x10003768                _getpid
 .text._kill    0x1000376c        0x8 CMakeFiles/sqisign_rp2350_v3_d2_static.dir/Users/hiro/workspace/sqisign/external/pico-sdk/src/rp2_common/pico_clib_interface/newlib_interface.c.o
                0x1000376c                _kill
 .text._read    0x10003774       0x1c CMakeFiles/sqisign_rp2350_v3_d2_static.dir/Users/hiro/workspace/sqisign/external/pico-sdk/src/rp2_common/pico_clib_interface/newlib_interface.c.o
                0x10003774                _read
 .text._write   0x10003790       0x20 CMakeFiles/sqisign_rp2350_v3_d2_static.dir/Users/hiro/workspace/sqisign/external/pico-sdk/src/rp2_common/pico_clib_interface/newlib_interface.c.o
                0x10003790                _write
 .text._close   0x100037b0        0x8 CMakeFiles/sqisign_rp2350_v3_d2_static.dir/Users/hiro/workspace/sqisign/external/pico-sdk/src/rp2_common/pico_clib_interface/newlib_interface.c.o
                0x100037b0                _close
 .text._lseek   0x100037b8        0x8 CMakeFiles/sqisign_rp2350_v3_d2_static.dir/Users/hiro/workspace/sqisign/external/pico-sdk/src/rp2_common/pico_clib_interface/newlib_interface.c.o
                0x100037b8                _lseek
 .text._fstat   0x100037c0        0x8 CMakeFiles/sqisign_rp2350_v3_d2_static.dir/Users/hiro/workspace/sqisign/external/pico-sdk/src/rp2_common/pico_clib_interface/newlib_interface.c.o
                0x100037c0                _fstat
 .text._isatty  0x100037c8        0xc CMakeFiles/sqisign_rp2350_v3_d2_static.dir/Users/hiro/workspace/sqisign/external/pico-sdk/src/rp2_common/pico_clib_interface/newlib_interface.c.o
                0x100037c8                _isatty
 .text.exit     0x100037d4        0x8 CMakeFiles/sqisign_rp2350_v3_d2_static.dir/Users/hiro/workspace/sqisign/external/pico-sdk/src/rp2_common/pico_clib_interface/newlib_interface.c.o
                0x100037d4                exit
 .text.runtime_init
                0x100037dc       0x24 CMakeFiles/sqisign_rp2350_v3_d2_static.dir/Users/hiro/workspace/sqisign/external/pico-sdk/src/rp2_common/pico_clib_interface/newlib_interface.c.o
                0x100037dc                runtime_init
 .text.stdio_out_chars_no_crlf
                0x10003800        0x8 CMakeFiles/sqisign_rp2350_v3_d2_static.dir/Users/hiro/workspace/sqisign/external/pico-sdk/src/rp2_common/pico_stdio/stdio.c.o
 .text.stdio_out_chars_crlf
                0x10003808       0xc0 CMakeFiles/sqisign_rp2350_v3_d2_static.dir/Users/hiro/workspace/sqisign/external/pico-sdk/src/rp2_common/pico_stdio/stdio.c.o
 .text.stdio_buffered_printer
                0x100038c8       0x54 CMakeFiles/sqisign_rp2350_v3_d2_static.dir/Users/hiro/workspace/sqisign/external/pico-sdk/src/rp2_common/pico_stdio/stdio.c.o
 .text.stdio_put_string
                0x1000391c       0xec CMakeFiles/sqisign_rp2350_v3_d2_static.dir/Users/hiro/workspace/sqisign/external/pico-sdk/src/rp2_common/pico_stdio/stdio.c.o
                0x1000391c                stdio_put_string
 .text.stdio_get_until
                0x10003a08       0x70 CMakeFiles/sqisign_rp2350_v3_d2_static.dir/Users/hiro/workspace/sqisign/external/pico-sdk/src/rp2_common/pico_stdio/stdio.c.o
                0x10003a08                stdio_get_until
 .text.stdio_set_driver_enabled
                0x10003a78       0x28 CMakeFiles/sqisign_rp2350_v3_d2_static.dir/Users/hiro/workspace/sqisign/external/pico-sdk/src/rp2_common/pico_stdio/stdio.c.o
                0x10003a78                stdio_set_driver_enabled
 .text.stdio_flush
                0x10003aa0       0x24 CMakeFiles/sqisign_rp2350_v3_d2_static.dir/Users/hiro/workspace/sqisign/external/pico-sdk/src/rp2_common/pico_stdio/stdio.c.o
                0x10003aa0                stdio_flush
 .text.stdio_init_all
                0x10003ac4        0x4 CMakeFiles/sqisign_rp2350_v3_d2_static.dir/Users/hiro/workspace/sqisign/external/pico-sdk/src/rp2_common/pico_stdio/stdio.c.o
                0x10003ac4                stdio_init_all
 .text.__wrap_putchar
                0x10003ac8       0x84 CMakeFiles/sqisign_rp2350_v3_d2_static.dir/Users/hiro/workspace/sqisign/external/pico-sdk/src/rp2_common/pico_stdio/stdio.c.o
                0x10003ac8                stdio_putchar
                0x10003ac8                __wrap_putchar
 .text.__wrap_puts
                0x10003b4c       0x3c CMakeFiles/sqisign_rp2350_v3_d2_static.dir/Users/hiro/workspace/sqisign/external/pico-sdk/src/rp2_common/pico_stdio/stdio.c.o
                0x10003b4c                __wrap_puts
                0x10003b4c                stdio_puts
 .text.__wrap_vprintf
                0x10003b88       0xc0 CMakeFiles/sqisign_rp2350_v3_d2_static.dir/Users/hiro/workspace/sqisign/external/pico-sdk/src/rp2_common/pico_stdio/stdio.c.o
                0x10003b88                __wrap_vprintf
                0x10003b88                stdio_vprintf
 .text.__wrap_printf
                0x10003c48       0x1c CMakeFiles/sqisign_rp2350_v3_d2_static.dir/Users/hiro/workspace/sqisign/external/pico-sdk/src/rp2_common/pico_stdio/stdio.c.o
                0x10003c48                stdio_printf
                0x10003c48                __wrap_printf
 .text.stdio_usb_set_chars_available_callback
                0x10003c64       0x14 CMakeFiles/sqisign_rp2350_v3_d2_static.dir/Users/hiro/workspace/sqisign/external/pico-sdk/src/rp2_common/pico_stdio_usb/stdio_usb.c.o
                0x10003c64                stdio_usb_set_chars_available_callback
 .text.timer_task
                0x10003c78       0x70 CMakeFiles/sqisign_rp2350_v3_d2_static.dir/Users/hiro/workspace/sqisign/external/pico-sdk/src/rp2_common/pico_stdio_usb/stdio_usb.c.o
 .text.usb_irq  0x10003ce8        0xc CMakeFiles/sqisign_rp2350_v3_d2_static.dir/Users/hiro/workspace/sqisign/external/pico-sdk/src/rp2_common/pico_stdio_usb/stdio_usb.c.o
 .text.stdio_usb_in_chars
                0x10003cf4       0x88 CMakeFiles/sqisign_rp2350_v3_d2_static.dir/Users/hiro/workspace/sqisign/external/pico-sdk/src/rp2_common/pico_stdio_usb/stdio_usb.c.o
                0x10003cf4                stdio_usb_in_chars
 .text.stdio_usb_out_flush
                0x10003d7c       0x54 CMakeFiles/sqisign_rp2350_v3_d2_static.dir/Users/hiro/workspace/sqisign/external/pico-sdk/src/rp2_common/pico_stdio_usb/stdio_usb.c.o
 .text.stdio_usb_out_chars
                0x10003dd0       0xf0 CMakeFiles/sqisign_rp2350_v3_d2_static.dir/Users/hiro/workspace/sqisign/external/pico-sdk/src/rp2_common/pico_stdio_usb/stdio_usb.c.o
 .text.low_priority_worker_irq
                0x10003ec0       0xe8 CMakeFiles/sqisign_rp2350_v3_d2_static.dir/Users/hiro/workspace/sqisign/external/pico-sdk/src/rp2_common/pico_stdio_usb/stdio_usb.c.o
 .text.stdio_usb_init
                0x10003fa8       0xf0 CMakeFiles/sqisign_rp2350_v3_d2_static.dir/Users/hiro/workspace/sqisign/external/pico-sdk/src/rp2_common/pico_stdio_usb/stdio_usb.c.o
                0x10003fa8                stdio_usb_init
 .text.stdio_usb_connected
                0x10004098        0x8 CMakeFiles/sqisign_rp2350_v3_d2_static.dir/Users/hiro/workspace/sqisign/external/pico-sdk/src/rp2_common/pico_stdio_usb/stdio_usb.c.o
                0x10004098                stdio_usb_connected
 .text.tud_descriptor_device_cb
                0x100040a0        0x8 CMakeFiles/sqisign_rp2350_v3_d2_static.dir/Users/hiro/workspace/sqisign/external/pico-sdk/src/rp2_common/pico_stdio_usb/stdio_usb_descriptors.c.o
                0x100040a0                tud_descriptor_device_cb
 .text.tud_descriptor_configuration_cb
                0x100040a8        0x8 CMakeFiles/sqisign_rp2350_v3_d2_static.dir/Users/hiro/workspace/sqisign/external/pico-sdk/src/rp2_common/pico_stdio_usb/stdio_usb_descriptors.c.o
                0x100040a8                tud_descriptor_configuration_cb
 .text.tud_descriptor_string_cb
                0x100040b0       0x80 CMakeFiles/sqisign_rp2350_v3_d2_static.dir/Users/hiro/workspace/sqisign/external/pico-sdk/src/rp2_common/pico_stdio_usb/stdio_usb_descriptors.c.o
                0x100040b0                tud_descriptor_string_cb
 .text.startup._retrieve_unique_id_on_boot
                0x10004130       0x2c CMakeFiles/sqisign_rp2350_v3_d2_static.dir/Users/hiro/workspace/sqisign/external/pico-sdk/src/rp2_common/pico_unique_id/unique_id.c.o
 .text.pico_get_unique_board_id_string
                0x1000415c      0x190 CMakeFiles/sqisign_rp2350_v3_d2_static.dir/Users/hiro/workspace/sqisign/external/pico-sdk/src/rp2_common/pico_unique_id/unique_id.c.o
                0x1000415c                pico_get_unique_board_id_string
 .text.usb_reset_interface_init
                0x100042ec        0x4 CMakeFiles/sqisign_rp2350_v3_d2_static.dir/Users/hiro/workspace/sqisign/external/pico-sdk/src/rp2_common/pico_usb_reset/usb_reset.c.o
                0x100042ec                usb_reset_interface_init
 .text.usb_reset_interface_reset
                0x100042f0        0xc CMakeFiles/sqisign_rp2350_v3_d2_static.dir/Users/hiro/workspace/sqisign/external/pico-sdk/src/rp2_common/pico_usb_reset/usb_reset.c.o
                0x100042f0                usb_reset_interface_reset
 .text.usb_reset_interface_open
                0x100042fc       0x28 CMakeFiles/sqisign_rp2350_v3_d2_static.dir/Users/hiro/workspace/sqisign/external/pico-sdk/src/rp2_common/pico_usb_reset/usb_reset.c.o
                0x100042fc                usb_reset_interface_open
 .text.usb_reset_interface_xfer_cb
                0x10004324        0x4 CMakeFiles/sqisign_rp2350_v3_d2_static.dir/Users/hiro/workspace/sqisign/external/pico-sdk/src/rp2_common/pico_usb_reset/usb_reset.c.o
                0x10004324                usb_reset_interface_xfer_cb
 .text.usb_reset_interface_control_xfer_cb
                0x10004328       0x50 CMakeFiles/sqisign_rp2350_v3_d2_static.dir/Users/hiro/workspace/sqisign/external/pico-sdk/src/rp2_common/pico_usb_reset/usb_reset.c.o
                0x10004328                usb_reset_interface_control_xfer_cb
 .text.tud_descriptor_bos_cb
                0x10004378        0x8 CMakeFiles/sqisign_rp2350_v3_d2_static.dir/Users/hiro/workspace/sqisign/external/pico-sdk/src/rp2_common/pico_usb_reset/usb_reset.c.o
                0x10004378                tud_descriptor_bos_cb
 .text.tud_vendor_control_xfer_cb
                0x10004380       0x28 CMakeFiles/sqisign_rp2350_v3_d2_static.dir/Users/hiro/workspace/sqisign/external/pico-sdk/src/rp2_common/pico_usb_reset/usb_reset.c.o
                0x10004380                tud_vendor_control_xfer_cb
 .text.usbd_app_driver_get_cb
                0x100043a8       0x10 CMakeFiles/sqisign_rp2350_v3_d2_static.dir/Users/hiro/workspace/sqisign/external/pico-sdk/src/rp2_common/pico_usb_reset/usb_reset.c.o
                0x100043a8                usbd_app_driver_get_cb
 .text.tud_cdc_line_coding_cb
                0x100043b8       0x18 CMakeFiles/sqisign_rp2350_v3_d2_static.dir/Users/hiro/workspace/sqisign/external/pico-sdk/src/rp2_common/pico_usb_reset/usb_reset.c.o
                0x100043b8                tud_cdc_line_coding_cb
 .text.dcd_init
                0x100043d0       0x9c CMakeFiles/sqisign_rp2350_v3_d2_static.dir/Users/hiro/workspace/sqisign/external/pico-sdk/lib/tinyusb/src/portable/raspberrypi/rp2040/dcd_rp2040.c.o
                0x100043d0                dcd_init
 .text.dcd_int_enable
                0x1000446c        0x8 CMakeFiles/sqisign_rp2350_v3_d2_static.dir/Users/hiro/workspace/sqisign/external/pico-sdk/lib/tinyusb/src/portable/raspberrypi/rp2040/dcd_rp2040.c.o
                0x1000446c                dcd_int_enable
 .text.dcd_set_address
                0x10004474       0x10 CMakeFiles/sqisign_rp2350_v3_d2_static.dir/Users/hiro/workspace/sqisign/external/pico-sdk/lib/tinyusb/src/portable/raspberrypi/rp2040/dcd_rp2040.c.o
                0x10004474                dcd_set_address
 .text.dcd_sof_enable
                0x10004484       0x1c CMakeFiles/sqisign_rp2350_v3_d2_static.dir/Users/hiro/workspace/sqisign/external/pico-sdk/lib/tinyusb/src/portable/raspberrypi/rp2040/dcd_rp2040.c.o
                0x10004484                dcd_sof_enable
 .text.dcd_edpt0_status_complete
                0x100044a0       0x1c CMakeFiles/sqisign_rp2350_v3_d2_static.dir/Users/hiro/workspace/sqisign/external/pico-sdk/lib/tinyusb/src/portable/raspberrypi/rp2040/dcd_rp2040.c.o
                0x100044a0                dcd_edpt0_status_complete
 .text.dcd_edpt_open
                0x100044bc       0xf4 CMakeFiles/sqisign_rp2350_v3_d2_static.dir/Users/hiro/workspace/sqisign/external/pico-sdk/lib/tinyusb/src/portable/raspberrypi/rp2040/dcd_rp2040.c.o
                0x100044bc                dcd_edpt_open
 .text.dcd_edpt_close_all
                0x100045b0        0x4 CMakeFiles/sqisign_rp2350_v3_d2_static.dir/Users/hiro/workspace/sqisign/external/pico-sdk/lib/tinyusb/src/portable/raspberrypi/rp2040/dcd_rp2040.c.o
                0x100045b0                dcd_edpt_close_all
 .text.dcd_edpt_xfer
                0x100045b4       0x28 CMakeFiles/sqisign_rp2350_v3_d2_static.dir/Users/hiro/workspace/sqisign/external/pico-sdk/lib/tinyusb/src/portable/raspberrypi/rp2040/dcd_rp2040.c.o
                0x100045b4                dcd_edpt_xfer
 .text.dcd_edpt_stall
                0x100045dc       0x30 CMakeFiles/sqisign_rp2350_v3_d2_static.dir/Users/hiro/workspace/sqisign/external/pico-sdk/lib/tinyusb/src/portable/raspberrypi/rp2040/dcd_rp2040.c.o
                0x100045dc                dcd_edpt_stall
 .text.dcd_edpt_clear_stall
                0x1000460c       0x24 CMakeFiles/sqisign_rp2350_v3_d2_static.dir/Users/hiro/workspace/sqisign/external/pico-sdk/lib/tinyusb/src/portable/raspberrypi/rp2040/dcd_rp2040.c.o
                0x1000460c                dcd_edpt_clear_stall
 .text.rp2040_usb_init
                0x10004630       0x40 CMakeFiles/sqisign_rp2350_v3_d2_static.dir/Users/hiro/workspace/sqisign/external/pico-sdk/lib/tinyusb/src/portable/raspberrypi/rp2040/rp2040_usb.c.o
                0x10004630                rp2040_usb_init
 .text.hw_endpoint_xfer_start
                0x10004670       0x40 CMakeFiles/sqisign_rp2350_v3_d2_static.dir/Users/hiro/workspace/sqisign/external/pico-sdk/lib/tinyusb/src/portable/raspberrypi/rp2040/rp2040_usb.c.o
                0x10004670                hw_endpoint_xfer_start
 .text.configuration_reset
                0x100046b0       0x8c CMakeFiles/sqisign_rp2350_v3_d2_static.dir/Users/hiro/workspace/sqisign/external/pico-sdk/lib/tinyusb/src/device/usbd.c.o
 .text.tud_event_hook_cb
                0x1000473c        0x4 CMakeFiles/sqisign_rp2350_v3_d2_static.dir/Users/hiro/workspace/sqisign/external/pico-sdk/lib/tinyusb/src/device/usbd.c.o
                0x1000473c                tud_event_hook_cb
 .text.tud_sof_cb
                0x10004740        0x4 CMakeFiles/sqisign_rp2350_v3_d2_static.dir/Users/hiro/workspace/sqisign/external/pico-sdk/lib/tinyusb/src/device/usbd.c.o
                0x10004740                tud_sof_cb
 .text.tud_descriptor_device_qualifier_cb
                0x10004744        0x4 CMakeFiles/sqisign_rp2350_v3_d2_static.dir/Users/hiro/workspace/sqisign/external/pico-sdk/lib/tinyusb/src/device/usbd.c.o
                0x10004744                tud_descriptor_device_qualifier_cb
 .text.tud_descriptor_other_speed_configuration_cb
                0x10004748        0x4 CMakeFiles/sqisign_rp2350_v3_d2_static.dir/Users/hiro/workspace/sqisign/external/pico-sdk/lib/tinyusb/src/device/usbd.c.o
                0x10004748                tud_descriptor_other_speed_configuration_cb
 .text.tud_mount_cb
                0x1000474c        0x4 CMakeFiles/sqisign_rp2350_v3_d2_static.dir/Users/hiro/workspace/sqisign/external/pico-sdk/lib/tinyusb/src/device/usbd.c.o
                0x1000474c                tud_mount_cb
 .text.tud_umount_cb
                0x10004750        0x4 CMakeFiles/sqisign_rp2350_v3_d2_static.dir/Users/hiro/workspace/sqisign/external/pico-sdk/lib/tinyusb/src/device/usbd.c.o
                0x10004750                tud_umount_cb
 .text.tud_suspend_cb
                0x10004754        0x4 CMakeFiles/sqisign_rp2350_v3_d2_static.dir/Users/hiro/workspace/sqisign/external/pico-sdk/lib/tinyusb/src/device/usbd.c.o
                0x10004754                tud_suspend_cb
 .text.tud_resume_cb
                0x10004758        0x4 CMakeFiles/sqisign_rp2350_v3_d2_static.dir/Users/hiro/workspace/sqisign/external/pico-sdk/lib/tinyusb/src/device/usbd.c.o
                0x10004758                tud_resume_cb
 .text.tud_mounted
                0x1000475c       0x10 CMakeFiles/sqisign_rp2350_v3_d2_static.dir/Users/hiro/workspace/sqisign/external/pico-sdk/lib/tinyusb/src/device/usbd.c.o
                0x1000475c                tud_mounted
 .text.tud_suspended
                0x1000476c       0x10 CMakeFiles/sqisign_rp2350_v3_d2_static.dir/Users/hiro/workspace/sqisign/external/pico-sdk/lib/tinyusb/src/device/usbd.c.o
                0x1000476c                tud_suspended
 .text.tud_rhport_init
                0x1000477c       0xec CMakeFiles/sqisign_rp2350_v3_d2_static.dir/Users/hiro/workspace/sqisign/external/pico-sdk/lib/tinyusb/src/device/usbd.c.o
                0x1000477c                tud_rhport_init
 .text.tud_task_ext
                0x10004868      0x78c CMakeFiles/sqisign_rp2350_v3_d2_static.dir/Users/hiro/workspace/sqisign/external/pico-sdk/lib/tinyusb/src/device/usbd.c.o
                0x10004868                tud_task_ext
 .text.usbd_open_edpt_pair
                0x10004ff4       0xa0 CMakeFiles/sqisign_rp2350_v3_d2_static.dir/Users/hiro/workspace/sqisign/external/pico-sdk/lib/tinyusb/src/device/usbd.c.o
                0x10004ff4                usbd_open_edpt_pair
 .text.usbd_edpt_open
                0x10005094       0x5c CMakeFiles/sqisign_rp2350_v3_d2_static.dir/Users/hiro/workspace/sqisign/external/pico-sdk/lib/tinyusb/src/device/usbd.c.o
                0x10005094                usbd_edpt_open
 .text.usbd_edpt_claim
                0x100050f0       0x24 CMakeFiles/sqisign_rp2350_v3_d2_static.dir/Users/hiro/workspace/sqisign/external/pico-sdk/lib/tinyusb/src/device/usbd.c.o
                0x100050f0                usbd_edpt_claim
 .text.usbd_edpt_release
                0x10005114       0x24 CMakeFiles/sqisign_rp2350_v3_d2_static.dir/Users/hiro/workspace/sqisign/external/pico-sdk/lib/tinyusb/src/device/usbd.c.o
                0x10005114                usbd_edpt_release
 .text.usbd_edpt_xfer
                0x10005138       0x70 CMakeFiles/sqisign_rp2350_v3_d2_static.dir/Users/hiro/workspace/sqisign/external/pico-sdk/lib/tinyusb/src/device/usbd.c.o
                0x10005138                usbd_edpt_xfer
 .text.tud_control_status
                0x100051a8       0x38 CMakeFiles/sqisign_rp2350_v3_d2_static.dir/Users/hiro/workspace/sqisign/external/pico-sdk/lib/tinyusb/src/device/usbd_control.c.o
                0x100051a8                tud_control_status
 .text.tud_control_xfer
                0x100051e0       0xb4 CMakeFiles/sqisign_rp2350_v3_d2_static.dir/Users/hiro/workspace/sqisign/external/pico-sdk/lib/tinyusb/src/device/usbd_control.c.o
                0x100051e0                tud_control_xfer
 .text.usbd_control_reset
                0x10005294       0x14 CMakeFiles/sqisign_rp2350_v3_d2_static.dir/Users/hiro/workspace/sqisign/external/pico-sdk/lib/tinyusb/src/device/usbd_control.c.o
                0x10005294                usbd_control_reset
 .text.usbd_control_set_complete_callback
                0x100052a8        0xc CMakeFiles/sqisign_rp2350_v3_d2_static.dir/Users/hiro/workspace/sqisign/external/pico-sdk/lib/tinyusb/src/device/usbd_control.c.o
                0x100052a8                usbd_control_set_complete_callback
 .text.usbd_control_set_request
                0x100052b4       0x1c CMakeFiles/sqisign_rp2350_v3_d2_static.dir/Users/hiro/workspace/sqisign/external/pico-sdk/lib/tinyusb/src/device/usbd_control.c.o
                0x100052b4                usbd_control_set_request
 .text.usbd_control_xfer_cb
                0x100052d0      0x104 CMakeFiles/sqisign_rp2350_v3_d2_static.dir/Users/hiro/workspace/sqisign/external/pico-sdk/lib/tinyusb/src/device/usbd_control.c.o
                0x100052d0                usbd_control_xfer_cb
 .text._prep_out_transaction.isra.0
                0x100053d4       0x80 CMakeFiles/sqisign_rp2350_v3_d2_static.dir/Users/hiro/workspace/sqisign/external/pico-sdk/lib/tinyusb/src/class/cdc/cdc_device.c.o
 .text.tud_cdc_n_connected
                0x10005454       0x2c CMakeFiles/sqisign_rp2350_v3_d2_static.dir/Users/hiro/workspace/sqisign/external/pico-sdk/lib/tinyusb/src/class/cdc/cdc_device.c.o
                0x10005454                tud_cdc_n_connected
 .text.tud_cdc_n_available
                0x10005480       0x14 CMakeFiles/sqisign_rp2350_v3_d2_static.dir/Users/hiro/workspace/sqisign/external/pico-sdk/lib/tinyusb/src/class/cdc/cdc_device.c.o
                0x10005480                tud_cdc_n_available
 .text.tud_cdc_n_read
                0x10005494       0x8c CMakeFiles/sqisign_rp2350_v3_d2_static.dir/Users/hiro/workspace/sqisign/external/pico-sdk/lib/tinyusb/src/class/cdc/cdc_device.c.o
                0x10005494                tud_cdc_n_read
 .text.tud_cdc_n_write_flush
                0x10005520       0x94 CMakeFiles/sqisign_rp2350_v3_d2_static.dir/Users/hiro/workspace/sqisign/external/pico-sdk/lib/tinyusb/src/class/cdc/cdc_device.c.o
                0x10005520                tud_cdc_n_write_flush
 .text.tud_cdc_n_write
                0x100055b4       0x3c CMakeFiles/sqisign_rp2350_v3_d2_static.dir/Users/hiro/workspace/sqisign/external/pico-sdk/lib/tinyusb/src/class/cdc/cdc_device.c.o
                0x100055b4                tud_cdc_n_write
 .text.tud_cdc_n_write_available
                0x100055f0       0x14 CMakeFiles/sqisign_rp2350_v3_d2_static.dir/Users/hiro/workspace/sqisign/external/pico-sdk/lib/tinyusb/src/class/cdc/cdc_device.c.o
                0x100055f0                tud_cdc_n_write_available
 .text.cdcd_init
                0x10005604       0x74 CMakeFiles/sqisign_rp2350_v3_d2_static.dir/Users/hiro/workspace/sqisign/external/pico-sdk/lib/tinyusb/src/class/cdc/cdc_device.c.o
                0x10005604                cdcd_init
 .text.cdcd_deinit
                0x10005678       0x30 CMakeFiles/sqisign_rp2350_v3_d2_static.dir/Users/hiro/workspace/sqisign/external/pico-sdk/lib/tinyusb/src/class/cdc/cdc_device.c.o
                0x10005678                cdcd_deinit
 .text.cdcd_reset
                0x100056a8       0x50 CMakeFiles/sqisign_rp2350_v3_d2_static.dir/Users/hiro/workspace/sqisign/external/pico-sdk/lib/tinyusb/src/class/cdc/cdc_device.c.o
                0x100056a8                cdcd_reset
 .text.cdcd_open
                0x100056f8       0xd0 CMakeFiles/sqisign_rp2350_v3_d2_static.dir/Users/hiro/workspace/sqisign/external/pico-sdk/lib/tinyusb/src/class/cdc/cdc_device.c.o
                0x100056f8                cdcd_open
 .text.cdcd_control_xfer_cb
                0x100057c8       0xd0 CMakeFiles/sqisign_rp2350_v3_d2_static.dir/Users/hiro/workspace/sqisign/external/pico-sdk/lib/tinyusb/src/class/cdc/cdc_device.c.o
                0x100057c8                cdcd_control_xfer_cb
 .text.cdcd_xfer_cb
                0x10005898       0xf8 CMakeFiles/sqisign_rp2350_v3_d2_static.dir/Users/hiro/workspace/sqisign/external/pico-sdk/lib/tinyusb/src/class/cdc/cdc_device.c.o
                0x10005898                cdcd_xfer_cb
 .text.tusb_rhport_init
                0x10005990       0x6c CMakeFiles/sqisign_rp2350_v3_d2_static.dir/Users/hiro/workspace/sqisign/external/pico-sdk/lib/tinyusb/src/tusb.c.o
                0x10005990                tusb_rhport_init
 .text.tu_edpt_claim
                0x100059fc       0x60 CMakeFiles/sqisign_rp2350_v3_d2_static.dir/Users/hiro/workspace/sqisign/external/pico-sdk/lib/tinyusb/src/tusb.c.o
                0x100059fc                tu_edpt_claim
 .text.tu_edpt_release
                0x10005a5c       0x38 CMakeFiles/sqisign_rp2350_v3_d2_static.dir/Users/hiro/workspace/sqisign/external/pico-sdk/lib/tinyusb/src/tusb.c.o
                0x10005a5c                tu_edpt_release
 .text.tu_edpt_validate
                0x10005a94       0x60 CMakeFiles/sqisign_rp2350_v3_d2_static.dir/Users/hiro/workspace/sqisign/external/pico-sdk/lib/tinyusb/src/tusb.c.o
                0x10005a94                tu_edpt_validate
 .text.tu_edpt_bind_driver
                0x10005af4       0x54 CMakeFiles/sqisign_rp2350_v3_d2_static.dir/Users/hiro/workspace/sqisign/external/pico-sdk/lib/tinyusb/src/tusb.c.o
                0x10005af4                tu_edpt_bind_driver
 .text.tu_fifo_config
                0x10005b48       0x60 CMakeFiles/sqisign_rp2350_v3_d2_static.dir/Users/hiro/workspace/sqisign/external/pico-sdk/lib/tinyusb/src/common/tusb_fifo.c.o
                0x10005b48                tu_fifo_config
 .text.tu_fifo_count
                0x10005ba8       0x20 CMakeFiles/sqisign_rp2350_v3_d2_static.dir/Users/hiro/workspace/sqisign/external/pico-sdk/lib/tinyusb/src/common/tusb_fifo.c.o
                0x10005ba8                tu_fifo_count
 .text.tu_fifo_empty
                0x10005bc8       0x14 CMakeFiles/sqisign_rp2350_v3_d2_static.dir/Users/hiro/workspace/sqisign/external/pico-sdk/lib/tinyusb/src/common/tusb_fifo.c.o
                0x10005bc8                tu_fifo_empty
 .text.tu_fifo_remaining
                0x10005bdc       0x24 CMakeFiles/sqisign_rp2350_v3_d2_static.dir/Users/hiro/workspace/sqisign/external/pico-sdk/lib/tinyusb/src/common/tusb_fifo.c.o
                0x10005bdc                tu_fifo_remaining
 .text.tu_fifo_read
                0x10005c00       0x9c CMakeFiles/sqisign_rp2350_v3_d2_static.dir/Users/hiro/workspace/sqisign/external/pico-sdk/lib/tinyusb/src/common/tusb_fifo.c.o
                0x10005c00                tu_fifo_read
 .text.tu_fifo_read_n
                0x10005c9c       0xe0 CMakeFiles/sqisign_rp2350_v3_d2_static.dir/Users/hiro/workspace/sqisign/external/pico-sdk/lib/tinyusb/src/common/tusb_fifo.c.o
                0x10005c9c                tu_fifo_read_n
 .text.tu_fifo_write
                0x10005d7c       0xa8 CMakeFiles/sqisign_rp2350_v3_d2_static.dir/Users/hiro/workspace/sqisign/external/pico-sdk/lib/tinyusb/src/common/tusb_fifo.c.o
                0x10005d7c                tu_fifo_write
 .text.tu_fifo_write_n
                0x10005e24      0x150 CMakeFiles/sqisign_rp2350_v3_d2_static.dir/Users/hiro/workspace/sqisign/external/pico-sdk/lib/tinyusb/src/common/tusb_fifo.c.o
                0x10005e24                tu_fifo_write_n
 .text.tu_fifo_clear
                0x10005f74       0x38 CMakeFiles/sqisign_rp2350_v3_d2_static.dir/Users/hiro/workspace/sqisign/external/pico-sdk/lib/tinyusb/src/common/tusb_fifo.c.o
                0x10005f74                tu_fifo_clear
 .text.tu_fifo_set_overwritable
                0x10005fac       0x3c CMakeFiles/sqisign_rp2350_v3_d2_static.dir/Users/hiro/workspace/sqisign/external/pico-sdk/lib/tinyusb/src/common/tusb_fifo.c.o
                0x10005fac                tu_fifo_set_overwritable
 .text.crypto_sign_keypair
                0x10005fe8        0x4 libsqisign_v3_p324_3_m4f.a(pqm4_api.c.o)
                0x10005fe8                crypto_sign_keypair
 *fill*         0x10005fec        0x4 
 .text.crypto_sign
                0x10005ff0       0x38 libsqisign_v3_p324_3_m4f.a(pqm4_api.c.o)
                0x10005ff0                crypto_sign
 .text.crypto_sign_open
                0x10006028       0x38 libsqisign_v3_p324_3_m4f.a(pqm4_api.c.o)
                0x10006028                crypto_sign_open
 .text.sqisign_keypair
                0x10006060       0x48 libsqisign_v3_p324_3_m4f.a(sqisign.c.o)
                0x10006060                sqisign_keypair
 .text.sqisign_sign_signature
                0x100060a8       0x70 libsqisign_v3_p324_3_m4f.a(sqisign.c.o)
                0x100060a8                sqisign_sign_signature
 .text.sqisign_sign
                0x10006118       0x3c libsqisign_v3_p324_3_m4f.a(sqisign.c.o)
                0x10006118                sqisign_sign
 .text.sqisign_open
                0x10006154       0x94 libsqisign_v3_p324_3_m4f.a(sqisign.c.o)
                0x10006154                sqisign_open
 .text.protocols_verify
                0x100061e8      0x394 libsqisign_v3_p324_3_m4f.a(verify.c.o)
                0x100061e8                protocols_verify
 .text.AES256_CTR_DRBG_Update
                0x1000657c      0x1b0 libsqisign_v3_p324_3_m4f.a(randombytes_ctrdrbg.c.o)
                0x1000657c                AES256_CTR_DRBG_Update
 .text.randombytes
                0x1000672c      0x314 libsqisign_v3_p324_3_m4f.a(randombytes_ctrdrbg.c.o)
                0x1000672c                randombytes
 .text.randombytes_init
                0x10006a40       0xe0 libsqisign_v3_p324_3_m4f.a(randombytes_ctrdrbg.c.o)
                0x10006a40                randombytes_init
 .text.difference_point
                0x10006b20      0x174 libsqisign_v3_p324_3_m4f.a(basis.c.o)
 .text.ec_basis_E0_2f
                0x10006c94       0x8c libsqisign_v3_p324_3_m4f.a(basis.c.o)
 .text.PQ_from_qr
                0x10006d20       0x90 libsqisign_v3_p324_3_m4f.a(basis.c.o)
 .text.find_nqr_factor
                0x10006db0       0xb0 libsqisign_v3_p324_3_m4f.a(basis.c.o)
 .text.ec_curve_to_basis_2f_to_hint
                0x10006e60      0x1f8 libsqisign_v3_p324_3_m4f.a(basis.c.o)
                0x10006e60                ec_curve_to_basis_2f_to_hint
 .text.ec_curve_to_basis_2f_from_hint
                0x10007058      0x19c libsqisign_v3_p324_3_m4f.a(basis.c.o)
                0x10007058                ec_curve_to_basis_2f_from_hint
 .text.hash_to_challenge
                0x100071f4       0x68 libsqisign_v3_p324_3_m4f.a(common.c.o)
                0x100071f4                hash_to_challenge
 .text.ec_xDBL_A24.constprop.0
                0x1000725c       0x68 libsqisign_v3_p324_3_m4f.a(ec.c.o)
 .text.ec_point_init
                0x100072c4       0x18 libsqisign_v3_p324_3_m4f.a(ec.c.o)
                0x100072c4                ec_point_init
 .text.ec_curve_init
                0x100072dc       0x28 libsqisign_v3_p324_3_m4f.a(ec.c.o)
                0x100072dc                ec_curve_init
 .text.ec_normalize_curve
                0x10007304       0x28 libsqisign_v3_p324_3_m4f.a(ec.c.o)
                0x10007304                ec_normalize_curve
 .text.ec_curve_normalize_A24
                0x1000732c       0x5c libsqisign_v3_p324_3_m4f.a(ec.c.o)
                0x1000732c                ec_curve_normalize_A24
 .text.ec_normalize_curve_and_A24
                0x10007388       0x7c libsqisign_v3_p324_3_m4f.a(ec.c.o)
                0x10007388                ec_normalize_curve_and_A24
 .text.ec_is_equal
                0x10007404       0x54 libsqisign_v3_p324_3_m4f.a(ec.c.o)
                0x10007404                ec_is_equal
 .text.ec_is_two_torsion
                0x10007458       0x90 libsqisign_v3_p324_3_m4f.a(ec.c.o)
                0x10007458                ec_is_two_torsion
 .text.ec_curve_verify_A
                0x100074e8       0x40 libsqisign_v3_p324_3_m4f.a(ec.c.o)
                0x100074e8                ec_curve_verify_A
 .text.ec_curve_init_from_A
                0x10007528       0x6c libsqisign_v3_p324_3_m4f.a(ec.c.o)
                0x10007528                ec_curve_init_from_A
 .text.ec_xDBL_E0
                0x10007594       0x68 libsqisign_v3_p324_3_m4f.a(ec.c.o)
                0x10007594                ec_xDBL_E0
 .text.ec_xDBL  0x100075fc       0x94 libsqisign_v3_p324_3_m4f.a(ec.c.o)
                0x100075fc                ec_xDBL
 .text.ec_xDBL_A24
                0x10007690       0x7c libsqisign_v3_p324_3_m4f.a(ec.c.o)
                0x10007690                ec_xDBL_A24
 .text.ec_is_four_torsion
                0x1000770c       0x24 libsqisign_v3_p324_3_m4f.a(ec.c.o)
                0x1000770c                ec_is_four_torsion
 .text.ec_xADD  0x10007730       0x98 libsqisign_v3_p324_3_m4f.a(ec.c.o)
                0x10007730                ec_xADD
 .text.ec_xDBLADD
                0x100077c8       0xdc libsqisign_v3_p324_3_m4f.a(ec.c.o)
                0x100077c8                ec_xDBLADD
 .text.xMUL     0x100078a4       0xe8 libsqisign_v3_p324_3_m4f.a(ec.c.o)
 .text.ec_ladder3pt
                0x1000798c      0x100 libsqisign_v3_p324_3_m4f.a(ec.c.o)
                0x1000798c                ec_ladder3pt
 .text.ec_dbl   0x10007a8c       0x10 libsqisign_v3_p324_3_m4f.a(ec.c.o)
                0x10007a8c                ec_dbl
 .text.ec_dbl_iter
                0x10007a9c       0xe8 libsqisign_v3_p324_3_m4f.a(ec.c.o)
                0x10007a9c                ec_dbl_iter
 .text.ec_dbl_iter_basis
                0x10007b84       0x34 libsqisign_v3_p324_3_m4f.a(ec.c.o)
                0x10007b84                ec_dbl_iter_basis
 .text.ec_mul   0x10007bb8       0x84 libsqisign_v3_p324_3_m4f.a(ec.c.o)
                0x10007bb8                ec_mul
 .text.ec_biscalar_mul
                0x10007c3c      0x858 libsqisign_v3_p324_3_m4f.a(ec.c.o)
                0x10007c3c                ec_biscalar_mul
 .text.ec_biscalar_mul_verif
                0x10008494      0x3f8 libsqisign_v3_p324_3_m4f.a(ec.c.o)
                0x10008494                ec_biscalar_mul_verif
 .text.ec_points_to_bary_coordinates
                0x1000888c       0xc8 libsqisign_v3_p324_3_m4f.a(ec.c.o)
                0x1000888c                ec_points_to_bary_coordinates
 .text.public_key_to_bytes
                0x10008954       0x3c libsqisign_v3_p324_3_m4f.a(encode_public.c.o)
                0x10008954                public_key_to_bytes
 .text.public_key_from_bytes
                0x10008990       0x30 libsqisign_v3_p324_3_m4f.a(encode_public.c.o)
                0x10008990                public_key_from_bytes
 .text.signature_to_bytes
                0x100089c0      0x11c libsqisign_v3_p324_3_m4f.a(encode_public.c.o)
                0x100089c0                signature_to_bytes
 .text.signature_from_bytes
                0x10008adc      0x188 libsqisign_v3_p324_3_m4f.a(encode_public.c.o)
                0x10008adc                signature_from_bytes
 .text.secret_key_to_bytes
                0x10008c64      0x194 libsqisign_v3_p324_3_m4f.a(encode_secret.c.o)
                0x10008c64                secret_key_to_bytes
 .text.secret_key_from_bytes
                0x10008df8      0x1d8 libsqisign_v3_p324_3_m4f.a(encode_secret.c.o)
                0x10008df8                secret_key_from_bytes
 .text.fp2_mul_small
                0x10008fd0       0x24 libsqisign_v3_p324_3_m4f.a(fp2.c.o)
                0x10008fd0                fp2_mul_small
 .text.fp2_set_one
                0x10008ff4       0x18 libsqisign_v3_p324_3_m4f.a(fp2.c.o)
                0x10008ff4                fp2_set_one
 .text.fp2_set_zero
                0x1000900c       0x18 libsqisign_v3_p324_3_m4f.a(fp2.c.o)
                0x1000900c                fp2_set_zero
 .text.fp2_is_zero
                0x10009024       0x18 libsqisign_v3_p324_3_m4f.a(fp2.c.o)
                0x10009024                fp2_is_zero
 .text.fp2_is_equal
                0x1000903c       0x20 libsqisign_v3_p324_3_m4f.a(fp2.c.o)
                0x1000903c                fp2_is_equal
 .text.fp2_is_one
                0x1000905c       0x1c libsqisign_v3_p324_3_m4f.a(fp2.c.o)
                0x1000905c                fp2_is_one
 .text.fp2_copy
                0x10009078       0x20 libsqisign_v3_p324_3_m4f.a(fp2.c.o)
                0x10009078                fp2_copy
 .text.fp2_add  0x10009098       0x24 libsqisign_v3_p324_3_m4f.a(fp2.c.o)
                0x10009098                fp2_add
 .text.fp2_add_one
                0x100090bc       0x24 libsqisign_v3_p324_3_m4f.a(fp2.c.o)
                0x100090bc                fp2_add_one
 .text.fp2_sub  0x100090e0       0x24 libsqisign_v3_p324_3_m4f.a(fp2.c.o)
                0x100090e0                fp2_sub
 .text.fp2_neg  0x10009104       0x20 libsqisign_v3_p324_3_m4f.a(fp2.c.o)
                0x10009104                fp2_neg
 .text.fp2_mul  0x10009124       0x6c libsqisign_v3_p324_3_m4f.a(fp2.c.o)
                0x10009124                fp2_mul
 .text.fp2_sqr  0x10009190       0x48 libsqisign_v3_p324_3_m4f.a(fp2.c.o)
                0x10009190                fp2_sqr
 .text.fp2_mul_by_i
                0x100091d8       0x40 libsqisign_v3_p324_3_m4f.a(fp2.c.o)
                0x100091d8                fp2_mul_by_i
 .text.fp2_frob
                0x10009218       0x20 libsqisign_v3_p324_3_m4f.a(fp2.c.o)
                0x10009218                fp2_frob
 .text.fp2_inv  0x10009238       0x50 libsqisign_v3_p324_3_m4f.a(fp2.c.o)
                0x10009238                fp2_inv
 .text.fp2_is_square
                0x10009288       0x2c libsqisign_v3_p324_3_m4f.a(fp2.c.o)
                0x10009288                fp2_is_square
 .text.fp2_sqrt
                0x100092b4       0xc0 libsqisign_v3_p324_3_m4f.a(fp2.c.o)
                0x100092b4                fp2_sqrt
 .text.fp2_sqrt_verify
                0x10009374       0x70 libsqisign_v3_p324_3_m4f.a(fp2.c.o)
                0x10009374                fp2_sqrt_verify
 .text.fp2_half
                0x100093e4       0x20 libsqisign_v3_p324_3_m4f.a(fp2.c.o)
                0x100093e4                fp2_half
 .text.fp2_batched_inv
                0x10009404      0x280 libsqisign_v3_p324_3_m4f.a(fp2.c.o)
                0x10009404                fp2_batched_inv
 .text.fp2_pow_vartime
                0x10009684       0xe8 libsqisign_v3_p324_3_m4f.a(fp2.c.o)
                0x10009684                fp2_pow_vartime
 .text.fp2_encode
                0x1000976c       0x20 libsqisign_v3_p324_3_m4f.a(fp2.c.o)
                0x1000976c                fp2_encode
 .text.fp2_decode
                0x1000978c       0x20 libsqisign_v3_p324_3_m4f.a(fp2.c.o)
                0x1000978c                fp2_decode
 .text.fp2_select
                0x100097ac       0x28 libsqisign_v3_p324_3_m4f.a(fp2.c.o)
                0x100097ac                fp2_select
 .text.fp2_cswap
                0x100097d4       0x24 libsqisign_v3_p324_3_m4f.a(fp2.c.o)
                0x100097d4                fp2_cswap
 .text.fp2_less_than
                0x100097f8       0x70 libsqisign_v3_p324_3_m4f.a(fp2.c.o)
                0x100097f8                fp2_less_than
 .text.modfsb_p324_3_ct
                0x10009868       0xf8 libsqisign_v3_p324_3_m4f.a(fp_p324_3_armv7em.c.o)
 .text.modmul_p324_3_ct
                0x10009960      0x4fc libsqisign_v3_p324_3_m4f.a(fp_p324_3_armv7em.c.o)
 .text.modsqr_p324_3_ct
                0x10009e5c      0x3dc libsqisign_v3_p324_3_m4f.a(fp_p324_3_armv7em.c.o)
 .text.modnsqr_p324_3_ct
                0x1000a238      0x3ec libsqisign_v3_p324_3_m4f.a(fp_p324_3_armv7em.c.o)
 .text.modnsqr_p324_3_ct.constprop.0
                0x1000a624      0x3ec libsqisign_v3_p324_3_m4f.a(fp_p324_3_armv7em.c.o)
 .text.modnsqr_p324_3_ct.constprop.1
                0x1000aa10      0x3e8 libsqisign_v3_p324_3_m4f.a(fp_p324_3_armv7em.c.o)
 .text.modnsqr_p324_3_ct.constprop.2
                0x1000adf8      0x3e8 libsqisign_v3_p324_3_m4f.a(fp_p324_3_armv7em.c.o)
 .text.modpro_p324_3_ct
                0x1000b1e0      0x2e8 libsqisign_v3_p324_3_m4f.a(fp_p324_3_armv7em.c.o)
 .text.fp_set_small
                0x1000b4c8       0x50 libsqisign_v3_p324_3_m4f.a(fp_p324_3_armv7em.c.o)
                0x1000b4c8                fp_set_small
 .text.fp_mul_small
                0x1000b518       0x60 libsqisign_v3_p324_3_m4f.a(fp_p324_3_armv7em.c.o)
                0x1000b518                fp_mul_small
 .text.fp_set_zero
                0x1000b578       0x1c libsqisign_v3_p324_3_m4f.a(fp_p324_3_armv7em.c.o)
                0x1000b578                fp_set_zero
 .text.fp_set_one
                0x1000b594       0x24 libsqisign_v3_p324_3_m4f.a(fp_p324_3_armv7em.c.o)
                0x1000b594                fp_set_one
 .text.fp_is_equal
                0x1000b5b8       0xb4 libsqisign_v3_p324_3_m4f.a(fp_p324_3_armv7em.c.o)
                0x1000b5b8                fp_is_equal
 .text.fp_is_zero
                0x1000b66c       0x6c libsqisign_v3_p324_3_m4f.a(fp_p324_3_armv7em.c.o)
                0x1000b66c                fp_is_zero
 .text.fp_copy  0x1000b6d8       0x30 libsqisign_v3_p324_3_m4f.a(fp_p324_3_armv7em.c.o)
                0x1000b6d8                fp_copy
 .text.fp_cswap
                0x1000b708      0x1c0 libsqisign_v3_p324_3_m4f.a(fp_p324_3_armv7em.c.o)
                0x1000b708                fp_cswap
 .text.fp_add   0x1000b8c8      0x1a8 libsqisign_v3_p324_3_m4f.a(fp_p324_3_armv7em.c.o)
                0x1000b8c8                fp_add
 .text.fp_sub   0x1000ba70      0x11c libsqisign_v3_p324_3_m4f.a(fp_p324_3_armv7em.c.o)
                0x1000ba70                fp_sub
 .text.fp_neg   0x1000bb8c      0x110 libsqisign_v3_p324_3_m4f.a(fp_p324_3_armv7em.c.o)
                0x1000bb8c                fp_neg
 .text.fp_sqr   0x1000bc9c        0xc libsqisign_v3_p324_3_m4f.a(fp_p324_3_armv7em.c.o)
                0x1000bc9c                fp_sqr
 .text.fp_mul   0x1000bca8        0xc libsqisign_v3_p324_3_m4f.a(fp_p324_3_armv7em.c.o)
                0x1000bca8                fp_mul
 .text.fp_inv   0x1000bcb4       0x4c libsqisign_v3_p324_3_m4f.a(fp_p324_3_armv7em.c.o)
                0x1000bcb4                fp_inv
 .text.fp_is_square
                0x1000bd00       0x80 libsqisign_v3_p324_3_m4f.a(fp_p324_3_armv7em.c.o)
                0x1000bd00                fp_is_square
 .text.fp_sqrt  0x1000bd80       0x48 libsqisign_v3_p324_3_m4f.a(fp_p324_3_armv7em.c.o)
                0x1000bd80                fp_sqrt
 .text.fp_half  0x1000bdc8        0xc libsqisign_v3_p324_3_m4f.a(fp_p324_3_armv7em.c.o)
                0x1000bdc8                fp_half
 .text.fp_exp3div4
                0x1000bdd4        0xc libsqisign_v3_p324_3_m4f.a(fp_p324_3_armv7em.c.o)
                0x1000bdd4                fp_exp3div4
 .text.fp_encode
                0x1000bde0       0xa0 libsqisign_v3_p324_3_m4f.a(fp_p324_3_armv7em.c.o)
                0x1000bde0                fp_encode
 .text.fp_decode
                0x1000be80      0x134 libsqisign_v3_p324_3_m4f.a(fp_p324_3_armv7em.c.o)
                0x1000be80                fp_decode
 .text.theta_DBL_couple_point
                0x1000bfb4       0x28 libsqisign_v3_p324_3_m4f.a(hd.c.o)
                0x1000bfb4                theta_DBL_couple_point
 .text.theta_copy_bases_to_kernel
                0x1000bfdc       0x64 libsqisign_v3_p324_3_m4f.a(hd.c.o)
                0x1000bfdc                theta_copy_bases_to_kernel
 .text.iso_xisog_4
                0x1000c040       0x7c libsqisign_v3_p324_3_m4f.a(isog.c.o)
                0x1000c040                iso_xisog_4
 .text.iso_xeval_4
                0x1000c0bc       0xc8 libsqisign_v3_p324_3_m4f.a(isog.c.o)
                0x1000c0bc                iso_xeval_4
 .text.iso_isogeny_2chain_with_strategy
                0x1000c184      0x1f8 libsqisign_v3_p324_3_m4f.a(isog.c.o)
 .text.iso_isogeny_2chain
                0x1000c37c       0x48 libsqisign_v3_p324_3_m4f.a(isog.c.o)
                0x1000c37c                iso_isogeny_2chain
 .text.secret_key_init
                0x1000c3c4       0x20 libsqisign_v3_p324_3_m4f.a(keygen.c.o)
                0x1000c3c4                secret_key_init
 .text.protocols_keygen
                0x1000c3e4      0x170 libsqisign_v3_p324_3_m4f.a(keygen.c.o)
                0x1000c3e4                protocols_keygen
 .text.mp_wide_signed_mul
                0x1000c554      0x324 libsqisign_v3_p324_3_m4f.a(mp.c.o)
 .text.mp_shift_ct
                0x1000c878      0x1b4 libsqisign_v3_p324_3_m4f.a(mp.c.o)
 .text.mp_mul_raw
                0x1000ca2c      0x1b4 libsqisign_v3_p324_3_m4f.a(mp.c.o)
 .text.mp_lehmer_combine
                0x1000cbe0      0x144 libsqisign_v3_p324_3_m4f.a(mp.c.o)
 .text.probprime_mont_equal_internal
                0x1000cd24      0x110 libsqisign_v3_p324_3_m4f.a(mp.c.o)
 .text.probprime_scale_small_internal
                0x1000ce34       0xd8 libsqisign_v3_p324_3_m4f.a(mp.c.o)
 .text.ibz_div_2exp.constprop.0
                0x1000cf0c       0x6c libsqisign_v3_p324_3_m4f.a(mp.c.o)
 .text.mp_divmod_schoolbook
                0x1000cf78      0x2e8 libsqisign_v3_p324_3_m4f.a(mp.c.o)
 .text.mp_div_d2n1n
                0x1000d260       0xd0 libsqisign_v3_p324_3_m4f.a(mp.c.o)
 .text.mp_div_d3n2n
                0x1000d330      0x138 libsqisign_v3_p324_3_m4f.a(mp.c.o)
 .text.ibz_from_modq
                0x1000d468      0x174 libsqisign_v3_p324_3_m4f.a(mp.c.o)
 .text.mp_mul_small_signed
                0x1000d5dc      0x130 libsqisign_v3_p324_3_m4f.a(mp.c.o)
 .text.ibz_init
                0x1000d70c        0xc libsqisign_v3_p324_3_m4f.a(mp.c.o)
                0x1000d70c                ibz_init
 .text.ibz_set  0x1000d718       0x90 libsqisign_v3_p324_3_m4f.a(mp.c.o)
                0x1000d718                ibz_set
 .text.ibz_copy
                0x1000d7a8       0x24 libsqisign_v3_p324_3_m4f.a(mp.c.o)
                0x1000d7a8                ibz_copy
 .text.ibz_swap
                0x1000d7cc       0x60 libsqisign_v3_p324_3_m4f.a(mp.c.o)
                0x1000d7cc                ibz_swap
 .text.ibz_cswap
                0x1000d82c       0xa8 libsqisign_v3_p324_3_m4f.a(mp.c.o)
                0x1000d82c                ibz_cswap
 .text.ibz_get_bound
                0x1000d8d4        0x4 libsqisign_v3_p324_3_m4f.a(mp.c.o)
                0x1000d8d4                ibz_get_bound
 .text.ibz_set_bound
                0x1000d8d8       0xec libsqisign_v3_p324_3_m4f.a(mp.c.o)
                0x1000d8d8                ibz_set_bound
 .text.ibz_copy_bits
                0x1000d9c4       0x58 libsqisign_v3_p324_3_m4f.a(mp.c.o)
                0x1000d9c4                ibz_copy_bits
 .text.ibz_copy_digits
                0x1000da1c       0x2c libsqisign_v3_p324_3_m4f.a(mp.c.o)
                0x1000da1c                ibz_copy_digits
 .text.ibz_to_digits
                0x1000da48       0x90 libsqisign_v3_p324_3_m4f.a(mp.c.o)
                0x1000da48                ibz_to_digits
 .text.ibz_get  0x1000dad8        0x4 libsqisign_v3_p324_3_m4f.a(mp.c.o)
                0x1000dad8                ibz_get
 .text.ibz_add  0x1000dadc      0x120 libsqisign_v3_p324_3_m4f.a(mp.c.o)
                0x1000dadc                ibz_add
 .text.ibz_sub  0x1000dbfc      0x120 libsqisign_v3_p324_3_m4f.a(mp.c.o)
                0x1000dbfc                ibz_sub
 .text.ibz_mul  0x1000dd1c      0x1ac libsqisign_v3_p324_3_m4f.a(mp.c.o)
                0x1000dd1c                ibz_mul
 .text.ibz_neg  0x1000dec8       0x44 libsqisign_v3_p324_3_m4f.a(mp.c.o)
                0x1000dec8                ibz_neg
 .text.ibz_cneg
                0x1000df0c       0x44 libsqisign_v3_p324_3_m4f.a(mp.c.o)
                0x1000df0c                ibz_cneg
 .text.ibz_abs  0x1000df50       0x48 libsqisign_v3_p324_3_m4f.a(mp.c.o)
                0x1000df50                ibz_abs
 .text.ibz_div  0x1000df98      0x5a8 libsqisign_v3_p324_3_m4f.a(mp.c.o)
                0x1000df98                ibz_div
 .text.ibz_div_2exp
                0x1000e540      0x100 libsqisign_v3_p324_3_m4f.a(mp.c.o)
                0x1000e540                ibz_div_2exp
 .text.ibz_set_bound_ct
                0x1000e640       0xc4 libsqisign_v3_p324_3_m4f.a(mp.c.o)
                0x1000e640                ibz_set_bound_ct
 .text.ibz_bitsize_ct
                0x1000e704       0xc8 libsqisign_v3_p324_3_m4f.a(mp.c.o)
                0x1000e704                ibz_bitsize_ct
 .text.ibz_mul_2exp
                0x1000e7cc       0xd4 libsqisign_v3_p324_3_m4f.a(mp.c.o)
                0x1000e7cc                ibz_mul_2exp
 .text.ibz_two_adic
                0x1000e8a0       0x4c libsqisign_v3_p324_3_m4f.a(mp.c.o)
                0x1000e8a0                ibz_two_adic
 .text.ibz_mod  0x1000e8ec      0x574 libsqisign_v3_p324_3_m4f.a(mp.c.o)
                0x1000e8ec                ibz_mod
 .text.ibz_mod2exp
                0x1000ee60       0x7c libsqisign_v3_p324_3_m4f.a(mp.c.o)
                0x1000ee60                ibz_mod2exp
 .text.ibz_divides
                0x1000eedc       0x48 libsqisign_v3_p324_3_m4f.a(mp.c.o)
                0x1000eedc                ibz_divides
 .text.ibz_cmp  0x1000ef24       0x78 libsqisign_v3_p324_3_m4f.a(mp.c.o)
                0x1000ef24                ibz_cmp
 .text.ibz_is_zero
                0x1000ef9c       0x28 libsqisign_v3_p324_3_m4f.a(mp.c.o)
                0x1000ef9c                ibz_is_zero
 .text.ibz_is_one
                0x1000efc4       0x2c libsqisign_v3_p324_3_m4f.a(mp.c.o)
                0x1000efc4                ibz_is_one
 .text.ibz_is_positive
                0x1000eff0       0x18 libsqisign_v3_p324_3_m4f.a(mp.c.o)
                0x1000eff0                ibz_is_positive
 .text.ibz_is_even
                0x1000f008        0xc libsqisign_v3_p324_3_m4f.a(mp.c.o)
                0x1000f008                ibz_is_even
 .text.ibz_is_odd
                0x1000f014        0x8 libsqisign_v3_p324_3_m4f.a(mp.c.o)
                0x1000f014                ibz_is_odd
 .text.ibz_bitsize
                0x1000f01c       0x7c libsqisign_v3_p324_3_m4f.a(mp.c.o)
                0x1000f01c                ibz_bitsize
 .text.ibz_set_from_str
                0x1000f098      0x1dc libsqisign_v3_p324_3_m4f.a(mp.c.o)
                0x1000f098                ibz_set_from_str
 .text.modxpowe_non_ct
                0x1000f274      0x560 libsqisign_v3_p324_3_m4f.a(mp.c.o)
 .text.ibz_sqrt_mod_p_3mod4
                0x1000f7d4      0x25c libsqisign_v3_p324_3_m4f.a(mp.c.o)
 .text.ibz_rand_interval_with_domain
                0x1000fa30      0x4d4 libsqisign_v3_p324_3_m4f.a(mp.c.o)
                0x1000fa30                ibz_rand_interval_with_domain
 .text.ibz_rand_interval
                0x1000ff04        0xc libsqisign_v3_p324_3_m4f.a(mp.c.o)
                0x1000ff04                ibz_rand_interval
 .text.ibz_rand_interval_with_domain.constprop.0
                0x1000ff10      0x344 libsqisign_v3_p324_3_m4f.a(mp.c.o)
 .text.ibz_rand_interval_minm_m_with_domain
                0x10010254      0x110 libsqisign_v3_p324_3_m4f.a(mp.c.o)
                0x10010254                ibz_rand_interval_minm_m_with_domain
 .text.modxpowe_non_ct.constprop.0
                0x10010364      0x4f4 libsqisign_v3_p324_3_m4f.a(mp.c.o)
 .text.probprime_mr_round_internal.constprop.0
                0x10010858       0x9c libsqisign_v3_p324_3_m4f.a(mp.c.o)
 .text.ibz_mul_by_int_and_set_bound