Archive member included to satisfy reference by file (symbol)

src/sqisign/ksv_lvl1/libsqisign_ksv_lvl1_ref32.a(fips202.c.o)
                              src/platform/rp2350/CMakeFiles/sqisign_rp2350_ksv.dir/keygen_sign_kat.c.o (shake256_inc_init)
src/sqisign/ksv_lvl1/libsqisign_ksv_lvl1_ref32.a(mem.c.o)
                              src/platform/rp2350/CMakeFiles/sqisign_rp2350_ksv.dir/keygen_sign_kat.c.o (sqisign_gen_sqisign_secure_clear)
src/sqisign/ksv_lvl1/libsqisign_ksv_lvl1_ref32.a(randombytes_ctrdrbg.c.o)
                              src/platform/rp2350/CMakeFiles/sqisign_rp2350_ksv.dir/keygen_sign_kat.c.o (randombytes)
src/sqisign/ksv_lvl1/libsqisign_ksv_lvl1_ref32.a(sqisign_lowmem.c.o)
                              src/platform/rp2350/CMakeFiles/sqisign_rp2350_ksv.dir/keygen_sign_kat.c.o (sqisign_lvl1_ref_sqisign_keypair_with_workspace)
src/sqisign/ksv_lvl1/libsqisign_ksv_lvl1_ref32.a(encode_verification.c.o)
                              src/sqisign/ksv_lvl1/libsqisign_ksv_lvl1_ref32.a(sqisign_lowmem.c.o) (sqisign_lvl1_ref_public_key_to_bytes)
src/sqisign/ksv_lvl1/libsqisign_ksv_lvl1_ref32.a(verify.c.o)
                              src/sqisign/ksv_lvl1/libsqisign_ksv_lvl1_ref32.a(sqisign_lowmem.c.o) (protocols_verify_workspace_init)
src/sqisign/ksv_lvl1/libsqisign_ksv_lvl1_ref32.a(aes_c.c.o)
                              src/sqisign/ksv_lvl1/libsqisign_ksv_lvl1_ref32.a(randombytes_ctrdrbg.c.o) (AES_256_ECB)
src/sqisign/ksv_lvl1/libsqisign_ksv_lvl1_ref32.a(basis.c.o)
                              src/sqisign/ksv_lvl1/libsqisign_ksv_lvl1_ref32.a(verify.c.o) (sqisign_lvl1_ref_ec_curve_to_basis_2f_from_hint)
src/sqisign/ksv_lvl1/libsqisign_ksv_lvl1_ref32.a(ec.c.o)
                              src/sqisign/ksv_lvl1/libsqisign_ksv_lvl1_ref32.a(verify.c.o) (sqisign_lvl1_ref_ec_curve_init)
src/sqisign/ksv_lvl1/libsqisign_ksv_lvl1_ref32.a(isog_chains.c.o)
                              src/sqisign/ksv_lvl1/libsqisign_ksv_lvl1_ref32.a(verify.c.o) (sqisign_lvl1_ref_ec_eval_even_with_workspace)
src/sqisign/ksv_lvl1/libsqisign_ksv_lvl1_ref32.a(xeval.c.o)
                              src/sqisign/ksv_lvl1/libsqisign_ksv_lvl1_ref32.a(isog_chains.c.o) (sqisign_lvl1_ref_xeval_2)
src/sqisign/ksv_lvl1/libsqisign_ksv_lvl1_ref32.a(xisog.c.o)
                              src/sqisign/ksv_lvl1/libsqisign_ksv_lvl1_ref32.a(isog_chains.c.o) (sqisign_lvl1_ref_xisog_2)
src/sqisign/ksv_lvl1/libsqisign_ksv_lvl1_ref32.a(fp_p5248_32.c.o)
                              src/sqisign/ksv_lvl1/libsqisign_ksv_lvl1_ref32.a(basis.c.o) (sqisign_lvl1_ref_fp_set_small)
src/sqisign/ksv_lvl1/libsqisign_ksv_lvl1_ref32.a(fp2.c.o)
                              src/sqisign/ksv_lvl1/libsqisign_ksv_lvl1_ref32.a(xisog.c.o) (sqisign_lvl1_ref_fp2_set_small)
src/sqisign/ksv_lvl1/libsqisign_ksv_lvl1_ref32.a(hd.c.o)
                              src/sqisign/ksv_lvl1/libsqisign_ksv_lvl1_ref32.a(verify.c.o) (sqisign_lvl1_ref_copy_bases_to_kernel)
src/sqisign/ksv_lvl1/libsqisign_ksv_lvl1_ref32.a(theta_isogenies.c.o)
                              src/sqisign/ksv_lvl1/libsqisign_ksv_lvl1_ref32.a(verify.c.o) (sqisign_lvl1_ref_theta_chain_compute_and_eval_verify_with_workspace)
src/sqisign/ksv_lvl1/libsqisign_ksv_lvl1_ref32.a(theta_structure.c.o)
                              src/sqisign/ksv_lvl1/libsqisign_ksv_lvl1_ref32.a(theta_isogenies.c.o) (sqisign_lvl1_ref_theta_precomputation)
src/sqisign/ksv_lvl1/libsqisign_ksv_lvl1_ref32.a(mp.c.o)
                              src/sqisign/ksv_lvl1/libsqisign_ksv_lvl1_ref32.a(ec.c.o) (sqisign_gen_mp_shiftr)
src/sqisign/ksv_lvl1/libsqisign_ksv_lvl1_ref32.a(e0_basis.c.o)
                              src/sqisign/ksv_lvl1/libsqisign_ksv_lvl1_ref32.a(basis.c.o) (BASIS_E0_QX)
src/sqisign/ksv_lvl1/libsqisign_ksv_lvl1_ref32.a(ec_params.c.o)
                              src/sqisign/ksv_lvl1/libsqisign_ksv_lvl1_ref32.a(basis.c.o) (p_cofactor_for_2f)
src/sqisign/ksv_lvl1/libsqisign_ksv_lvl1_ref32.a(hd_splitting_transforms.c.o)
                              src/sqisign/ksv_lvl1/libsqisign_ksv_lvl1_ref32.a(theta_isogenies.c.o) (NORMALIZATION_TRANSFORMS)
src/sqisign/ksv_lvl1/libsqisign_ksv_lvl1_ref32.a(encode_signature.c.o)
                              src/sqisign/ksv_lvl1/libsqisign_ksv_lvl1_ref32.a(sqisign_lowmem.c.o) (sqisign_lvl1_ref_secret_key_to_bytes)
src/sqisign/ksv_lvl1/libsqisign_ksv_lvl1_ref32.a(keygen.c.o)
                              src/sqisign/ksv_lvl1/libsqisign_ksv_lvl1_ref32.a(sqisign_lowmem.c.o) (sqisign_lvl1_ref_secret_key_init)
src/sqisign/ksv_lvl1/libsqisign_ksv_lvl1_ref32.a(keygen_lowmem.c.o)
                              src/sqisign/ksv_lvl1/libsqisign_ksv_lvl1_ref32.a(sqisign_lowmem.c.o) (sqisign_lvl1_ref_protocols_keygen_with_workspace)
src/sqisign/ksv_lvl1/libsqisign_ksv_lvl1_ref32.a(sign.c.o)
                              src/sqisign/ksv_lvl1/libsqisign_ksv_lvl1_ref32.a(sqisign_lowmem.c.o) (sqisign_lvl1_ref_protocols_sign_workspace_init)
src/sqisign/ksv_lvl1/libsqisign_ksv_lvl1_ref32.a(common.c.o)
[...]
Memory Configuration

Name             Origin             Length             Attributes
FLASH            0x10000000         0x00400000         xr
PSRAM            0x11000000         0x00000000         xrw
XIP_RAM          0x13ffc000         0x00004000         xrw
RAM              0x20000000         0x00080000         xrw
SCRATCH_X        0x20080000         0x00001000         xrw
SCRATCH_Y        0x20081000         0x00001000         xrw
*default*        0x00000000         0xffffffff

Linker script and memory map

                0x20000000                        RAM_ORIGIN_DEFAULT = 0x20000000
                0x00080000                        RAM_LENGTH_DEFAULT = 0x80000
                0x20080000                        SCRATCH_X_ORIGIN_DEFAULT = 0x20080000
                0x00001000                        SCRATCH_X_LENGTH_DEFAULT = 0x1000
                0x20081000                        SCRATCH_Y_ORIGIN_DEFAULT = 0x20081000
                0x00001000                        SCRATCH_Y_LENGTH_DEFAULT = 0x1000
                0x13ffc000                        XIP_RAM_ORIGIN_DEFAULT = 0x13ffc000
                0x00004000                        XIP_RAM_LENGTH_DEFAULT = 0x4000
LOAD src/platform/rp2350/CMakeFiles/sqisign_rp2350_ksv.dir/call_on_psp.S.o
LOAD src/platform/rp2350/CMakeFiles/sqisign_rp2350_ksv.dir/keygen_sign_kat.c.o
LOAD src/platform/rp2350/CMakeFiles/sqisign_rp2350_ksv.dir/__/__/__/external/pico-sdk/src/rp2_common/hardware_clocks/clocks.c.o
LOAD src/platform/rp2350/CMakeFiles/sqisign_rp2350_ksv.dir/__/__/__/external/pico-sdk/src/rp2350/pico_platform/platform.c.o
LOAD src/platform/rp2350/CMakeFiles/sqisign_rp2350_ksv.dir/__/__/__/external/pico-sdk/src/rp2_common/pico_platform_common/common.c.o
LOAD src/platform/rp2350/CMakeFiles/sqisign_rp2350_ksv.dir/__/__/__/external/pico-sdk/src/rp2_common/pico_platform_panic/panic.c.o
LOAD src/platform/rp2350/CMakeFiles/sqisign_rp2350_ksv.dir/__/__/__/external/pico-sdk/src/rp2_common/pico_platform_panic/custom_panic_function.S.o
LOAD src/platform/rp2350/CMakeFiles/sqisign_rp2350_ksv.dir/__/__/__/external/pico-sdk/src/common/hardware_claim/claim.c.o
LOAD src/platform/rp2350/CMakeFiles/sqisign_rp2350_ksv.dir/__/__/__/external/pico-sdk/src/rp2_common/hardware_sync/sync.c.o
LOAD src/platform/rp2350/CMakeFiles/sqisign_rp2350_ksv.dir/__/__/__/external/pico-sdk/src/rp2_common/hardware_sync_spin_lock/sync_spin_lock.c.o
LOAD src/platform/rp2350/CMakeFiles/sqisign_rp2350_ksv.dir/__/__/__/external/pico-sdk/src/rp2_common/hardware_gpio/gpio.c.o
LOAD src/platform/rp2350/CMakeFiles/sqisign_rp2350_ksv.dir/__/__/__/external/pico-sdk/src/rp2_common/hardware_irq/irq.c.o
LOAD src/platform/rp2350/CMakeFiles/sqisign_rp2350_ksv.dir/__/__/__/external/pico-sdk/src/rp2_common/hardware_irq/irq_handler_chain.S.o
LOAD src/platform/rp2350/CMakeFiles/sqisign_rp2350_ksv.dir/__/__/__/external/pico-sdk/src/common/pico_sync/sem.c.o
LOAD src/platform/rp2350/CMakeFiles/sqisign_rp2350_ksv.dir/__/__/__/external/pico-sdk/src/common/pico_sync/lock_core.c.o
LOAD src/platform/rp2350/CMakeFiles/sqisign_rp2350_ksv.dir/__/__/__/external/pico-sdk/src/common/pico_sync/mutex.c.o
LOAD src/platform/rp2350/CMakeFiles/sqisign_rp2350_ksv.dir/__/__/__/external/pico-sdk/src/common/pico_sync/critical_section.c.o
LOAD src/platform/rp2350/CMakeFiles/sqisign_rp2350_ksv.dir/__/__/__/external/pico-sdk/src/common/pico_time/time.c.o
LOAD src/platform/rp2350/CMakeFiles/sqisign_rp2350_ksv.dir/__/__/__/external/pico-sdk/src/common/pico_time/timeout_helper.c.o
LOAD src/platform/rp2350/CMakeFiles/sqisign_rp2350_ksv.dir/__/__/__/external/pico-sdk/src/rp2_common/hardware_timer/timer.c.o
LOAD src/platform/rp2350/CMakeFiles/sqisign_rp2350_ksv.dir/__/__/__/external/pico-sdk/src/common/pico_util/datetime.c.o
LOAD src/platform/rp2350/CMakeFiles/sqisign_rp2350_ksv.dir/__/__/__/external/pico-sdk/src/common/pico_util/fixed_bitset.c.o
LOAD src/platform/rp2350/CMakeFiles/sqisign_rp2350_ksv.dir/__/__/__/external/pico-sdk/src/common/pico_util/pheap.c.o
LOAD src/platform/rp2350/CMakeFiles/sqisign_rp2350_ksv.dir/__/__/__/external/pico-sdk/src/common/pico_util/queue.c.o
LOAD src/platform/rp2350/CMakeFiles/sqisign_rp2350_ksv.dir/__/__/__/external/pico-sdk/src/rp2_common/hardware_pll/pll.c.o
LOAD src/platform/rp2350/CMakeFiles/sqisign_rp2350_ksv.dir/__/__/__/external/pico-sdk/src/rp2_common/hardware_vreg/vreg.c.o
LOAD src/platform/rp2350/CMakeFiles/sqisign_rp2350_ksv.dir/__/__/__/external/pico-sdk/src/rp2_common/hardware_watchdog/watchdog.c.o
LOAD src/platform/rp2350/CMakeFiles/sqisign_rp2350_ksv.dir/__/__/__/external/pico-sdk/src/rp2_common/hardware_ticks/ticks.c.o
LOAD src/platform/rp2350/CMakeFiles/sqisign_rp2350_ksv.dir/__/__/__/external/pico-sdk/src/rp2_common/pico_bootrom/bootrom.c.o
LOAD src/platform/rp2350/CMakeFiles/sqisign_rp2350_ksv.dir/__/__/__/external/pico-sdk/src/rp2_common/pico_bootrom/bootrom_lock.c.o
LOAD src/platform/rp2350/CMakeFiles/sqisign_rp2350_ksv.dir/__/__/__/external/pico-sdk/src/rp2_common/hardware_boot_lock/boot_lock.c.o
LOAD src/platform/rp2350/CMakeFiles/sqisign_rp2350_ksv.dir/__/__/__/external/pico-sdk/src/rp2_common/pico_flash/flash.c.o
LOAD src/platform/rp2350/CMakeFiles/sqisign_rp2350_ksv.dir/__/__/__/external/pico-sdk/src/rp2_common/hardware_xosc/xosc.c.o
LOAD src/platform/rp2350/CMakeFiles/sqisign_rp2350_ksv.dir/__/__/__/external/pico-sdk/src/rp2_common/pico_stdlib/stdlib.c.o
LOAD src/platform/rp2350/CMakeFiles/sqisign_rp2350_ksv.dir/__/__/__/external/pico-sdk/src/rp2_common/hardware_uart/uart.c.o
LOAD src/platform/rp2350/CMakeFiles/sqisign_rp2350_ksv.dir/__/__/__/external/pico-sdk/src/rp2_common/hardware_divider/divider.c.o
LOAD src/platform/rp2350/CMakeFiles/sqisign_rp2350_ksv.dir/__/__/__/external/pico-sdk/src/rp2_common/pico_runtime/runtime.c.o
LOAD src/platform/rp2350/CMakeFiles/sqisign_rp2350_ksv.dir/__/__/__/external/pico-sdk/src/rp2_common/pico_runtime_init/runtime_init.c.o
LOAD src/platform/rp2350/CMakeFiles/sqisign_rp2350_ksv.dir/__/__/__/external/pico-sdk/src/rp2_common/pico_runtime_init/runtime_init_clocks.c.o
LOAD src/platform/rp2350/CMakeFiles/sqisign_rp2350_ksv.dir/__/__/__/external/pico-sdk/src/rp2_common/pico_runtime_init/runtime_init_stack_guard.c.o
LOAD src/platform/rp2350/CMakeFiles/sqisign_rp2350_ksv.dir/__/__/__/external/pico-sdk/src/rp2_common/pico_bit_ops/bit_ops_aeabi.S.o
LOAD src/platform/rp2350/CMakeFiles/sqisign_rp2350_ksv.dir/__/__/__/external/pico-sdk/src/rp2_common/pico_divider/divider_compiler.c.o
LOAD src/platform/rp2350/CMakeFiles/sqisign_rp2350_ksv.dir/__/__/__/external/pico-sdk/src/rp2_common/pico_double/double_math.c.o
LOAD src/platform/rp2350/CMakeFiles/sqisign_rp2350_ksv.dir/__/__/__/external/pico-sdk/src/rp2_common/pico_double/double_aeabi_dcp.S.o
LOAD src/platform/rp2350/CMakeFiles/sqisign_rp2350_ksv.dir/__/__/__/external/pico-sdk/src/rp2_common/pico_double/double_fma_dcp.S.o
LOAD src/platform/rp2350/CMakeFiles/sqisign_rp2350_ksv.dir/__/__/__/external/pico-sdk/src/rp2_common/pico_double/double_sci_m33.S.o
LOAD src/platform/rp2350/CMakeFiles/sqisign_rp2350_ksv.dir/__/__/__/external/pico-sdk/src/rp2_common/pico_double/double_conv_m33.S.o
LOAD src/platform/rp2350/CMakeFiles/sqisign_rp2350_ksv.dir/__/__/__/external/pico-sdk/src/rp2_common/pico_float/float_math.c.o
LOAD src/platform/rp2350/CMakeFiles/sqisign_rp2350_ksv.dir/__/__/__/external/pico-sdk/src/rp2_common/pico_float/float_conv32_vfp.S.o
LOAD src/platform/rp2350/CMakeFiles/sqisign_rp2350_ksv.dir/__/__/__/external/pico-sdk/src/rp2_common/pico_float/float_common_m33.S.o
LOAD src/platform/rp2350/CMakeFiles/sqisign_rp2350_ksv.dir/__/__/__/external/pico-sdk/src/rp2_common/pico_float/float_sci_m33_vfp.S.o
LOAD src/platform/rp2350/CMakeFiles/sqisign_rp2350_ksv.dir/__/__/__/external/pico-sdk/src/rp2_common/pico_malloc/malloc.c.o
LOAD src/platform/rp2350/CMakeFiles/sqisign_rp2350_ksv.dir/__/__/__/external/pico-sdk/src/rp2_common/pico_atomic/atomic.c.o
LOAD src/platform/rp2350/CMakeFiles/sqisign_rp2350_ksv.dir/__/__/__/external/pico-sdk/src/rp2_common/pico_cxx_options/new_delete.cpp.o
LOAD src/platform/rp2350/CMakeFiles/sqisign_rp2350_ksv.dir/__/__/__/external/pico-sdk/src/rp2_common/pico_standard_binary_info/standard_binary_info.c.o
LOAD src/platform/rp2350/CMakeFiles/sqisign_rp2350_ksv.dir/__/__/__/external/pico-sdk/src/rp2_common/pico_printf/printf.c.o
LOAD src/platform/rp2350/CMakeFiles/sqisign_rp2350_ksv.dir/__/__/__/external/pico-sdk/src/rp2_common/pico_crt0/crt0.S.o
LOAD src/platform/rp2350/CMakeFiles/sqisign_rp2350_ksv.dir/__/__/__/external/pico-sdk/src/rp2_common/pico_clib_interface/newlib_interface.c.o
LOAD src/platform/rp2350/CMakeFiles/sqisign_rp2350_ksv.dir/__/__/__/external/pico-sdk/src/rp2_common/pico_clib_interface/cxa_guard.c.o
LOAD src/platform/rp2350/CMakeFiles/sqisign_rp2350_ksv.dir/__/__/__/external/pico-sdk/src/rp2_common/pico_stdio/stdio.c.o
LOAD src/platform/rp2350/CMakeFiles/sqisign_rp2350_ksv.dir/__/__/__/external/pico-sdk/src/rp2_common/pico_stdio_usb/stdio_usb.c.o
LOAD src/platform/rp2350/CMakeFiles/sqisign_rp2350_ksv.dir/__/__/__/external/pico-sdk/src/rp2_common/pico_stdio_usb/stdio_usb_descriptors.c.o
LOAD src/platform/rp2350/CMakeFiles/sqisign_rp2350_ksv.dir/__/__/__/external/pico-sdk/src/rp2_common/pico_unique_id/unique_id.c.o
LOAD src/platform/rp2350/CMakeFiles/sqisign_rp2350_ksv.dir/__/__/__/external/pico-sdk/src/rp2_common/hardware_flash/flash.c.o
LOAD src/platform/rp2350/CMakeFiles/sqisign_rp2350_ksv.dir/__/__/__/external/pico-sdk/src/rp2_common/hardware_xip_cache/xip_cache.c.o
LOAD src/platform/rp2350/CMakeFiles/sqisign_rp2350_ksv.dir/__/__/__/external/pico-sdk/src/rp2_common/pico_usb_reset/usb_reset.c.o
LOAD src/platform/rp2350/CMakeFiles/sqisign_rp2350_ksv.dir/__/__/__/external/pico-sdk/lib/tinyusb/src/portable/raspberrypi/rp2040/dcd_rp2040.c.o
LOAD src/platform/rp2350/CMakeFiles/sqisign_rp2350_ksv.dir/__/__/__/external/pico-sdk/lib/tinyusb/src/portable/raspberrypi/rp2040/rp2040_usb.c.o
LOAD src/platform/rp2350/CMakeFiles/sqisign_rp2350_ksv.dir/__/__/__/external/pico-sdk/lib/tinyusb/src/device/usbd.c.o
LOAD src/platform/rp2350/CMakeFiles/sqisign_rp2350_ksv.dir/__/__/__/external/pico-sdk/lib/tinyusb/src/device/usbd_control.c.o
LOAD src/platform/rp2350/CMakeFiles/sqisign_rp2350_ksv.dir/__/__/__/external/pico-sdk/lib/tinyusb/src/class/audio/audio_device.c.o
LOAD src/platform/rp2350/CMakeFiles/sqisign_rp2350_ksv.dir/__/__/__/external/pico-sdk/lib/tinyusb/src/class/cdc/cdc_device.c.o
LOAD src/platform/rp2350/CMakeFiles/sqisign_rp2350_ksv.dir/__/__/__/external/pico-sdk/lib/tinyusb/src/class/dfu/dfu_device.c.o
LOAD src/platform/rp2350/CMakeFiles/sqisign_rp2350_ksv.dir/__/__/__/external/pico-sdk/lib/tinyusb/src/class/dfu/dfu_rt_device.c.o
LOAD src/platform/rp2350/CMakeFiles/sqisign_rp2350_ksv.dir/__/__/__/external/pico-sdk/lib/tinyusb/src/class/hid/hid_device.c.o
LOAD src/platform/rp2350/CMakeFiles/sqisign_rp2350_ksv.dir/__/__/__/external/pico-sdk/lib/tinyusb/src/class/midi/midi_device.c.o
LOAD src/platform/rp2350/CMakeFiles/sqisign_rp2350_ksv.dir/__/__/__/external/pico-sdk/lib/tinyusb/src/class/msc/msc_device.c.o
LOAD src/platform/rp2350/CMakeFiles/sqisign_rp2350_ksv.dir/__/__/__/external/pico-sdk/lib/tinyusb/src/class/net/ecm_rndis_device.c.o
LOAD src/platform/rp2350/CMakeFiles/sqisign_rp2350_ksv.dir/__/__/__/external/pico-sdk/lib/tinyusb/src/class/net/ncm_device.c.o
LOAD src/platform/rp2350/CMakeFiles/sqisign_rp2350_ksv.dir/__/__/__/external/pico-sdk/lib/tinyusb/src/class/usbtmc/usbtmc_device.c.o
LOAD src/platform/rp2350/CMakeFiles/sqisign_rp2350_ksv.dir/__/__/__/external/pico-sdk/lib/tinyusb/src/class/vendor/vendor_device.c.o
LOAD src/platform/rp2350/CMakeFiles/sqisign_rp2350_ksv.dir/__/__/__/external/pico-sdk/lib/tinyusb/src/class/video/video_device.c.o
LOAD src/platform/rp2350/CMakeFiles/sqisign_rp2350_ksv.dir/__/__/__/external/pico-sdk/lib/tinyusb/src/tusb.c.o
LOAD src/platform/rp2350/CMakeFiles/sqisign_rp2350_ksv.dir/__/__/__/external/pico-sdk/lib/tinyusb/src/common/tusb_fifo.c.o
LOAD src/platform/rp2350/CMakeFiles/sqisign_rp2350_ksv.dir/__/__/__/external/pico-sdk/src/rp2_common/pico_fix/rp2040_usb_device_enumeration/rp2040_usb_device_enumeration.c.o
LOAD src/platform/rp2350/CMakeFiles/sqisign_rp2350_ksv.dir/__/__/__/external/pico-sdk/src/rp2_common/pico_thread_local/thread_local.c.o
LOAD pico-sdk/src/rp2350/boot_stage2/CMakeFiles/bs2_default_library.dir/./bs2_default_padded.S.o
LOAD src/sqisign/ksv_lvl1/libsqisign_ksv_lvl1_ref32.a
LOAD /Users/hiro/workspace/raspico2/arm-gnu-toolchain-extracted/bin/../lib/gcc/arm-none-eabi/15.2.1/../../../../arm-none-eabi/lib/thumb/v8-m.main+fp/softfp/libstdc++.a
LOAD /Users/hiro/workspace/raspico2/arm-gnu-toolchain-extracted/bin/../lib/gcc/arm-none-eabi/15.2.1/../../../../arm-none-eabi/lib/thumb/v8-m.main+fp/softfp/libm.a
START GROUP
LOAD /Users/hiro/workspace/raspico2/arm-gnu-toolchain-extracted/bin/../lib/gcc/arm-none-eabi/15.2.1/thumb/v8-m.main+fp/softfp/libgcc.a
LOAD /Users/hiro/workspace/raspico2/arm-gnu-toolchain-extracted/bin/../lib/gcc/arm-none-eabi/15.2.1/../../../../arm-none-eabi/lib/thumb/v8-m.main+fp/softfp/libg.a
LOAD /Users/hiro/workspace/raspico2/arm-gnu-toolchain-extracted/bin/../lib/gcc/arm-none-eabi/15.2.1/../../../../arm-none-eabi/lib/thumb/v8-m.main+fp/softfp/libc.a
END GROUP
                0x20000000                        PROVIDE (RAM_ORIGIN = RAM_ORIGIN_DEFAULT)
                0x00080000                        PROVIDE (RAM_LENGTH = RAM_LENGTH_DEFAULT)
                0x20080000                        PROVIDE (SCRATCH_X_ORIGIN = SCRATCH_X_ORIGIN_DEFAULT)
                0x00001000                        PROVIDE (SCRATCH_X_LENGTH = SCRATCH_X_LENGTH_DEFAULT)
                0x20081000                        PROVIDE (SCRATCH_Y_ORIGIN = SCRATCH_Y_ORIGIN_DEFAULT)
                0x00001000                        PROVIDE (SCRATCH_Y_LENGTH = SCRATCH_Y_LENGTH_DEFAULT)
                0x13ffc000                        PROVIDE (XIP_RAM_ORIGIN = XIP_RAM_ORIGIN_DEFAULT)
                0x00004000                        PROVIDE (XIP_RAM_LENGTH = XIP_RAM_LENGTH_DEFAULT)
                0x20000000                        RAM_ORIGIN = DEFINED (RAM_ORIGIN)?RAM_ORIGIN:RAM_ORIGIN_DEFAULT
                0x00080000                        RAM_LENGTH = DEFINED (RAM_LENGTH)?RAM_LENGTH:RAM_LENGTH_DEFAULT
                0x20080000                        SCRATCH_X_ORIGIN = DEFINED (SCRATCH_X_ORIGIN)?SCRATCH_X_ORIGIN:SCRATCH_X_ORIGIN_DEFAULT
                0x00001000                        SCRATCH_X_LENGTH = DEFINED (SCRATCH_X_LENGTH)?SCRATCH_X_LENGTH:SCRATCH_X_LENGTH_DEFAULT
                0x20081000                        SCRATCH_Y_ORIGIN = DEFINED (SCRATCH_Y_ORIGIN)?SCRATCH_Y_ORIGIN:SCRATCH_Y_ORIGIN_DEFAULT
                0x00001000                        SCRATCH_Y_LENGTH = DEFINED (SCRATCH_Y_LENGTH)?SCRATCH_Y_LENGTH:SCRATCH_Y_LENGTH_DEFAULT
                0x13ffc000                        XIP_RAM_ORIGIN = DEFINED (XIP_RAM_ORIGIN)?XIP_RAM_ORIGIN:XIP_RAM_ORIGIN_DEFAULT
                0x00004000                        XIP_RAM_LENGTH = DEFINED (XIP_RAM_LENGTH)?XIP_RAM_LENGTH:XIP_RAM_LENGTH_DEFAULT

.flash_begin    0x10000000        0x0
                0x10000000                        __flash_binary_start = .

.text           0x10000000    0x288cc
                0x10000000                        __logical_binary_start = .
 *(.vectors)
 .vectors       0x10000000      0x124 src/platform/rp2350/CMakeFiles/sqisign_rp2350_ksv.dir/__/__/__/external/pico-sdk/src/rp2_common/pico_crt0/crt0.S.o
                0x10000000                __VECTOR_TABLE
                0x10000000                __vectors
                0x10000110                __unhandled_user_irq
                0x10000110                isr_irq49
                0x10000110                isr_irq13
                0x10000110                isr_irq43
                0x10000110                isr_irq45
                0x10000110                isr_irq27
                0x10000110                isr_irq32
                0x10000110                isr_irq31
                0x10000110                isr_irq5
                0x10000110                isr_irq11
                0x10000110                isr_irq23
                0x10000110                isr_usagefault
                0x10000110                isr_irq48
                0x10000110                isr_irq35
                0x10000110                isr_irq18
                0x10000110                isr_irq50
                0x10000110                isr_irq9
                0x10000110                isr_irq30
                0x10000110                isr_irq16
                0x10000110                isr_irq44
                0x10000110                isr_irq29
                0x10000110                isr_irq26
                0x10000110                isr_irq33
                0x10000110                isr_irq3
                0x10000110                isr_irq12
                0x10000110                isr_securefault
                0x10000110                isr_irq40
                0x10000110                isr_irq28
                0x10000110                isr_irq19
                0x10000110                isr_irq36
                0x10000110                isr_irq41
                0x10000110                isr_irq0
                0x10000110                isr_irq6
                0x10000110                isr_memmanage
                0x10000110                isr_irq37
                0x10000110                isr_irq42
                0x10000110                isr_irq22
                0x10000110                isr_irq17
                0x10000110                isr_irq38
                0x10000110                isr_irq14
                0x10000110                __vectors_end
                0x10000110                __default_isrs_start
                0x10000110                isr_irq2
                0x10000110                isr_irq10
                0x10000110                isr_irq8
                0x10000110                isr_debugmonitor
                0x10000110                isr_irq24
                0x10000110                isr_irq46
                0x10000110                isr_irq1
                0x10000110                isr_irq47
                0x10000110                isr_irq51
                0x10000110                isr_irq7
                0x10000110                isr_irq21
                0x10000110                isr_irq39
                0x10000110                isr_irq20
                0x10000110                isr_irq15
                0x10000110                isr_irq25
                0x10000110                isr_irq34
                0x10000110                isr_irq4
                0x10000110                isr_busfault
                0x10000116                unhandled_user_irq_num_in_r0
                0x10000118                isr_invalid
                0x1000011a                isr_nmi
                0x1000011c                isr_hardfault
                0x1000011e                isr_svcall
                0x10000120                isr_pendsv
                0x10000122                isr_systick
                0x10000124                __default_isrs_end
 *(.binary_info_header)
 .binary_info_header
                0x10000124       0x14 src/platform/rp2350/CMakeFiles/sqisign_rp2350_ksv.dir/__/__/__/external/pico-sdk/src/rp2_common/pico_crt0/crt0.S.o
                0x10000138                        __binary_info_header_end = .
 *(.embedded_block)
 .embedded_block
                0x10000138       0x14 src/platform/rp2350/CMakeFiles/sqisign_rp2350_ksv.dir/__/__/__/external/pico-sdk/src/rp2_common/pico_crt0/crt0.S.o
                0x1000014c                        __embedded_block_end = .
 *(.reset)
 .reset         0x1000014c       0x94 src/platform/rp2350/CMakeFiles/sqisign_rp2350_ksv.dir/__/__/__/external/pico-sdk/src/rp2_common/pico_crt0/crt0.S.o
                0x1000014c                _entry_point
 *(.init)
 SORT_BY_NAME(REVERSE(*libgcc.a:cmse_nonsecure_call.o))()
 *(EXCLUDE_FILE(*libm.a: *lib*_a-mem*.o *libc.a: *libgcc.a:) .text*)
 .text          0x100001e0       0x40 src/platform/rp2350/CMakeFiles/sqisign_rp2350_ksv.dir/call_on_psp.S.o
                0x100001e0                sqisign_call_on_psp
 .text.workspace_is_guarded_and_clear
                0x10000220      0x184 src/platform/rp2350/CMakeFiles/sqisign_rp2350_ksv.dir/keygen_sign_kat.c.o
 *fill*         0x100003a4        0x4 
 .text.verify_thunk
                0x100003a8       0x40 src/platform/rp2350/CMakeFiles/sqisign_rp2350_ksv.dir/keygen_sign_kat.c.o
 .text.sign_thunk
                0x100003e8       0x44 src/platform/rp2350/CMakeFiles/sqisign_rp2350_ksv.dir/keygen_sign_kat.c.o
 .text.keygen_thunk
                0x1000042c       0x18 src/platform/rp2350/CMakeFiles/sqisign_rp2350_ksv.dir/keygen_sign_kat.c.o
 .text.workspace_fill
                0x10000444       0x34 src/platform/rp2350/CMakeFiles/sqisign_rp2350_ksv.dir/keygen_sign_kat.c.o
 .text.print_digest
                0x10000478       0x34 src/platform/rp2350/CMakeFiles/sqisign_rp2350_ksv.dir/keygen_sign_kat.c.o
 .text.startup.main
                0x100004ac      0x840 src/platform/rp2350/CMakeFiles/sqisign_rp2350_ksv.dir/keygen_sign_kat.c.o
                0x100004ac                main
 .text.clock_configure_undivided
                0x10000cec       0xdc src/platform/rp2350/CMakeFiles/sqisign_rp2350_ksv.dir/__/__/__/external/pico-sdk/src/rp2_common/hardware_clocks/clocks.c.o
                0x10000cec                clock_configure_undivided
 .text.clock_get_hz
                0x10000dc8        0xc src/platform/rp2350/CMakeFiles/sqisign_rp2350_ksv.dir/__/__/__/external/pico-sdk/src/rp2_common/hardware_clocks/clocks.c.o
                0x10000dc8                clock_get_hz
 .text.panic    0x10000dd4       0x30 src/platform/rp2350/CMakeFiles/sqisign_rp2350_ksv.dir/__/__/__/external/pico-sdk/src/rp2_common/pico_platform_panic/panic.c.o
                0x10000dd4                panic
 .text.hw_claim_or_assert
                0x10000e04       0x58 src/platform/rp2350/CMakeFiles/sqisign_rp2350_ksv.dir/__/__/__/external/pico-sdk/src/common/hardware_claim/claim.c.o
                0x10000e04                hw_claim_or_assert
 .text.hw_claim_unused_from_range
                0x10000e5c       0x84 src/platform/rp2350/CMakeFiles/sqisign_rp2350_ksv.dir/__/__/__/external/pico-sdk/src/common/hardware_claim/claim.c.o
                0x10000e5c                hw_claim_unused_from_range
 .text.next_striped_spin_lock_num
                0x10000ee0       0x18 src/platform/rp2350/CMakeFiles/sqisign_rp2350_ksv.dir/__/__/__/external/pico-sdk/src/rp2_common/hardware_sync/sync.c.o
                0x10000ee0                next_striped_spin_lock_num
 .text.spin_lock_claim_unused
                0x10000ef8       0x24 src/platform/rp2350/CMakeFiles/sqisign_rp2350_ksv.dir/__/__/__/external/pico-sdk/src/rp2_common/hardware_sync/sync.c.o
                0x10000ef8                spin_lock_claim_unused
 .text.spinlock_set_extexclall
                0x10000f1c       0x10 src/platform/rp2350/CMakeFiles/sqisign_rp2350_ksv.dir/__/__/__/external/pico-sdk/src/rp2_common/hardware_sync_spin_lock/sync_spin_lock.c.o
 .text.spin_locks_reset
                0x10000f2c       0x18 src/platform/rp2350/CMakeFiles/sqisign_rp2350_ksv.dir/__/__/__/external/pico-sdk/src/rp2_common/hardware_sync_spin_lock/sync_spin_lock.c.o
                0x10000f2c                spin_locks_reset
 .text.runtime_init_per_core_irq_priorities
                0x10000f44       0x40 src/platform/rp2350/CMakeFiles/sqisign_rp2350_ksv.dir/__/__/__/external/pico-sdk/src/rp2_common/hardware_irq/irq.c.o
                0x10000f44                runtime_init_per_core_irq_priorities
 .text.irq_set_enabled
                0x10000f84       0x2c src/platform/rp2350/CMakeFiles/sqisign_rp2350_ksv.dir/__/__/__/external/pico-sdk/src/rp2_common/hardware_irq/irq.c.o
                0x10000f84                irq_set_enabled
 .text.irq_is_enabled
                0x10000fb0       0x20 src/platform/rp2350/CMakeFiles/sqisign_rp2350_ksv.dir/__/__/__/external/pico-sdk/src/rp2_common/hardware_irq/irq.c.o
                0x10000fb0                irq_is_enabled
 .text.irq_set_pending
                0x10000fd0       0x18 src/platform/rp2350/CMakeFiles/sqisign_rp2350_ksv.dir/__/__/__/external/pico-sdk/src/rp2_common/hardware_irq/irq.c.o
                0x10000fd0                irq_set_pending
 .text.irq_has_shared_handler
                0x10000fe8       0x20 src/platform/rp2350/CMakeFiles/sqisign_rp2350_ksv.dir/__/__/__/external/pico-sdk/src/rp2_common/hardware_irq/irq.c.o
                0x10000fe8                irq_has_shared_handler
 .text.irq_set_exclusive_handler
                0x10001008       0x64 src/platform/rp2350/CMakeFiles/sqisign_rp2350_ksv.dir/__/__/__/external/pico-sdk/src/rp2_common/hardware_irq/irq.c.o
                0x10001008                irq_set_exclusive_handler
 .text.irq_add_shared_handler
                0x1000106c      0x1c4 src/platform/rp2350/CMakeFiles/sqisign_rp2350_ksv.dir/__/__/__/external/pico-sdk/src/rp2_common/hardware_irq/irq.c.o
                0x1000106c                irq_add_shared_handler
 .text.irq_add_tail_to_free_list
                0x10001230       0xe4 src/platform/rp2350/CMakeFiles/sqisign_rp2350_ksv.dir/__/__/__/external/pico-sdk/src/rp2_common/hardware_irq/irq.c.o
                0x10001230                irq_add_tail_to_free_list
 .text.user_irq_claim_unused
                0x10001314       0x2c src/platform/rp2350/CMakeFiles/sqisign_rp2350_ksv.dir/__/__/__/external/pico-sdk/src/rp2_common/hardware_irq/irq.c.o
                0x10001314                user_irq_claim_unused
 .text.lock_init
                0x10001340        0xc src/platform/rp2350/CMakeFiles/sqisign_rp2350_ksv.dir/__/__/__/external/pico-sdk/src/common/pico_sync/lock_core.c.o
                0x10001340                lock_init
 .text.runtime_init_mutex
                0x1000134c       0x4c src/platform/rp2350/CMakeFiles/sqisign_rp2350_ksv.dir/__/__/__/external/pico-sdk/src/common/pico_sync/mutex.c.o
                0x1000134c                runtime_init_mutex
 .text.mutex_init
                0x10001398       0x1c src/platform/rp2350/CMakeFiles/sqisign_rp2350_ksv.dir/__/__/__/external/pico-sdk/src/common/pico_sync/mutex.c.o
                0x10001398                mutex_init
 .text.critical_section_init
                0x100013b4       0x1c src/platform/rp2350/CMakeFiles/sqisign_rp2350_ksv.dir/__/__/__/external/pico-sdk/src/common/pico_sync/critical_section.c.o
                0x100013b4                critical_section_init
 .text.critical_section_init_with_lock_num
                0x100013d0       0x10 src/platform/rp2350/CMakeFiles/sqisign_rp2350_ksv.dir/__/__/__/external/pico-sdk/src/common/pico_sync/critical_section.c.o
                0x100013d0                critical_section_init_with_lock_num
 .text.sleep_until_callback
                0x100013e0       0x4c src/platform/rp2350/CMakeFiles/sqisign_rp2350_ksv.dir/__/__/__/external/pico-sdk/src/common/pico_time/time.c.o
 *fill*         0x1000142c        0x4 
 .text.alarm_pool_irq_handler
                0x10001430      0x2ec src/platform/rp2350/CMakeFiles/sqisign_rp2350_ksv.dir/__/__/__/external/pico-sdk/src/common/pico_time/time.c.o
 .text.runtime_init_default_alarm_pool
                0x1000171c      0x104 src/platform/rp2350/CMakeFiles/sqisign_rp2350_ksv.dir/__/__/__/external/pico-sdk/src/common/pico_time/time.c.o
                0x1000171c                runtime_init_default_alarm_pool
 .text.alarm_pool_get_default
                0x10001820        0x8 src/platform/rp2350/CMakeFiles/sqisign_rp2350_ksv.dir/__/__/__/external/pico-sdk/src/common/pico_time/time.c.o
                0x10001820                alarm_pool_get_default
 .text.alarm_pool_add_alarm_at
                0x10001828       0xe4 src/platform/rp2350/CMakeFiles/sqisign_rp2350_ksv.dir/__/__/__/external/pico-sdk/src/common/pico_time/time.c.o
                0x10001828                alarm_pool_add_alarm_at
 .text.alarm_pool_add_alarm_at_force_in_context
                0x1000190c       0xcc src/platform/rp2350/CMakeFiles/sqisign_rp2350_ksv.dir/__/__/__/external/pico-sdk/src/common/pico_time/time.c.o
                0x1000190c                alarm_pool_add_alarm_at_force_in_context
 .text.alarm_pool_cancel_alarm
                0x100019d8       0x84 src/platform/rp2350/CMakeFiles/sqisign_rp2350_ksv.dir/__/__/__/external/pico-sdk/src/common/pico_time/time.c.o
                0x100019d8                alarm_pool_cancel_alarm
 .text.alarm_pool_core_num
                0x10001a5c        0x4 src/platform/rp2350/CMakeFiles/sqisign_rp2350_ksv.dir/__/__/__/external/pico-sdk/src/common/pico_time/time.c.o
                0x10001a5c                alarm_pool_core_num
 .text.sleep_ms
                0x10001a60       0xf8 src/platform/rp2350/CMakeFiles/sqisign_rp2350_ksv.dir/__/__/__/external/pico-sdk/src/common/pico_time/time.c.o
                0x10001a60                sleep_ms
 .text.best_effort_wfe_or_timeout
                0x10001b58      0x12c src/platform/rp2350/CMakeFiles/sqisign_rp2350_ksv.dir/__/__/__/external/pico-sdk/src/common/pico_time/time.c.o
                0x10001b58                best_effort_wfe_or_timeout
 .text.timer_hardware_alarm_claim
                0x10001c84       0x24 src/platform/rp2350/CMakeFiles/sqisign_rp2350_ksv.dir/__/__/__/external/pico-sdk/src/rp2_common/hardware_timer/timer.c.o
                0x10001c84                timer_hardware_alarm_claim
 .text.timer_time_us_64
                0x10001ca8       0x10 src/platform/rp2350/CMakeFiles/sqisign_rp2350_ksv.dir/__/__/__/external/pico-sdk/src/rp2_common/hardware_timer/timer.c.o
                0x10001ca8                timer_time_us_64
 .text.time_us_64
                0x10001cb8       0x14 src/platform/rp2350/CMakeFiles/sqisign_rp2350_ksv.dir/__/__/__/external/pico-sdk/src/rp2_common/hardware_timer/timer.c.o
                0x10001cb8                time_us_64
 .text.busy_wait_until
                0x10001ccc       0x24 src/platform/rp2350/CMakeFiles/sqisign_rp2350_ksv.dir/__/__/__/external/pico-sdk/src/rp2_common/hardware_timer/timer.c.o
                0x10001ccc                busy_wait_until
 .text.pll_init
                0x10001cf0       0x90 src/platform/rp2350/CMakeFiles/sqisign_rp2350_ksv.dir/__/__/__/external/pico-sdk/src/rp2_common/hardware_pll/pll.c.o
                0x10001cf0                pll_init
 .text.watchdog_reboot
                0x10001d80       0xac src/platform/rp2350/CMakeFiles/sqisign_rp2350_ksv.dir/__/__/__/external/pico-sdk/src/rp2_common/hardware_watchdog/watchdog.c.o
                0x10001d80                watchdog_reboot
 .text.tick_start
                0x10001e2c       0x18 src/platform/rp2350/CMakeFiles/sqisign_rp2350_ksv.dir/__/__/__/external/pico-sdk/src/rp2_common/hardware_ticks/ticks.c.o
                0x10001e2c                tick_start
 .text.rom_reboot.constprop.0.isra.0
                0x10001e44       0x3c src/platform/rp2350/CMakeFiles/sqisign_rp2350_ksv.dir/__/__/__/external/pico-sdk/src/rp2_common/pico_bootrom/bootrom.c.o
 .text.rom_func_lookup
                0x10001e80       0x18 src/platform/rp2350/CMakeFiles/sqisign_rp2350_ksv.dir/__/__/__/external/pico-sdk/src/rp2_common/pico_bootrom/bootrom.c.o
                0x10001e80                rom_func_lookup
 .text.rom_reset_usb_boot_extra
                0x10001e98       0x34 src/platform/rp2350/CMakeFiles/sqisign_rp2350_ksv.dir/__/__/__/external/pico-sdk/src/rp2_common/pico_bootrom/bootrom.c.o
                0x10001e98                rom_reset_usb_boot_extra
 .text.runtime_init_bootrom_locking_enable
                0x10001ecc       0x14 src/platform/rp2350/CMakeFiles/sqisign_rp2350_ksv.dir/__/__/__/external/pico-sdk/src/rp2_common/pico_bootrom/bootrom_lock.c.o
                0x10001ecc                runtime_init_bootrom_locking_enable
 .text.runtime_init_boot_locks_reset
                0x10001ee0       0x1c src/platform/rp2350/CMakeFiles/sqisign_rp2350_ksv.dir/__/__/__/external/pico-sdk/src/rp2_common/hardware_boot_lock/boot_lock.c.o
                0x10001ee0                runtime_init_boot_locks_reset
 .text.xosc_init
                0x10001efc       0x2c src/platform/rp2350/CMakeFiles/sqisign_rp2350_ksv.dir/__/__/__/external/pico-sdk/src/rp2_common/hardware_xosc/xosc.c.o
                0x10001efc                xosc_init
 .text.first_per_core_initializer
                0x10001f28        0x4 src/platform/rp2350/CMakeFiles/sqisign_rp2350_ksv.dir/__/__/__/external/pico-sdk/src/rp2_common/pico_runtime/runtime.c.o
 .text.hard_assertion_failure
                0x10001f2c        0xc src/platform/rp2350/CMakeFiles/sqisign_rp2350_ksv.dir/__/__/__/external/pico-sdk/src/rp2_common/pico_runtime/runtime.c.o
                0x10001f2c                hard_assertion_failure
 .text.runtime_run_initializers
                0x10001f38       0x20 src/platform/rp2350/CMakeFiles/sqisign_rp2350_ksv.dir/__/__/__/external/pico-sdk/src/rp2_common/pico_runtime/runtime.c.o
                0x10001f38                runtime_run_initializers
 .text.runtime_init_early_resets
                0x10001f58       0x30 src/platform/rp2350/CMakeFiles/sqisign_rp2350_ksv.dir/__/__/__/external/pico-sdk/src/rp2_common/pico_runtime_init/runtime_init.c.o
                0x10001f58                runtime_init_early_resets
 .text.runtime_init_usb_power_down
                0x10001f88       0x1c src/platform/rp2350/CMakeFiles/sqisign_rp2350_ksv.dir/__/__/__/external/pico-sdk/src/rp2_common/pico_runtime_init/runtime_init.c.o
                0x10001f88                runtime_init_usb_power_down
 .text.runtime_init_per_core_enable_coprocessors
                0x10001fa4       0x1c src/platform/rp2350/CMakeFiles/sqisign_rp2350_ksv.dir/__/__/__/external/pico-sdk/src/rp2_common/pico_runtime_init/runtime_init.c.o
                0x10001fa4                runtime_init_per_core_enable_coprocessors
 .text.runtime_init_post_clock_resets
                0x10001fc0       0x20 src/platform/rp2350/CMakeFiles/sqisign_rp2350_ksv.dir/__/__/__/external/pico-sdk/src/rp2_common/pico_runtime_init/runtime_init.c.o
                0x10001fc0                runtime_init_post_clock_resets
 .text.runtime_init_bootrom_reset
                0x10001fe0       0x14 src/platform/rp2350/CMakeFiles/sqisign_rp2350_ksv.dir/__/__/__/external/pico-sdk/src/rp2_common/pico_runtime_init/runtime_init.c.o
                0x10001fe0                runtime_init_bootrom_reset
 .text.runtime_init_per_core_bootrom_reset
                0x10001ff4       0x14 src/platform/rp2350/CMakeFiles/sqisign_rp2350_ksv.dir/__/__/__/external/pico-sdk/src/rp2_common/pico_runtime_init/runtime_init.c.o
                0x10001ff4                runtime_init_per_core_bootrom_reset
 .text.runtime_init_spin_locks_reset
                0x10002008        0x4 src/platform/rp2350/CMakeFiles/sqisign_rp2350_ksv.dir/__/__/__/external/pico-sdk/src/rp2_common/pico_runtime_init/runtime_init.c.o
                0x10002008                runtime_init_spin_locks_reset
 .text.runtime_init_install_ram_vector_table
                0x1000200c       0x64 src/platform/rp2350/CMakeFiles/sqisign_rp2350_ksv.dir/__/__/__/external/pico-sdk/src/rp2_common/pico_runtime_init/runtime_init.c.o
                0x1000200c                runtime_init_install_ram_vector_table
 .text.runtime_init_clocks
                0x10002070       0xdc src/platform/rp2350/CMakeFiles/sqisign_rp2350_ksv.dir/__/__/__/external/pico-sdk/src/rp2_common/pico_runtime_init/runtime_init_clocks.c.o
                0x10002070                runtime_init_clocks
 .text.__wrap_ldexp
                0x1000214c       0x44 src/platform/rp2350/CMakeFiles/sqisign_rp2350_ksv.dir/__/__/__/external/pico-sdk/src/rp2_common/pico_double/double_math.c.o
                0x1000214c                __wrap_ldexp
 .text.__wrap_round
                0x10002190       0x84 src/platform/rp2350/CMakeFiles/sqisign_rp2350_ksv.dir/__/__/__/external/pico-sdk/src/rp2_common/pico_double/double_math.c.o
                0x10002190                __wrap_round
 .text.__rp2350_dcp_engaged_state_save_restore
                0x10002214       0x3a src/platform/rp2350/CMakeFiles/sqisign_rp2350_ksv.dir/__/__/__/external/pico-sdk/src/rp2_common/pico_double/double_aeabi_dcp.S.o
 *fill*         0x1000224e        0x2 
 .text.__wrap___aeabi_dadd
                0x10002250       0x28 src/platform/rp2350/CMakeFiles/sqisign_rp2350_ksv.dir/__/__/__/external/pico-sdk/src/rp2_common/pico_double/double_aeabi_dcp.S.o
                0x10002258                __wrap___aeabi_dadd
 .text.__wrap___aeabi_dsub
                0x10002278       0x28 src/platform/rp2350/CMakeFiles/sqisign_rp2350_ksv.dir/__/__/__/external/pico-sdk/src/rp2_common/pico_double/double_aeabi_dcp.S.o
                0x10002280                __wrap___aeabi_dsub
 .text.__wrap___aeabi_dmul
                0x100022a0       0x48 src/platform/rp2350/CMakeFiles/sqisign_rp2350_ksv.dir/__/__/__/external/pico-sdk/src/rp2_common/pico_double/double_aeabi_dcp.S.o
                0x100022a8                __wrap___aeabi_dmul
 .text.__wrap___aeabi_ddiv
                0x100022e8       0x9c src/platform/rp2350/CMakeFiles/sqisign_rp2350_ksv.dir/__/__/__/external/pico-sdk/src/rp2_common/pico_double/double_aeabi_dcp.S.o
                0x100022f0                __wrap___aeabi_ddiv
 .text.__wrap___aeabi_i2d
                0x10002384       0x24 src/platform/rp2350/CMakeFiles/sqisign_rp2350_ksv.dir/__/__/__/external/pico-sdk/src/rp2_common/pico_double/double_aeabi_dcp.S.o
                0x1000238c                __wrap___aeabi_i2d
                0x1000238c                int2double
 .text.__wrap___aeabi_ui2d
                0x100023a8       0x24 src/platform/rp2350/CMakeFiles/sqisign_rp2350_ksv.dir/__/__/__/external/pico-sdk/src/rp2_common/pico_double/double_aeabi_dcp.S.o
                0x100023b0                __wrap___aeabi_ui2d
                0x100023b0                uint2double
 .text.__wrap___aeabi_d2iz
                0x100023cc       0x24 src/platform/rp2350/CMakeFiles/sqisign_rp2350_ksv.dir/__/__/__/external/pico-sdk/src/rp2_common/pico_double/double_aeabi_dcp.S.o
                0x100023d4                __wrap___aeabi_d2iz
                0x100023d4                double2int_z
 .text.__wrap___aeabi_d2uiz
                0x100023f0       0x24 src/platform/rp2350/CMakeFiles/sqisign_rp2350_ksv.dir/__/__/__/external/pico-sdk/src/rp2_common/pico_double/double_aeabi_dcp.S.o
                0x100023f8                double2uint_z
                0x100023f8                double2uint
                0x100023f8                __wrap___aeabi_d2uiz
 .text.__wrap___aeabi_dcmpun
                0x10002414       0x24 src/platform/rp2350/CMakeFiles/sqisign_rp2350_ksv.dir/__/__/__/external/pico-sdk/src/rp2_common/pico_double/double_aeabi_dcp.S.o
                0x1000241c                __wrap___aeabi_dcmpun
 .text.__wrap___aeabi_dcmpeq
                0x10002438       0x24 src/platform/rp2350/CMakeFiles/sqisign_rp2350_ksv.dir/__/__/__/external/pico-sdk/src/rp2_common/pico_double/double_aeabi_dcp.S.o
                0x10002440                __wrap___aeabi_dcmpeq
 .text.__wrap___aeabi_dcmplt
                0x1000245c       0x28 src/platform/rp2350/CMakeFiles/sqisign_rp2350_ksv.dir/__/__/__/external/pico-sdk/src/rp2_common/pico_double/double_aeabi_dcp.S.o
                0x10002464                __wrap___aeabi_dcmplt
 .text.__wrap___aeabi_dcmple
                0x10002484       0x28 src/platform/rp2350/CMakeFiles/sqisign_rp2350_ksv.dir/__/__/__/external/pico-sdk/src/rp2_common/pico_double/double_aeabi_dcp.S.o
                0x1000248c                __wrap___aeabi_dcmple
 .text.__wrap___aeabi_dcmpge
                0x100024ac       0x28 src/platform/rp2350/CMakeFiles/sqisign_rp2350_ksv.dir/__/__/__/external/pico-sdk/src/rp2_common/pico_double/double_aeabi_dcp.S.o
                0x100024b4                __wrap___aeabi_dcmpge
 .text.__wrap___aeabi_dcmpgt
                0x100024d4       0x28 src/platform/rp2350/CMakeFiles/sqisign_rp2350_ksv.dir/__/__/__/external/pico-sdk/src/rp2_common/pico_double/double_aeabi_dcp.S.o
                0x100024dc                __wrap___aeabi_dcmpgt
 .text.__wrap_conv_tod
                0x100024fc      0x20c src/platform/rp2350/CMakeFiles/sqisign_rp2350_ksv.dir/__/__/__/external/pico-sdk/src/rp2_common/pico_double/double_conv_m33.S.o
                0x100024fc                __wrap___aeabi_l2d
                0x100024fc                int642double
                0x100024fe                fix642double
                0x100025a2                __wrap___aeabi_ul2d
                0x100025a2                uint642double
                0x100025a4                ufix642double
                0x10002638                fix2double
                0x100026a8                ufix2double
 .text.__wrap_conv_dtoi64_z
                0x10002708       0xa0 src/platform/rp2350/CMakeFiles/sqisign_rp2350_ksv.dir/__/__/__/external/pico-sdk/src/rp2_common/pico_double/double_conv_m33.S.o
                0x10002708                __wrap___aeabi_d2lz
                0x10002708                double2int64_z
                0x1000270a                double2fix64_z
 .text._out_null
                0x100027a8        0x4 src/platform/rp2350/CMakeFiles/sqisign_rp2350_ksv.dir/__/__/__/external/pico-sdk/src/rp2_common/pico_printf/printf.c.o
 .text._out_rev
                0x100027ac       0xa8 src/platform/rp2350/CMakeFiles/sqisign_rp2350_ksv.dir/__/__/__/external/pico-sdk/src/rp2_common/pico_printf/printf.c.o
 .text._ntoa_format
                0x10002854      0x1dc src/platform/rp2350/CMakeFiles/sqisign_rp2350_ksv.dir/__/__/__/external/pico-sdk/src/rp2_common/pico_printf/printf.c.o
 .text._out_char
                0x10002a30        0x8 src/platform/rp2350/CMakeFiles/sqisign_rp2350_ksv.dir/__/__/__/external/pico-sdk/src/rp2_common/pico_printf/printf.c.o
 .text._out_fct
                0x10002a38        0xc src/platform/rp2350/CMakeFiles/sqisign_rp2350_ksv.dir/__/__/__/external/pico-sdk/src/rp2_common/pico_printf/printf.c.o
 *fill*         0x10002a44        0x4 
 .text._ftoa    0x10002a48      0x494 src/platform/rp2350/CMakeFiles/sqisign_rp2350_ksv.dir/__/__/__/external/pico-sdk/src/rp2_common/pico_printf/printf.c.o
 *fill*         0x10002edc        0x4 
 .text._etoa    0x10002ee0      0x584 src/platform/rp2350/CMakeFiles/sqisign_rp2350_ksv.dir/__/__/__/external/pico-sdk/src/rp2_common/pico_printf/printf.c.o
 .text._vsnprintf
                0x10003464      0x9d8 src/platform/rp2350/CMakeFiles/sqisign_rp2350_ksv.dir/__/__/__/external/pico-sdk/src/rp2_common/pico_printf/printf.c.o
 .text.vfctprintf
                0x10003e3c       0x24 src/platform/rp2350/CMakeFiles/sqisign_rp2350_ksv.dir/__/__/__/external/pico-sdk/src/rp2_common/pico_printf/printf.c.o
                0x10003e3c                vfctprintf
 .text.weak_raw_vprintf
                0x10003e60       0x30 src/platform/rp2350/CMakeFiles/sqisign_rp2350_ksv.dir/__/__/__/external/pico-sdk/src/rp2_common/pico_printf/printf.c.o
                0x10003e60                weak_raw_vprintf
 .text._exit    0x10003e90        0x4 src/platform/rp2350/CMakeFiles/sqisign_rp2350_ksv.dir/__/__/__/external/pico-sdk/src/rp2_common/pico_clib_interface/newlib_interface.c.o
                0x10003e90                _exit
 .text._fini    0x10003e94        0x4 src/platform/rp2350/CMakeFiles/sqisign_rp2350_ksv.dir/__/__/__/external/pico-sdk/src/rp2_common/pico_clib_interface/newlib_interface.c.o
                0x10003e94                _fini
 .text._getpid  0x10003e98        0x4 src/platform/rp2350/CMakeFiles/sqisign_rp2350_ksv.dir/__/__/__/external/pico-sdk/src/rp2_common/pico_clib_interface/newlib_interface.c.o
                0x10003e98                _getpid
 .text._kill    0x10003e9c        0x8 src/platform/rp2350/CMakeFiles/sqisign_rp2350_ksv.dir/__/__/__/external/pico-sdk/src/rp2_common/pico_clib_interface/newlib_interface.c.o
                0x10003e9c                _kill
 .text.exit     0x10003ea4        0x8 src/platform/rp2350/CMakeFiles/sqisign_rp2350_ksv.dir/__/__/__/external/pico-sdk/src/rp2_common/pico_clib_interface/newlib_interface.c.o
                0x10003ea4                exit
 .text.runtime_init
                0x10003eac       0x24 src/platform/rp2350/CMakeFiles/sqisign_rp2350_ksv.dir/__/__/__/external/pico-sdk/src/rp2_common/pico_clib_interface/newlib_interface.c.o
                0x10003eac                runtime_init
 .text.stdio_out_chars_no_crlf
                0x10003ed0        0x8 src/platform/rp2350/CMakeFiles/sqisign_rp2350_ksv.dir/__/__/__/external/pico-sdk/src/rp2_common/pico_stdio/stdio.c.o
 .text.stdio_out_chars_crlf
                0x10003ed8       0xc0 src/platform/rp2350/CMakeFiles/sqisign_rp2350_ksv.dir/__/__/__/external/pico-sdk/src/rp2_common/pico_stdio/stdio.c.o
 .text.stdio_buffered_printer
                0x10003f98       0x54 src/platform/rp2350/CMakeFiles/sqisign_rp2350_ksv.dir/__/__/__/external/pico-sdk/src/rp2_common/pico_stdio/stdio.c.o
 .text.stdio_put_string
                0x10003fec       0xec src/platform/rp2350/CMakeFiles/sqisign_rp2350_ksv.dir/__/__/__/external/pico-sdk/src/rp2_common/pico_stdio/stdio.c.o
                0x10003fec                stdio_put_string
 .text.stdio_set_driver_enabled
                0x100040d8       0x28 src/platform/rp2350/CMakeFiles/sqisign_rp2350_ksv.dir/__/__/__/external/pico-sdk/src/rp2_common/pico_stdio/stdio.c.o
                0x100040d8                stdio_set_driver_enabled
 .text.stdio_flush
                0x10004100       0x24 src/platform/rp2350/CMakeFiles/sqisign_rp2350_ksv.dir/__/__/__/external/pico-sdk/src/rp2_common/pico_stdio/stdio.c.o
                0x10004100                stdio_flush
 .text.stdio_init_all
                0x10004124        0x4 src/platform/rp2350/CMakeFiles/sqisign_rp2350_ksv.dir/__/__/__/external/pico-sdk/src/rp2_common/pico_stdio/stdio.c.o
                0x10004124                stdio_init_all
 .text.__wrap_putchar
                0x10004128       0x84 src/platform/rp2350/CMakeFiles/sqisign_rp2350_ksv.dir/__/__/__/external/pico-sdk/src/rp2_common/pico_stdio/stdio.c.o
                0x10004128                stdio_putchar
                0x10004128                __wrap_putchar
 .text.__wrap_puts
                0x100041ac       0x3c src/platform/rp2350/CMakeFiles/sqisign_rp2350_ksv.dir/__/__/__/external/pico-sdk/src/rp2_common/pico_stdio/stdio.c.o
                0x100041ac                __wrap_puts
                0x100041ac                stdio_puts
 .text.__wrap_vprintf
                0x100041e8       0xc0 src/platform/rp2350/CMakeFiles/sqisign_rp2350_ksv.dir/__/__/__/external/pico-sdk/src/rp2_common/pico_stdio/stdio.c.o
                0x100041e8                __wrap_vprintf
                0x100041e8                stdio_vprintf
 .text.__wrap_printf
                0x100042a8       0x1c src/platform/rp2350/CMakeFiles/sqisign_rp2350_ksv.dir/__/__/__/external/pico-sdk/src/rp2_common/pico_stdio/stdio.c.o
                0x100042a8                stdio_printf
                0x100042a8                __wrap_printf
 .text.stdio_usb_set_chars_available_callback
                0x100042c4       0x14 src/platform/rp2350/CMakeFiles/sqisign_rp2350_ksv.dir/__/__/__/external/pico-sdk/src/rp2_common/pico_stdio_usb/stdio_usb.c.o
                0x100042c4                stdio_usb_set_chars_available_callback
 .text.timer_task
                0x100042d8       0x70 src/platform/rp2350/CMakeFiles/sqisign_rp2350_ksv.dir/__/__/__/external/pico-sdk/src/rp2_common/pico_stdio_usb/stdio_usb.c.o
 .text.usb_irq  0x10004348        0xc src/platform/rp2350/CMakeFiles/sqisign_rp2350_ksv.dir/__/__/__/external/pico-sdk/src/rp2_common/pico_stdio_usb/stdio_usb.c.o
 .text.stdio_usb_in_chars
                0x10004354       0x88 src/platform/rp2350/CMakeFiles/sqisign_rp2350_ksv.dir/__/__/__/external/pico-sdk/src/rp2_common/pico_stdio_usb/stdio_usb.c.o
                0x10004354                stdio_usb_in_chars
 .text.stdio_usb_out_flush
                0x100043dc       0x54 src/platform/rp2350/CMakeFiles/sqisign_rp2350_ksv.dir/__/__/__/external/pico-sdk/src/rp2_common/pico_stdio_usb/stdio_usb.c.o
 .text.stdio_usb_out_chars
                0x10004430       0xf0 src/platform/rp2350/CMakeFiles/sqisign_rp2350_ksv.dir/__/__/__/external/pico-sdk/src/rp2_common/pico_stdio_usb/stdio_usb.c.o
 .text.low_priority_worker_irq
                0x10004520       0xe8 src/platform/rp2350/CMakeFiles/sqisign_rp2350_ksv.dir/__/__/__/external/pico-sdk/src/rp2_common/pico_stdio_usb/stdio_usb.c.o
 .text.stdio_usb_init
                0x10004608       0xf0 src/platform/rp2350/CMakeFiles/sqisign_rp2350_ksv.dir/__/__/__/external/pico-sdk/src/rp2_common/pico_stdio_usb/stdio_usb.c.o
                0x10004608                stdio_usb_init
 .text.stdio_usb_connected
                0x100046f8        0x8 src/platform/rp2350/CMakeFiles/sqisign_rp2350_ksv.dir/__/__/__/external/pico-sdk/src/rp2_common/pico_stdio_usb/stdio_usb.c.o
                0x100046f8                stdio_usb_connected
 .text.tud_descriptor_device_cb
                0x10004700        0x8 src/platform/rp2350/CMakeFiles/sqisign_rp2350_ksv.dir/__/__/__/external/pico-sdk/src/rp2_common/pico_stdio_usb/stdio_usb_descriptors.c.o
                0x10004700                tud_descriptor_device_cb
 .text.tud_descriptor_configuration_cb
                0x10004708        0x8 src/platform/rp2350/CMakeFiles/sqisign_rp2350_ksv.dir/__/__/__/external/pico-sdk/src/rp2_common/pico_stdio_usb/stdio_usb_descriptors.c.o
                0x10004708                tud_descriptor_configuration_cb
 .text.tud_descriptor_string_cb
                0x10004710       0x80 src/platform/rp2350/CMakeFiles/sqisign_rp2350_ksv.dir/__/__/__/external/pico-sdk/src/rp2_common/pico_stdio_usb/stdio_usb_descriptors.c.o
                0x10004710                tud_descriptor_string_cb
 .text.startup._retrieve_unique_id_on_boot
                0x10004790       0x2c src/platform/rp2350/CMakeFiles/sqisign_rp2350_ksv.dir/__/__/__/external/pico-sdk/src/rp2_common/pico_unique_id/unique_id.c.o
 .text.pico_get_unique_board_id_string
                0x100047bc      0x190 src/platform/rp2350/CMakeFiles/sqisign_rp2350_ksv.dir/__/__/__/external/pico-sdk/src/rp2_common/pico_unique_id/unique_id.c.o
                0x100047bc                pico_get_unique_board_id_string
 .text.usb_reset_interface_init
                0x1000494c        0x4 src/platform/rp2350/CMakeFiles/sqisign_rp2350_ksv.dir/__/__/__/external/pico-sdk/src/rp2_common/pico_usb_reset/usb_reset.c.o
                0x1000494c                usb_reset_interface_init
 .text.usb_reset_interface_reset
                0x10004950        0xc src/platform/rp2350/CMakeFiles/sqisign_rp2350_ksv.dir/__/__/__/external/pico-sdk/src/rp2_common/pico_usb_reset/usb_reset.c.o
                0x10004950                usb_reset_interface_reset
 .text.usb_reset_interface_open
                0x1000495c       0x28 src/platform/rp2350/CMakeFiles/sqisign_rp2350_ksv.dir/__/__/__/external/pico-sdk/src/rp2_common/pico_usb_reset/usb_reset.c.o
                0x1000495c                usb_reset_interface_open
 .text.usb_reset_interface_xfer_cb
                0x10004984        0x4 src/platform/rp2350/CMakeFiles/sqisign_rp2350_ksv.dir/__/__/__/external/pico-sdk/src/rp2_common/pico_usb_reset/usb_reset.c.o
                0x10004984                usb_reset_interface_xfer_cb
 .text.usb_reset_interface_control_xfer_cb
                0x10004988       0x50 src/platform/rp2350/CMakeFiles/sqisign_rp2350_ksv.dir/__/__/__/external/pico-sdk/src/rp2_common/pico_usb_reset/usb_reset.c.o
                0x10004988                usb_reset_interface_control_xfer_cb
 .text.tud_descriptor_bos_cb
                0x100049d8        0x8 src/platform/rp2350/CMakeFiles/sqisign_rp2350_ksv.dir/__/__/__/external/pico-sdk/src/rp2_common/pico_usb_reset/usb_reset.c.o
                0x100049d8                tud_descriptor_bos_cb
 .text.tud_vendor_control_xfer_cb
                0x100049e0       0x28 src/platform/rp2350/CMakeFiles/sqisign_rp2350_ksv.dir/__/__/__/external/pico-sdk/src/rp2_common/pico_usb_reset/usb_reset.c.o
                0x100049e0                tud_vendor_control_xfer_cb
 .text.usbd_app_driver_get_cb
                0x10004a08       0x10 src/platform/rp2350/CMakeFiles/sqisign_rp2350_ksv.dir/__/__/__/external/pico-sdk/src/rp2_common/pico_usb_reset/usb_reset.c.o
                0x10004a08                usbd_app_driver_get_cb
 .text.tud_cdc_line_coding_cb
                0x10004a18       0x18 src/platform/rp2350/CMakeFiles/sqisign_rp2350_ksv.dir/__/__/__/external/pico-sdk/src/rp2_common/pico_usb_reset/usb_reset.c.o
                0x10004a18                tud_cdc_line_coding_cb
 .text.dcd_init
                0x10004a30       0x9c src/platform/rp2350/CMakeFiles/sqisign_rp2350_ksv.dir/__/__/__/external/pico-sdk/lib/tinyusb/src/portable/raspberrypi/rp2040/dcd_rp2040.c.o
                0x10004a30                dcd_init
 .text.dcd_int_enable
                0x10004acc        0x8 src/platform/rp2350/CMakeFiles/sqisign_rp2350_ksv.dir/__/__/__/external/pico-sdk/lib/tinyusb/src/portable/raspberrypi/rp2040/dcd_rp2040.c.o
                0x10004acc                dcd_int_enable
 .text.dcd_set_address
                0x10004ad4       0x10 src/platform/rp2350/CMakeFiles/sqisign_rp2350_ksv.dir/__/__/__/external/pico-sdk/lib/tinyusb/src/portable/raspberrypi/rp2040/dcd_rp2040.c.o
                0x10004ad4                dcd_set_address
 .text.dcd_sof_enable
                0x10004ae4       0x1c src/platform/rp2350/CMakeFiles/sqisign_rp2350_ksv.dir/__/__/__/external/pico-sdk/lib/tinyusb/src/portable/raspberrypi/rp2040/dcd_rp2040.c.o
                0x10004ae4                dcd_sof_enable
 .text.dcd_edpt0_status_complete
                0x10004b00       0x1c src/platform/rp2350/CMakeFiles/sqisign_rp2350_ksv.dir/__/__/__/external/pico-sdk/lib/tinyusb/src/portable/raspberrypi/rp2040/dcd_rp2040.c.o
                0x10004b00                dcd_edpt0_status_complete
 .text.dcd_edpt_open
                0x10004b1c       0xf4 src/platform/rp2350/CMakeFiles/sqisign_rp2350_ksv.dir/__/__/__/external/pico-sdk/lib/tinyusb/src/portable/raspberrypi/rp2040/dcd_rp2040.c.o
                0x10004b1c                dcd_edpt_open
 .text.dcd_edpt_close_all
                0x10004c10        0x4 src/platform/rp2350/CMakeFiles/sqisign_rp2350_ksv.dir/__/__/__/external/pico-sdk/lib/tinyusb/src/portable/raspberrypi/rp2040/dcd_rp2040.c.o
                0x10004c10                dcd_edpt_close_all
 .text.dcd_edpt_xfer
                0x10004c14       0x28 src/platform/rp2350/CMakeFiles/sqisign_rp2350_ksv.dir/__/__/__/external/pico-sdk/lib/tinyusb/src/portable/raspberrypi/rp2040/dcd_rp2040.c.o
                0x10004c14                dcd_edpt_xfer
 .text.dcd_edpt_stall
                0x10004c3c       0x30 src/platform/rp2350/CMakeFiles/sqisign_rp2350_ksv.dir/__/__/__/external/pico-sdk/lib/tinyusb/src/portable/raspberrypi/rp2040/dcd_rp2040.c.o
                0x10004c3c                dcd_edpt_stall
 .text.dcd_edpt_clear_stall
                0x10004c6c       0x24 src/platform/rp2350/CMakeFiles/sqisign_rp2350_ksv.dir/__/__/__/external/pico-sdk/lib/tinyusb/src/portable/raspberrypi/rp2040/dcd_rp2040.c.o
                0x10004c6c                dcd_edpt_clear_stall
 .text.rp2040_usb_init
                0x10004c90       0x40 src/platform/rp2350/CMakeFiles/sqisign_rp2350_ksv.dir/__/__/__/external/pico-sdk/lib/tinyusb/src/portable/raspberrypi/rp2040/rp2040_usb.c.o
                0x10004c90                rp2040_usb_init
 .text.hw_endpoint_xfer_start
                0x10004cd0       0x40 src/platform/rp2350/CMakeFiles/sqisign_rp2350_ksv.dir/__/__/__/external/pico-sdk/lib/tinyusb/src/portable/raspberrypi/rp2040/rp2040_usb.c.o
                0x10004cd0                hw_endpoint_xfer_start
 .text.configuration_reset
                0x10004d10       0x8c src/platform/rp2350/CMakeFiles/sqisign_rp2350_ksv.dir/__/__/__/external/pico-sdk/lib/tinyusb/src/device/usbd.c.o
 .text.tud_event_hook_cb
                0x10004d9c        0x4 src/platform/rp2350/CMakeFiles/sqisign_rp2350_ksv.dir/__/__/__/external/pico-sdk/lib/tinyusb/src/device/usbd.c.o
                0x10004d9c                tud_event_hook_cb
 .text.tud_sof_cb
                0x10004da0        0x4 src/platform/rp2350/CMakeFiles/sqisign_rp2350_ksv.dir/__/__/__/external/pico-sdk/lib/tinyusb/src/device/usbd.c.o
                0x10004da0                tud_sof_cb
 .text.tud_descriptor_device_qualifier_cb
                0x10004da4        0x4 src/platform/rp2350/CMakeFiles/sqisign_rp2350_ksv.dir/__/__/__/external/pico-sdk/lib/tinyusb/src/device/usbd.c.o
                0x10004da4                tud_descriptor_device_qualifier_cb
 .text.tud_descriptor_other_speed_configuration_cb
                0x10004da8        0x4 src/platform/rp2350/CMakeFiles/sqisign_rp2350_ksv.dir/__/__/__/external/pico-sdk/lib/tinyusb/src/device/usbd.c.o
                0x10004da8                tud_descriptor_other_speed_configuration_cb
 .text.tud_mount_cb
                0x10004dac        0x4 src/platform/rp2350/CMakeFiles/sqisign_rp2350_ksv.dir/__/__/__/external/pico-sdk/lib/tinyusb/src/device/usbd.c.o
                0x10004dac                tud_mount_cb
 .text.tud_umount_cb
                0x10004db0        0x4 src/platform/rp2350/CMakeFiles/sqisign_rp2350_ksv.dir/__/__/__/external/pico-sdk/lib/tinyusb/src/device/usbd.c.o
                0x10004db0                tud_umount_cb
 .text.tud_suspend_cb
                0x10004db4        0x4 src/platform/rp2350/CMakeFiles/sqisign_rp2350_ksv.dir/__/__/__/external/pico-sdk/lib/tinyusb/src/device/usbd.c.o
                0x10004db4                tud_suspend_cb
 .text.tud_resume_cb
                0x10004db8        0x4 src/platform/rp2350/CMakeFiles/sqisign_rp2350_ksv.dir/__/__/__/external/pico-sdk/lib/tinyusb/src/device/usbd.c.o
                0x10004db8                tud_resume_cb
 .text.tud_mounted
                0x10004dbc       0x10 src/platform/rp2350/CMakeFiles/sqisign_rp2350_ksv.dir/__/__/__/external/pico-sdk/lib/tinyusb/src/device/usbd.c.o
                0x10004dbc                tud_mounted
 .text.tud_suspended
                0x10004dcc       0x10 src/platform/rp2350/CMakeFiles/sqisign_rp2350_ksv.dir/__/__/__/external/pico-sdk/lib/tinyusb/src/device/usbd.c.o
                0x10004dcc                tud_suspended
 .text.tud_rhport_init
                0x10004ddc       0xec src/platform/rp2350/CMakeFiles/sqisign_rp2350_ksv.dir/__/__/__/external/pico-sdk/lib/tinyusb/src/device/usbd.c.o
                0x10004ddc                tud_rhport_init
 .text.tud_task_ext
                0x10004ec8      0x78c src/platform/rp2350/CMakeFiles/sqisign_rp2350_ksv.dir/__/__/__/external/pico-sdk/lib/tinyusb/src/device/usbd.c.o
                0x10004ec8                tud_task_ext
 .text.usbd_open_edpt_pair
                0x10005654       0xa0 src/platform/rp2350/CMakeFiles/sqisign_rp2350_ksv.dir/__/__/__/external/pico-sdk/lib/tinyusb/src/device/usbd.c.o
                0x10005654                usbd_open_edpt_pair
 .text.usbd_edpt_open
                0x100056f4       0x5c src/platform/rp2350/CMakeFiles/sqisign_rp2350_ksv.dir/__/__/__/external/pico-sdk/lib/tinyusb/src/device/usbd.c.o
                0x100056f4                usbd_edpt_open
 .text.usbd_edpt_claim
                0x10005750       0x24 src/platform/rp2350/CMakeFiles/sqisign_rp2350_ksv.dir/__/__/__/external/pico-sdk/lib/tinyusb/src/device/usbd.c.o
                0x10005750                usbd_edpt_claim
 .text.usbd_edpt_release
                0x10005774       0x24 src/platform/rp2350/CMakeFiles/sqisign_rp2350_ksv.dir/__/__/__/external/pico-sdk/lib/tinyusb/src/device/usbd.c.o
                0x10005774                usbd_edpt_release
 .text.usbd_edpt_xfer
                0x10005798       0x70 src/platform/rp2350/CMakeFiles/sqisign_rp2350_ksv.dir/__/__/__/external/pico-sdk/lib/tinyusb/src/device/usbd.c.o
                0x10005798                usbd_edpt_xfer
 .text.tud_control_status
                0x10005808       0x38 src/platform/rp2350/CMakeFiles/sqisign_rp2350_ksv.dir/__/__/__/external/pico-sdk/lib/tinyusb/src/device/usbd_control.c.o
                0x10005808                tud_control_status
 .text.tud_control_xfer
                0x10005840       0xb4 src/platform/rp2350/CMakeFiles/sqisign_rp2350_ksv.dir/__/__/__/external/pico-sdk/lib/tinyusb/src/device/usbd_control.c.o
                0x10005840                tud_control_xfer
 .text.usbd_control_reset
                0x100058f4       0x14 src/platform/rp2350/CMakeFiles/sqisign_rp2350_ksv.dir/__/__/__/external/pico-sdk/lib/tinyusb/src/device/usbd_control.c.o
                0x100058f4                usbd_control_reset
 .text.usbd_control_set_complete_callback
                0x10005908        0xc src/platform/rp2350/CMakeFiles/sqisign_rp2350_ksv.dir/__/__/__/external/pico-sdk/lib/tinyusb/src/device/usbd_control.c.o
                0x10005908                usbd_control_set_complete_callback
 .text.usbd_control_set_request
                0x10005914       0x1c src/platform/rp2350/CMakeFiles/sqisign_rp2350_ksv.dir/__/__/__/external/pico-sdk/lib/tinyusb/src/device/usbd_control.c.o
                0x10005914                usbd_control_set_request
 .text.usbd_control_xfer_cb
                0x10005930      0x104 src/platform/rp2350/CMakeFiles/sqisign_rp2350_ksv.dir/__/__/__/external/pico-sdk/lib/tinyusb/src/device/usbd_control.c.o
                0x10005930                usbd_control_xfer_cb
 .text._prep_out_transaction.isra.0
                0x10005a34       0x80 src/platform/rp2350/CMakeFiles/sqisign_rp2350_ksv.dir/__/__/__/external/pico-sdk/lib/tinyusb/src/class/cdc/cdc_device.c.o
 .text.tud_cdc_n_connected
                0x10005ab4       0x2c src/platform/rp2350/CMakeFiles/sqisign_rp2350_ksv.dir/__/__/__/external/pico-sdk/lib/tinyusb/src/class/cdc/cdc_device.c.o
                0x10005ab4                tud_cdc_n_connected
 .text.tud_cdc_n_available
                0x10005ae0       0x14 src/platform/rp2350/CMakeFiles/sqisign_rp2350_ksv.dir/__/__/__/external/pico-sdk/lib/tinyusb/src/class/cdc/cdc_device.c.o
                0x10005ae0                tud_cdc_n_available
 .text.tud_cdc_n_read
                0x10005af4       0x8c src/platform/rp2350/CMakeFiles/sqisign_rp2350_ksv.dir/__/__/__/external/pico-sdk/lib/tinyusb/src/class/cdc/cdc_device.c.o
                0x10005af4                tud_cdc_n_read
 .text.tud_cdc_n_write_flush
                0x10005b80       0x94 src/platform/rp2350/CMakeFiles/sqisign_rp2350_ksv.dir/__/__/__/external/pico-sdk/lib/tinyusb/src/class/cdc/cdc_device.c.o
                0x10005b80                tud_cdc_n_write_flush
 .text.tud_cdc_n_write
                0x10005c14       0x3c src/platform/rp2350/CMakeFiles/sqisign_rp2350_ksv.dir/__/__/__/external/pico-sdk/lib/tinyusb/src/class/cdc/cdc_device.c.o
                0x10005c14                tud_cdc_n_write
 .text.tud_cdc_n_write_available
                0x10005c50       0x14 src/platform/rp2350/CMakeFiles/sqisign_rp2350_ksv.dir/__/__/__/external/pico-sdk/lib/tinyusb/src/class/cdc/cdc_device.c.o
                0x10005c50                tud_cdc_n_write_available
 .text.cdcd_init
                0x10005c64       0x74 src/platform/rp2350/CMakeFiles/sqisign_rp2350_ksv.dir/__/__/__/external/pico-sdk/lib/tinyusb/src/class/cdc/cdc_device.c.o
                0x10005c64                cdcd_init
 .text.cdcd_deinit
                0x10005cd8       0x30 src/platform/rp2350/CMakeFiles/sqisign_rp2350_ksv.dir/__/__/__/external/pico-sdk/lib/tinyusb/src/class/cdc/cdc_device.c.o
                0x10005cd8                cdcd_deinit
 .text.cdcd_reset
                0x10005d08       0x50 src/platform/rp2350/CMakeFiles/sqisign_rp2350_ksv.dir/__/__/__/external/pico-sdk/lib/tinyusb/src/class/cdc/cdc_device.c.o
                0x10005d08                cdcd_reset
 .text.cdcd_open
                0x10005d58       0xd0 src/platform/rp2350/CMakeFiles/sqisign_rp2350_ksv.dir/__/__/__/external/pico-sdk/lib/tinyusb/src/class/cdc/cdc_device.c.o
                0x10005d58                cdcd_open
 .text.cdcd_control_xfer_cb
                0x10005e28       0xd0 src/platform/rp2350/CMakeFiles/sqisign_rp2350_ksv.dir/__/__/__/external/pico-sdk/lib/tinyusb/src/class/cdc/cdc_device.c.o
                0x10005e28                cdcd_control_xfer_cb
 .text.cdcd_xfer_cb
                0x10005ef8       0xf8 src/platform/rp2350/CMakeFiles/sqisign_rp2350_ksv.dir/__/__/__/external/pico-sdk/lib/tinyusb/src/class/cdc/cdc_device.c.o
                0x10005ef8                cdcd_xfer_cb
 .text.tusb_rhport_init
                0x10005ff0       0x6c src/platform/rp2350/CMakeFiles/sqisign_rp2350_ksv.dir/__/__/__/external/pico-sdk/lib/tinyusb/src/tusb.c.o
                0x10005ff0                tusb_rhport_init
 .text.tu_edpt_claim
                0x1000605c       0x60 src/platform/rp2350/CMakeFiles/sqisign_rp2350_ksv.dir/__/__/__/external/pico-sdk/lib/tinyusb/src/tusb.c.o
                0x1000605c                tu_edpt_claim
 .text.tu_edpt_release
                0x100060bc       0x38 src/platform/rp2350/CMakeFiles/sqisign_rp2350_ksv.dir/__/__/__/external/pico-sdk/lib/tinyusb/src/tusb.c.o
                0x100060bc                tu_edpt_release
 .text.tu_edpt_validate
                0x100060f4       0x60 src/platform/rp2350/CMakeFiles/sqisign_rp2350_ksv.dir/__/__/__/external/pico-sdk/lib/tinyusb/src/tusb.c.o
                0x100060f4                tu_edpt_validate
 .text.tu_edpt_bind_driver
                0x10006154       0x54 src/platform/rp2350/CMakeFiles/sqisign_rp2350_ksv.dir/__/__/__/external/pico-sdk/lib/tinyusb/src/tusb.c.o
                0x10006154                tu_edpt_bind_driver
 .text.tu_fifo_config
                0x100061a8       0x60 src/platform/rp2350/CMakeFiles/sqisign_rp2350_ksv.dir/__/__/__/external/pico-sdk/lib/tinyusb/src/common/tusb_fifo.c.o
                0x100061a8                tu_fifo_config
 .text.tu_fifo_count
                0x10006208       0x20 src/platform/rp2350/CMakeFiles/sqisign_rp2350_ksv.dir/__/__/__/external/pico-sdk/lib/tinyusb/src/common/tusb_fifo.c.o
                0x10006208                tu_fifo_count
 .text.tu_fifo_empty
                0x10006228       0x14 src/platform/rp2350/CMakeFiles/sqisign_rp2350_ksv.dir/__/__/__/external/pico-sdk/lib/tinyusb/src/common/tusb_fifo.c.o
                0x10006228                tu_fifo_empty
 .text.tu_fifo_remaining
                0x1000623c       0x24 src/platform/rp2350/CMakeFiles/sqisign_rp2350_ksv.dir/__/__/__/external/pico-sdk/lib/tinyusb/src/common/tusb_fifo.c.o
                0x1000623c                tu_fifo_remaining
 .text.tu_fifo_read
                0x10006260       0x9c src/platform/rp2350/CMakeFiles/sqisign_rp2350_ksv.dir/__/__/__/external/pico-sdk/lib/tinyusb/src/common/tusb_fifo.c.o
                0x10006260                tu_fifo_read
 .text.tu_fifo_read_n
                0x100062fc       0xe0 src/platform/rp2350/CMakeFiles/sqisign_rp2350_ksv.dir/__/__/__/external/pico-sdk/lib/tinyusb/src/common/tusb_fifo.c.o
                0x100062fc                tu_fifo_read_n
 .text.tu_fifo_write
                0x100063dc       0xa8 src/platform/rp2350/CMakeFiles/sqisign_rp2350_ksv.dir/__/__/__/external/pico-sdk/lib/tinyusb/src/common/tusb_fifo.c.o
                0x100063dc                tu_fifo_write
 .text.tu_fifo_write_n
                0x10006484      0x150 src/platform/rp2350/CMakeFiles/sqisign_rp2350_ksv.dir/__/__/__/external/pico-sdk/lib/tinyusb/src/common/tusb_fifo.c.o
                0x10006484                tu_fifo_write_n
 .text.tu_fifo_clear
                0x100065d4       0x38 src/platform/rp2350/CMakeFiles/sqisign_rp2350_ksv.dir/__/__/__/external/pico-sdk/lib/tinyusb/src/common/tusb_fifo.c.o
                0x100065d4                tu_fifo_clear
 .text.tu_fifo_set_overwritable
                0x1000660c       0x3c src/platform/rp2350/CMakeFiles/sqisign_rp2350_ksv.dir/__/__/__/external/pico-sdk/lib/tinyusb/src/common/tusb_fifo.c.o
                0x1000660c                tu_fifo_set_overwritable
 .text.KeccakF1600_StatePermute
                0x10006648      0xee4 src/sqisign/ksv_lvl1/libsqisign_ksv_lvl1_ref32.a(fips202.c.o)
 .text.keccak_inc_absorb
                0x1000752c      0x128 src/sqisign/ksv_lvl1/libsqisign_ksv_lvl1_ref32.a(fips202.c.o)
 .text.shake256_inc_init
                0x10007654       0x18 src/sqisign/ksv_lvl1/libsqisign_ksv_lvl1_ref32.a(fips202.c.o)
                0x10007654                shake256_inc_init
 .text.shake256_inc_absorb
                0x1000766c        0xc src/sqisign/ksv_lvl1/libsqisign_ksv_lvl1_ref32.a(fips202.c.o)
                0x1000766c                shake256_inc_absorb
 .text.shake256_inc_finalize
                0x10007678       0x68 src/sqisign/ksv_lvl1/libsqisign_ksv_lvl1_ref32.a(fips202.c.o)
                0x10007678                shake256_inc_finalize
 .text.shake256_inc_squeeze
                0x100076e0      0x100 src/sqisign/ksv_lvl1/libsqisign_ksv_lvl1_ref32.a(fips202.c.o)
                0x100076e0                shake256_inc_squeeze
 .text.shake256_inc_ctx_release
                0x100077e0        0x4 src/sqisign/ksv_lvl1/libsqisign_ksv_lvl1_ref32.a(fips202.c.o)
                0x100077e0                shake256_inc_ctx_release
 .text.sqisign_gen_sqisign_secure_clear
                0x100077e4       0x10 src/sqisign/ksv_lvl1/libsqisign_ksv_lvl1_ref32.a(mem.c.o)
                0x100077e4                sqisign_gen_sqisign_secure_clear
 .text.AES256_CTR_DRBG_Update
                0x100077f4      0x1b0 src/sqisign/ksv_lvl1/libsqisign_ksv_lvl1_ref32.a(randombytes_ctrdrbg.c.o)
                0x100077f4                AES256_CTR_DRBG_Update
 .text.randombytes
                0x100079a4      0x314 src/sqisign/ksv_lvl1/libsqisign_ksv_lvl1_ref32.a(randombytes_ctrdrbg.c.o)
                0x100079a4                randombytes
 .text.randombytes_init
                0x10007cb8       0xe0 src/sqisign/ksv_lvl1/libsqisign_ksv_lvl1_ref32.a(randombytes_ctrdrbg.c.o)
                0x10007cb8                randombytes_init
 .text.sqisign_lvl1_ref_sqisign_keypair_with_workspace
                0x10007d98       0x80 src/sqisign/ksv_lvl1/libsqisign_ksv_lvl1_ref32.a(sqisign_lowmem.c.o)
                0x10007d98                sqisign_lvl1_ref_sqisign_keypair_with_workspace
 .text.sqisign_lvl1_ref_sqisign_sign_with_workspace
                0x10007e18       0xc4 src/sqisign/ksv_lvl1/libsqisign_ksv_lvl1_ref32.a(sqisign_lowmem.c.o)
                0x10007e18                sqisign_lvl1_ref_sqisign_sign_with_workspace
 .text.sqisign_verify_with_workspace
                0x10007edc       0x74 src/sqisign/ksv_lvl1/libsqisign_ksv_lvl1_ref32.a(sqisign_lowmem.c.o)
                0x10007edc                sqisign_verify_with_workspace
 .text.sqisign_lvl1_ref_public_key_to_bytes
                0x10007f50       0x3c src/sqisign/ksv_lvl1/libsqisign_ksv_lvl1_ref32.a(encode_verification.c.o)
                0x10007f50                sqisign_lvl1_ref_public_key_to_bytes
 .text.sqisign_lvl1_ref_public_key_from_bytes
                0x10007f8c       0x4c src/sqisign/ksv_lvl1/libsqisign_ksv_lvl1_ref32.a(encode_verification.c.o)
                0x10007f8c                sqisign_lvl1_ref_public_key_from_bytes
 .text.sqisign_lvl1_ref_signature_to_bytes
                0x10007fd8       0xcc src/sqisign/ksv_lvl1/libsqisign_ksv_lvl1_ref32.a(encode_verification.c.o)
                0x10007fd8                sqisign_lvl1_ref_signature_to_bytes
 .text.sqisign_lvl1_ref_signature_from_bytes
                0x100080a4      0x11c src/sqisign/ksv_lvl1/libsqisign_ksv_lvl1_ref32.a(encode_verification.c.o)
                0x100080a4                sqisign_lvl1_ref_signature_from_bytes
 .text.protocols_verify_core.constprop.0
                0x100081c0      0x5bc src/sqisign/ksv_lvl1/libsqisign_ksv_lvl1_ref32.a(verify.c.o)
 .text.protocols_verify_workspace_init
                0x1000877c        0xc src/sqisign/ksv_lvl1/libsqisign_ksv_lvl1_ref32.a(verify.c.o)
                0x1000877c                protocols_verify_workspace_init
 .text.protocols_verify_workspace_clear
                0x10008788        0xc src/sqisign/ksv_lvl1/libsqisign_ksv_lvl1_ref32.a(verify.c.o)
                0x10008788                protocols_verify_workspace_clear
 .text.protocols_verify_with_workspace
                0x10008794       0x3c src/sqisign/ksv_lvl1/libsqisign_ksv_lvl1_ref32.a(verify.c.o)
                0x10008794                protocols_verify_with_workspace
 .text.br_aes_ct64_bitslice_Sbox
                0x100087d0      0x4e8 src/sqisign/ksv_lvl1/libsqisign_ksv_lvl1_ref32.a(aes_c.c.o)
 .text.br_aes_ct64_ortho
                0x10008cb8      0x360 src/sqisign/ksv_lvl1/libsqisign_ksv_lvl1_ref32.a(aes_c.c.o)
 .text.aes_ecb4x.constprop.0
                0x10009018      0xecc src/sqisign/ksv_lvl1/libsqisign_ksv_lvl1_ref32.a(aes_c.c.o)
 .text.aes256_ecb_keyexp
                0x10009ee4      0x2e4 src/sqisign/ksv_lvl1/libsqisign_ksv_lvl1_ref32.a(aes_c.c.o)
                0x10009ee4                aes256_ecb_keyexp
 .text.AES_256_ECB
                0x1000a1c8       0x40 src/sqisign/ksv_lvl1/libsqisign_ksv_lvl1_ref32.a(aes_c.c.o)
                0x1000a1c8                AES_256_ECB
 .text.difference_point
                0x1000a208      0x198 src/sqisign/ksv_lvl1/libsqisign_ksv_lvl1_ref32.a(basis.c.o)
 .text.ec_basis_E0_2f
                0x1000a3a0       0x88 src/sqisign/ksv_lvl1/libsqisign_ksv_lvl1_ref32.a(basis.c.o)
 .text.test_point_order_twof
                0x1000a428       0x78 src/sqisign/ksv_lvl1/libsqisign_ksv_lvl1_ref32.a(basis.c.o)
 .text.ec_curve_to_basis_2f_from_hint_core
                0x1000a4a0      0x2ec src/sqisign/ksv_lvl1/libsqisign_ksv_lvl1_ref32.a(basis.c.o)
 .text.sqisign_lvl1_ref_lift_basis_normalized
                0x1000a78c      0x174 src/sqisign/ksv_lvl1/libsqisign_ksv_lvl1_ref32.a(basis.c.o)
                0x1000a78c                sqisign_lvl1_ref_lift_basis_normalized
 .text.sqisign_lvl1_ref_lift_basis_with_workspace
                0x1000a900       0x98 src/sqisign/ksv_lvl1/libsqisign_ksv_lvl1_ref32.a(basis.c.o)
                0x1000a900                sqisign_lvl1_ref_lift_basis_with_workspace
 .text.sqisign_lvl1_ref_ec_curve_to_basis_2f_to_hint
                0x1000a998      0x220 src/sqisign/ksv_lvl1/libsqisign_ksv_lvl1_ref32.a(basis.c.o)
                0x1000a998                sqisign_lvl1_ref_ec_curve_to_basis_2f_to_hint
 .text.sqisign_lvl1_ref_ec_curve_to_basis_2f_from_hint
                0x1000abb8       0x14 src/sqisign/ksv_lvl1/libsqisign_ksv_lvl1_ref32.a(basis.c.o)
                0x1000abb8                sqisign_lvl1_ref_ec_curve_to_basis_2f_from_hint
 .text.sqisign_lvl1_ref_xDBLADD.constprop.0
                0x1000abcc       0xdc src/sqisign/ksv_lvl1/libsqisign_ksv_lvl1_ref32.a(ec.c.o)
 .text.sqisign_lvl1_ref_ec_point_init
                0x1000aca8       0x18 src/sqisign/ksv_lvl1/libsqisign_ksv_lvl1_ref32.a(ec.c.o)
                0x1000aca8                sqisign_lvl1_ref_ec_point_init
 .text.sqisign_lvl1_ref_ec_curve_init
                0x1000acc0       0x28 src/sqisign/ksv_lvl1/libsqisign_ksv_lvl1_ref32.a(ec.c.o)
                0x1000acc0                sqisign_lvl1_ref_ec_curve_init
 .text.sqisign_lvl1_ref_ec_normalize_curve
                0x1000ace8       0x28 src/sqisign/ksv_lvl1/libsqisign_ksv_lvl1_ref32.a(ec.c.o)
                0x1000ace8                sqisign_lvl1_ref_ec_normalize_curve
 .text.sqisign_lvl1_ref_ec_curve_normalize_A24
                0x1000ad10       0x58 src/sqisign/ksv_lvl1/libsqisign_ksv_lvl1_ref32.a(ec.c.o)
                0x1000ad10                sqisign_lvl1_ref_ec_curve_normalize_A24
 .text.sqisign_lvl1_ref_ec_normalize_curve_and_A24
                0x1000ad68       0x7c src/sqisign/ksv_lvl1/libsqisign_ksv_lvl1_ref32.a(ec.c.o)
                0x1000ad68                sqisign_lvl1_ref_ec_normalize_curve_and_A24
 .text.sqisign_lvl1_ref_ec_is_zero
                0x1000ade4        0x8 src/sqisign/ksv_lvl1/libsqisign_ksv_lvl1_ref32.a(ec.c.o)
                0x1000ade4                sqisign_lvl1_ref_ec_is_zero
 .text.sqisign_lvl1_ref_ec_is_equal
                0x1000adec       0x54 src/sqisign/ksv_lvl1/libsqisign_ksv_lvl1_ref32.a(ec.c.o)
                0x1000adec                sqisign_lvl1_ref_ec_is_equal
 .text.sqisign_lvl1_ref_ec_is_two_torsion
                0x1000ae40       0x90 src/sqisign/ksv_lvl1/libsqisign_ksv_lvl1_ref32.a(ec.c.o)
                0x1000ae40                sqisign_lvl1_ref_ec_is_two_torsion
 .text.sqisign_lvl1_ref_ec_curve_verify_A
                0x1000aed0       0x40 src/sqisign/ksv_lvl1/libsqisign_ksv_lvl1_ref32.a(ec.c.o)
                0x1000aed0                sqisign_lvl1_ref_ec_curve_verify_A
 .text.sqisign_lvl1_ref_ec_curve_init_from_A
                0x1000af10       0x6c src/sqisign/ksv_lvl1/libsqisign_ksv_lvl1_ref32.a(ec.c.o)
                0x1000af10                sqisign_lvl1_ref_ec_curve_init_from_A
 .text.sqisign_lvl1_ref_ec_j_inv
                0x1000af7c       0xa0 src/sqisign/ksv_lvl1/libsqisign_ksv_lvl1_ref32.a(ec.c.o)
                0x1000af7c                sqisign_lvl1_ref_ec_j_inv
 .text.sqisign_lvl1_ref_xDBL_E0
                0x1000b01c       0x68 src/sqisign/ksv_lvl1/libsqisign_ksv_lvl1_ref32.a(ec.c.o)
                0x1000b01c                sqisign_lvl1_ref_xDBL_E0
 .text.sqisign_lvl1_ref_xDBL
                0x1000b084       0x94 src/sqisign/ksv_lvl1/libsqisign_ksv_lvl1_ref32.a(ec.c.o)
                0x1000b084                sqisign_lvl1_ref_xDBL
 .text.sqisign_lvl1_ref_xDBL_A24
                0x1000b118       0x7c src/sqisign/ksv_lvl1/libsqisign_ksv_lvl1_ref32.a(ec.c.o)
                0x1000b118                sqisign_lvl1_ref_xDBL_A24
 .text.sqisign_lvl1_ref_ec_is_four_torsion
                0x1000b194       0x24 src/sqisign/ksv_lvl1/libsqisign_ksv_lvl1_ref32.a(ec.c.o)
                0x1000b194                sqisign_lvl1_ref_ec_is_four_torsion
 .text.sqisign_lvl1_ref_ec_is_basis_four_torsion
                0x1000b1b8       0x80 src/sqisign/ksv_lvl1/libsqisign_ksv_lvl1_ref32.a(ec.c.o)
                0x1000b1b8                sqisign_lvl1_ref_ec_is_basis_four_torsion
 .text.sqisign_lvl1_ref_xADD
                0x1000b238       0x98 src/sqisign/ksv_lvl1/libsqisign_ksv_lvl1_ref32.a(ec.c.o)
                0x1000b238                sqisign_lvl1_ref_xADD
 .text.sqisign_lvl1_ref_xMUL
                0x1000b2d0       0xe4 src/sqisign/ksv_lvl1/libsqisign_ksv_lvl1_ref32.a(ec.c.o)
                0x1000b2d0                sqisign_lvl1_ref_xMUL
 .text.sqisign_lvl1_ref_xDBLMUL
                0x1000b3b4      0x5f8 src/sqisign/ksv_lvl1/libsqisign_ksv_lvl1_ref32.a(ec.c.o)
                0x1000b3b4                sqisign_lvl1_ref_xDBLMUL
 .text.sqisign_lvl1_ref_ec_ladder3pt
                0x1000b9ac       0xfc src/sqisign/ksv_lvl1/libsqisign_ksv_lvl1_ref32.a(ec.c.o)
                0x1000b9ac                sqisign_lvl1_ref_ec_ladder3pt
 .text.sqisign_lvl1_ref_ec_dbl
                0x1000baa8       0x78 src/sqisign/ksv_lvl1/libsqisign_ksv_lvl1_ref32.a(ec.c.o)
                0x1000baa8                sqisign_lvl1_ref_ec_dbl
 .text.sqisign_lvl1_ref_ec_dbl_iter
                0x1000bb20      0x184 src/sqisign/ksv_lvl1/libsqisign_ksv_lvl1_ref32.a(ec.c.o)
                0x1000bb20                sqisign_lvl1_ref_ec_dbl_iter
 .text.sqisign_lvl1_ref_ec_dbl_iter_basis
                0x1000bca4       0x34 src/sqisign/ksv_lvl1/libsqisign_ksv_lvl1_ref32.a(ec.c.o)
                0x1000bca4                sqisign_lvl1_ref_ec_dbl_iter_basis
 .text.sqisign_lvl1_ref_ec_mul
                0x1000bcd8       0x84 src/sqisign/ksv_lvl1/libsqisign_ksv_lvl1_ref32.a(ec.c.o)
                0x1000bcd8                sqisign_lvl1_ref_ec_mul
 .text.sqisign_lvl1_ref_ec_biscalar_mul
                0x1000bd5c      0x164 src/sqisign/ksv_lvl1/libsqisign_ksv_lvl1_ref32.a(ec.c.o)
                0x1000bd5c                sqisign_lvl1_ref_ec_biscalar_mul
 .text.ec_eval_even_strategy.isra.0
                0x1000bec0      0x1f0 src/sqisign/ksv_lvl1/libsqisign_ksv_lvl1_ref32.a(isog_chains.c.o)
 .text.sqisign_lvl1_ref_ec_eval_even_with_workspace
                0x1000c0b0       0xbc src/sqisign/ksv_lvl1/libsqisign_ksv_lvl1_ref32.a(isog_chains.c.o)
                0x1000c0b0                sqisign_lvl1_ref_ec_eval_even_with_workspace
 .text.sqisign_lvl1_ref_ec_eval_small_chain
                0x1000c16c      0x190 src/sqisign/ksv_lvl1/libsqisign_ksv_lvl1_ref32.a(isog_chains.c.o)
                0x1000c16c                sqisign_lvl1_ref_ec_eval_small_chain
 .text.sqisign_lvl1_ref_ec_isomorphism
                0x1000c2fc      0x1e8 src/sqisign/ksv_lvl1/libsqisign_ksv_lvl1_ref32.a(isog_chains.c.o)
                0x1000c2fc                sqisign_lvl1_ref_ec_isomorphism
 .text.sqisign_lvl1_ref_ec_iso_eval
                0x1000c4e4       0x3c src/sqisign/ksv_lvl1/libsqisign_ksv_lvl1_ref32.a(isog_chains.c.o)
                0x1000c4e4                sqisign_lvl1_ref_ec_iso_eval
 .text.sqisign_lvl1_ref_xeval_2
                0x1000c520       0x84 src/sqisign/ksv_lvl1/libsqisign_ksv_lvl1_ref32.a(xeval.c.o)
                0x1000c520                sqisign_lvl1_ref_xeval_2
 .text.sqisign_lvl1_ref_xeval_2_singular
                0x1000c5a4       0x78 src/sqisign/ksv_lvl1/libsqisign_ksv_lvl1_ref32.a(xeval.c.o)
                0x1000c5a4                sqisign_lvl1_ref_xeval_2_singular
 .text.sqisign_lvl1_ref_xeval_4
                0x1000c61c       0xc8 src/sqisign/ksv_lvl1/libsqisign_ksv_lvl1_ref32.a(xeval.c.o)
                0x1000c61c                sqisign_lvl1_ref_xeval_4
 .text.sqisign_lvl1_ref_xisog_2
                0x1000c6e4       0x4c src/sqisign/ksv_lvl1/libsqisign_ksv_lvl1_ref32.a(xisog.c.o)
                0x1000c6e4                sqisign_lvl1_ref_xisog_2
 .text.sqisign_lvl1_ref_xisog_2_singular
                0x1000c730       0xa8 src/sqisign/ksv_lvl1/libsqisign_ksv_lvl1_ref32.a(xisog.c.o)
                0x1000c730                sqisign_lvl1_ref_xisog_2_singular
 .text.sqisign_lvl1_ref_xisog_4
                0x1000c7d8       0x8c src/sqisign/ksv_lvl1/libsqisign_ksv_lvl1_ref32.a(xisog.c.o)
                0x1000c7d8                sqisign_lvl1_ref_xisog_4
 .text.modadd   0x1000c864       0xfc src/sqisign/ksv_lvl1/libsqisign_ksv_lvl1_ref32.a(fp_p5248_32.c.o)
 .text.modmul   0x1000c960      0x4bc src/sqisign/ksv_lvl1/libsqisign_ksv_lvl1_ref32.a(fp_p5248_32.c.o)
 .text.modsqr   0x1000ce1c      0x35c src/sqisign/ksv_lvl1/libsqisign_ksv_lvl1_ref32.a(fp_p5248_32.c.o)
 .text.modpro   0x1000d178      0x228 src/sqisign/ksv_lvl1/libsqisign_ksv_lvl1_ref32.a(fp_p5248_32.c.o)
 .text.redc     0x1000d3a0       0xdc src/sqisign/ksv_lvl1/libsqisign_ksv_lvl1_ref32.a(fp_p5248_32.c.o)
 .text.sqisign_lvl1_ref_fp_set_small
                0x1000d47c       0x48 src/sqisign/ksv_lvl1/libsqisign_ksv_lvl1_ref32.a(fp_p5248_32.c.o)
                0x1000d47c                sqisign_lvl1_ref_fp_set_small
 .text.sqisign_lvl1_ref_fp_mul_small
                0x1000d4c4       0x50 src/sqisign/ksv_lvl1/libsqisign_ksv_lvl1_ref32.a(fp_p5248_32.c.o)
                0x1000d4c4                sqisign_lvl1_ref_fp_mul_small
 .text.sqisign_lvl1_ref_fp_set_zero
                0x1000d514        0x8 src/sqisign/ksv_lvl1/libsqisign_ksv_lvl1_ref32.a(fp_p5248_32.c.o)
                0x1000d514                sqisign_lvl1_ref_fp_set_zero
 .text.sqisign_lvl1_ref_fp_set_one
                0x1000d51c       0x48 src/sqisign/ksv_lvl1/libsqisign_ksv_lvl1_ref32.a(fp_p5248_32.c.o)
                0x1000d51c                sqisign_lvl1_ref_fp_set_one
 .text.sqisign_lvl1_ref_fp_is_equal
                0x1000d564       0x74 src/sqisign/ksv_lvl1/libsqisign_ksv_lvl1_ref32.a(fp_p5248_32.c.o)
                0x1000d564                sqisign_lvl1_ref_fp_is_equal
 .text.sqisign_lvl1_ref_fp_is_zero
                0x1000d5d8       0x38 src/sqisign/ksv_lvl1/libsqisign_ksv_lvl1_ref32.a(fp_p5248_32.c.o)
                0x1000d5d8                sqisign_lvl1_ref_fp_is_zero
 .text.sqisign_lvl1_ref_fp_copy
                0x1000d610       0x54 src/sqisign/ksv_lvl1/libsqisign_ksv_lvl1_ref32.a(fp_p5248_32.c.o)
                0x1000d610                sqisign_lvl1_ref_fp_copy
 .text.sqisign_lvl1_ref_fp_cswap
                0x1000d664      0x198 src/sqisign/ksv_lvl1/libsqisign_ksv_lvl1_ref32.a(fp_p5248_32.c.o)
                0x1000d664                sqisign_lvl1_ref_fp_cswap
 .text.sqisign_lvl1_ref_fp_add
                0x1000d7fc        0xc src/sqisign/ksv_lvl1/libsqisign_ksv_lvl1_ref32.a(fp_p5248_32.c.o)
                0x1000d7fc                sqisign_lvl1_ref_fp_add
 .text.sqisign_lvl1_ref_fp_sub
                0x1000d808       0xf4 src/sqisign/ksv_lvl1/libsqisign_ksv_lvl1_ref32.a(fp_p5248_32.c.o)
                0x1000d808                sqisign_lvl1_ref_fp_sub
 .text.sqisign_lvl1_ref_fp_neg
                0x1000d8fc       0xe0 src/sqisign/ksv_lvl1/libsqisign_ksv_lvl1_ref32.a(fp_p5248_32.c.o)
                0x1000d8fc                sqisign_lvl1_ref_fp_neg
 .text.sqisign_lvl1_ref_fp_sqr
                0x1000d9dc      0x374 src/sqisign/ksv_lvl1/libsqisign_ksv_lvl1_ref32.a(fp_p5248_32.c.o)
                0x1000d9dc                sqisign_lvl1_ref_fp_sqr
 .text.sqisign_lvl1_ref_fp_mul
                0x1000dd50        0xc src/sqisign/ksv_lvl1/libsqisign_ksv_lvl1_ref32.a(fp_p5248_32.c.o)
                0x1000dd50                sqisign_lvl1_ref_fp_mul
 .text.sqisign_lvl1_ref_fp_inv
                0x1000dd5c      0x3b0 src/sqisign/ksv_lvl1/libsqisign_ksv_lvl1_ref32.a(fp_p5248_32.c.o)
                0x1000dd5c                sqisign_lvl1_ref_fp_inv
 .text.sqisign_lvl1_ref_fp_is_square
                0x1000e10c       0x88 src/sqisign/ksv_lvl1/libsqisign_ksv_lvl1_ref32.a(fp_p5248_32.c.o)
                0x1000e10c                sqisign_lvl1_ref_fp_is_square
 .text.sqisign_lvl1_ref_fp_sqrt
                0x1000e194       0x48 src/sqisign/ksv_lvl1/libsqisign_ksv_lvl1_ref32.a(fp_p5248_32.c.o)
                0x1000e194                sqisign_lvl1_ref_fp_sqrt
 .text.sqisign_lvl1_ref_fp_half
                0x1000e1dc        0xc src/sqisign/ksv_lvl1/libsqisign_ksv_lvl1_ref32.a(fp_p5248_32.c.o)
                0x1000e1dc                sqisign_lvl1_ref_fp_half
 .text.sqisign_lvl1_ref_fp_exp3div4
                0x1000e1e8        0xc src/sqisign/ksv_lvl1/libsqisign_ksv_lvl1_ref32.a(fp_p5248_32.c.o)
                0x1000e1e8                sqisign_lvl1_ref_fp_exp3div4
 .text.sqisign_lvl1_ref_fp_div3
                0x1000e1f4        0xc src/sqisign/ksv_lvl1/libsqisign_ksv_lvl1_ref32.a(fp_p5248_32.c.o)
                0x1000e1f4                sqisign_lvl1_ref_fp_div3
 .text.sqisign_lvl1_ref_fp_encode
                0x1000e200       0xa8 src/sqisign/ksv_lvl1/libsqisign_ksv_lvl1_ref32.a(fp_p5248_32.c.o)
                0x1000e200                sqisign_lvl1_ref_fp_encode
 .text.sqisign_lvl1_ref_fp_decode
                0x1000e2a8      0x1bc src/sqisign/ksv_lvl1/libsqisign_ksv_lvl1_ref32.a(fp_p5248_32.c.o)
                0x1000e2a8                sqisign_lvl1_ref_fp_decode
 .text.sqisign_lvl1_ref_fp2_set_small
                0x1000e464       0x18 src/sqisign/ksv_lvl1/libsqisign_ksv_lvl1_ref32.a(fp2.c.o)
                0x1000e464                sqisign_lvl1_ref_fp2_set_small
 .text.sqisign_lvl1_ref_fp2_mul_small
                0x1000e47c       0x24 src/sqisign/ksv_lvl1/libsqisign_ksv_lvl1_ref32.a(fp2.c.o)
                0x1000e47c                sqisign_lvl1_ref_fp2_mul_small
 .text.sqisign_lvl1_ref_fp2_set_one
                0x1000e4a0       0x18 src/sqisign/ksv_lvl1/libsqisign_ksv_lvl1_ref32.a(fp2.c.o)
                0x1000e4a0                sqisign_lvl1_ref_fp2_set_one
 .text.sqisign_lvl1_ref_fp2_set_zero
                0x1000e4b8       0x18 src/sqisign/ksv_lvl1/libsqisign_ksv_lvl1_ref32.a(fp2.c.o)
                0x1000e4b8                sqisign_lvl1_ref_fp2_set_zero
 .text.sqisign_lvl1_ref_fp2_is_zero
                0x1000e4d0       0x18 src/sqisign/ksv_lvl1/libsqisign_ksv_lvl1_ref32.a(fp2.c.o)
                0x1000e4d0                sqisign_lvl1_ref_fp2_is_zero
 .text.sqisign_lvl1_ref_fp2_is_equal
                0x1000e4e8       0x20 src/sqisign/ksv_lvl1/libsqisign_ksv_lvl1_ref32.a(fp2.c.o)
                0x1000e4e8                sqisign_lvl1_ref_fp2_is_equal
 .text.sqisign_lvl1_ref_fp2_is_one
                0x1000e508       0x1c src/sqisign/ksv_lvl1/libsqisign_ksv_lvl1_ref32.a(fp2.c.o)
                0x1000e508                sqisign_lvl1_ref_fp2_is_one
 .text.sqisign_lvl1_ref_fp2_copy
                0x1000e524       0x20 src/sqisign/ksv_lvl1/libsqisign_ksv_lvl1_ref32.a(fp2.c.o)
                0x1000e524                sqisign_lvl1_ref_fp2_copy
 .text.sqisign_lvl1_ref_fp2_add
                0x1000e544       0x24 src/sqisign/ksv_lvl1/libsqisign_ksv_lvl1_ref32.a(fp2.c.o)
                0x1000e544                sqisign_lvl1_ref_fp2_add
 .text.sqisign_lvl1_ref_fp2_add_one
                0x1000e568       0x24 src/sqisign/ksv_lvl1/libsqisign_ksv_lvl1_ref32.a(fp2.c.o)
                0x1000e568                sqisign_lvl1_ref_fp2_add_one
 .text.sqisign_lvl1_ref_fp2_sub
                0x1000e58c       0x24 src/sqisign/ksv_lvl1/libsqisign_ksv_lvl1_ref32.a(fp2.c.o)
                0x1000e58c                sqisign_lvl1_ref_fp2_sub
 .text.sqisign_lvl1_ref_fp2_neg
                0x1000e5b0       0x20 src/sqisign/ksv_lvl1/libsqisign_ksv_lvl1_ref32.a(fp2.c.o)
                0x1000e5b0                sqisign_lvl1_ref_fp2_neg
 .text.sqisign_lvl1_ref_fp2_mul
                0x1000e5d0       0x6c src/sqisign/ksv_lvl1/libsqisign_ksv_lvl1_ref32.a(fp2.c.o)
                0x1000e5d0                sqisign_lvl1_ref_fp2_mul
 .text.sqisign_lvl1_ref_fp2_sqr
                0x1000e63c       0x48 src/sqisign/ksv_lvl1/libsqisign_ksv_lvl1_ref32.a(fp2.c.o)
                0x1000e63c                sqisign_lvl1_ref_fp2_sqr
 .text.sqisign_lvl1_ref_fp2_inv
                0x1000e684       0x50 src/sqisign/ksv_lvl1/libsqisign_ksv_lvl1_ref32.a(fp2.c.o)
                0x1000e684                sqisign_lvl1_ref_fp2_inv
 .text.sqisign_lvl1_ref_fp2_is_square
                0x1000e6d4       0x2c src/sqisign/ksv_lvl1/libsqisign_ksv_lvl1_ref32.a(fp2.c.o)
                0x1000e6d4                sqisign_lvl1_ref_fp2_is_square
 .text.sqisign_lvl1_ref_fp2_sqrt
                0x1000e700      0x11c src/sqisign/ksv_lvl1/libsqisign_ksv_lvl1_ref32.a(fp2.c.o)
                0x1000e700                sqisign_lvl1_ref_fp2_sqrt
 .text.sqisign_lvl1_ref_fp2_sqrt_verify
                0x1000e81c       0x70 src/sqisign/ksv_lvl1/libsqisign_ksv_lvl1_ref32.a(fp2.c.o)
                0x1000e81c                sqisign_lvl1_ref_fp2_sqrt_verify
 .text.sqisign_lvl1_ref_fp2_half
                0x1000e88c       0x20 src/sqisign/ksv_lvl1/libsqisign_ksv_lvl1_ref32.a(fp2.c.o)
                0x1000e88c                sqisign_lvl1_ref_fp2_half
 .text.sqisign_lvl1_ref_fp2_batched_inv_with_workspace
                0x1000e8ac      0x2b4 src/sqisign/ksv_lvl1/libsqisign_ksv_lvl1_ref32.a(fp2.c.o)
                0x1000e8ac                sqisign_lvl1_ref_fp2_batched_inv_with_workspace
 .text.sqisign_lvl1_ref_fp2_pow_vartime
                0x1000eb60       0xe8 src/sqisign/ksv_lvl1/libsqisign_ksv_lvl1_ref32.a(fp2.c.o)
                0x1000eb60                sqisign_lvl1_ref_fp2_pow_vartime
 .text.sqisign_lvl1_ref_fp2_encode
                0x1000ec48       0x20 src/sqisign/ksv_lvl1/libsqisign_ksv_lvl1_ref32.a(fp2.c.o)
                0x1000ec48                sqisign_lvl1_ref_fp2_encode
 .text.sqisign_lvl1_ref_fp2_decode
                0x1000ec68       0x20 src/sqisign/ksv_lvl1/libsqisign_ksv_lvl1_ref32.a(fp2.c.o)
                0x1000ec68                sqisign_lvl1_ref_fp2_decode
 .text.sqisign_lvl1_ref_fp2_select
                0x1000ec88       0x28 src/sqisign/ksv_lvl1/libsqisign_ksv_lvl1_ref32.a(fp2.c.o)
                0x1000ec88                sqisign_lvl1_ref_fp2_select
 .text.sqisign_lvl1_ref_fp2_cswap
                0x1000ecb0       0x24 src/sqisign/ksv_lvl1/libsqisign_ksv_lvl1_ref32.a(fp2.c.o)
                0x1000ecb0                sqisign_lvl1_ref_fp2_cswap
 .text.sqisign_lvl1_ref_double_couple_point
                0x1000ecd4       0x28 src/sqisign/ksv_lvl1/libsqisign_ksv_lvl1_ref32.a(hd.c.o)
                0x1000ecd4                sqisign_lvl1_ref_double_couple_point
 .text.sqisign_lvl1_ref_double_couple_point_iter
                0x1000ecfc       0x60 src/sqisign/ksv_lvl1/libsqisign_ksv_lvl1_ref32.a(hd.c.o)
                0x1000ecfc                sqisign_lvl1_ref_double_couple_point_iter
 .text.sqisign_lvl1_ref_double_couple_jac_point
                0x1000ed5c       0x28 src/sqisign/ksv_lvl1/libsqisign_ksv_lvl1_ref32.a(hd.c.o)
                0x1000ed5c                sqisign_lvl1_ref_double_couple_jac_point
 .text.sqisign_lvl1_ref_double_couple_jac_point_iter
                0x1000ed84       0xc8 src/sqisign/ksv_lvl1/libsqisign_ksv_lvl1_ref32.a(hd.c.o)
                0x1000ed84                sqisign_lvl1_ref_double_couple_jac_point_iter
 .text.sqisign_lvl1_ref_couple_jac_to_xz
                0x1000ee4c       0x20 src/sqisign/ksv_lvl1/libsqisign_ksv_lvl1_ref32.a(hd.c.o)
                0x1000ee4c                sqisign_lvl1_ref_couple_jac_to_xz
 .text.sqisign_lvl1_ref_copy_bases_to_kernel
                0x1000ee6c       0x94 src/sqisign/ksv_lvl1/libsqisign_ksv_lvl1_ref32.a(hd.c.o)
                0x1000ee6c                sqisign_lvl1_ref_copy_bases_to_kernel
 .text.apply_isomorphism_general
                0x1000ef00      0x18c src/sqisign/ksv_lvl1/libsqisign_ksv_lvl1_ref32.a(theta_isogenies.c.o)
 .text.hadamard
                0x1000f08c       0x6c src/sqisign/ksv_lvl1/libsqisign_ksv_lvl1_ref32.a(theta_isogenies.c.o)
 .text.action_by_translation_compute_matrix
                0x1000f0f8       0x8c src/sqisign/ksv_lvl1/libsqisign_ksv_lvl1_ref32.a(theta_isogenies.c.o)
 .text.theta_isogeny_eval
                0x1000f184       0xbc src/sqisign/ksv_lvl1/libsqisign_ksv_lvl1_ref32.a(theta_isogenies.c.o)
 .text.gluing_eval_point
                0x1000f240      0x230 src/sqisign/ksv_lvl1/libsqisign_ksv_lvl1_ref32.a(theta_isogenies.c.o)
 .text.theta_isogeny_compute
                0x1000f470      0x4d8 src/sqisign/ksv_lvl1/libsqisign_ksv_lvl1_ref32.a(theta_isogenies.c.o)
 .text._theta_chain_compute_core.isra.0
                0x1000f948     0x1be8 src/sqisign/ksv_lvl1/libsqisign_ksv_lvl1_ref32.a(theta_isogenies.c.o)
 .text.theta_chain_compute_with_workspace
                0x10011530      0x194 src/sqisign/ksv_lvl1/libsqisign_ksv_lvl1_ref32.a(theta_isogenies.c.o)
 .text.sqisign_lvl1_ref_theta_chain_compute_and_eval_with_workspace