Archive member included to satisfy reference by file (symbol)

libsqisign_v3_p324_3_m4f.a(pqm4_api.c.o)
                              CMakeFiles/sqisign_rp2350_v3_d2_static.dir/v3_ksv_kat.c.o (crypto_sign_keypair)
libsqisign_v3_p324_3_m4f.a(sqisign.c.o)
                              libsqisign_v3_p324_3_m4f.a(pqm4_api.c.o) (sqisign_keypair)
libsqisign_v3_p324_3_m4f.a(verify.c.o)
                              libsqisign_v3_p324_3_m4f.a(sqisign.c.o) (protocols_verify)
libsqisign_v3_p324_3_m4f.a(randombytes_ctrdrbg.c.o)
                              CMakeFiles/sqisign_rp2350_v3_d2_static.dir/v3_ksv_kat.c.o (randombytes_init)
libsqisign_v3_p324_3_m4f.a(basis.c.o)
                              libsqisign_v3_p324_3_m4f.a(verify.c.o) (ec_curve_to_basis_2f_from_hint)
libsqisign_v3_p324_3_m4f.a(common.c.o)
                              libsqisign_v3_p324_3_m4f.a(verify.c.o) (hash_to_challenge)
libsqisign_v3_p324_3_m4f.a(e0_basis.c.o)
                              libsqisign_v3_p324_3_m4f.a(basis.c.o) (BASIS_E0_QX)
libsqisign_v3_p324_3_m4f.a(ec.c.o)
                              libsqisign_v3_p324_3_m4f.a(common.c.o) (ec_curve_init)
libsqisign_v3_p324_3_m4f.a(ec_params.c.o)
                              libsqisign_v3_p324_3_m4f.a(basis.c.o) (p_cofactor_for_2f)
libsqisign_v3_p324_3_m4f.a(encode_public.c.o)
                              libsqisign_v3_p324_3_m4f.a(sqisign.c.o) (public_key_to_bytes)
libsqisign_v3_p324_3_m4f.a(encode_secret.c.o)
                              libsqisign_v3_p324_3_m4f.a(sqisign.c.o) (secret_key_to_bytes)
libsqisign_v3_p324_3_m4f.a(fp2.c.o)
                              libsqisign_v3_p324_3_m4f.a(basis.c.o) (fp2_mul_small)
libsqisign_v3_p324_3_m4f.a(fp_p324_3_armv7em.c.o)
                              libsqisign_v3_p324_3_m4f.a(basis.c.o) (fp_set_small)
libsqisign_v3_p324_3_m4f.a(hd.c.o)
                              libsqisign_v3_p324_3_m4f.a(verify.c.o) (theta_copy_bases_to_kernel)
libsqisign_v3_p324_3_m4f.a(isog.c.o)
                              libsqisign_v3_p324_3_m4f.a(verify.c.o) (iso_isogeny_2chain)
libsqisign_v3_p324_3_m4f.a(keygen.c.o)
                              libsqisign_v3_p324_3_m4f.a(sqisign.c.o) (secret_key_init)
libsqisign_v3_p324_3_m4f.a(mp.c.o)
                              libsqisign_v3_p324_3_m4f.a(ec.c.o) (ibz_copy)
libsqisign_v3_p324_3_m4f.a(normalize.c.o)
                              libsqisign_v3_p324_3_m4f.a(isog.c.o) (ec_normalize_montgomery)
libsqisign_v3_p324_3_m4f.a(prng.c.o)
                              libsqisign_v3_p324_3_m4f.a(keygen.c.o) (prng_seed)
libsqisign_v3_p324_3_m4f.a(sign.c.o)
                              libsqisign_v3_p324_3_m4f.a(sqisign.c.o) (protocols_sign)
libsqisign_v3_p324_3_m4f.a(theta_isogenies.c.o)
                              libsqisign_v3_p324_3_m4f.a(sign.c.o) (theta_chain_compute_and_eval)
libsqisign_v3_p324_3_m4f.a(theta_structure.c.o)
                              libsqisign_v3_p324_3_m4f.a(theta_isogenies.c.o) (theta_extract_dual_null_point)
libsqisign_v3_p324_3_m4f.a(torsion_constants.c.o)
                              libsqisign_v3_p324_3_m4f.a(sign.c.o) (COM_DEGREE)
libsqisign_v3_p324_3_m4f.a(mem_noheap.c.o)
                              libsqisign_v3_p324_3_m4f.a(prng.c.o) (sqisign_secure_clear)
libsqisign_v3_p324_3_m4f.a(fips202.c.o)
                              libsqisign_v3_p324_3_m4f.a(common.c.o) (shake256_inc_init)
libsqisign_v3_p324_3_m4f.a(aes_c.c.o)
                              libsqisign_v3_p324_3_m4f.a(randombytes_ctrdrbg.c.o) (AES_256_ECB)
libsqisign_v3_p324_3_m4f.a(algebra.c.o)
                              libsqisign_v3_p324_3_m4f.a(sign.c.o) (quat_alg_mul)
libsqisign_v3_p324_3_m4f.a(dim2.c.o)
                              libsqisign_v3_p324_3_m4f.a(sign.c.o) (ibz_mat_2x2_eval)
libsqisign_v3_p324_3_m4f.a(dim2id2iso.c.o)
                              libsqisign_v3_p324_3_m4f.a(sign.c.o) (dim2id2iso_ideal_to_isogeny_qlapoty)
libsqisign_v3_p324_3_m4f.a(dim4.c.o)
                              libsqisign_v3_p324_3_m4f.a(algebra.c.o) (ibz_vec_4_content)
libsqisign_v3_p324_3_m4f.a(endomorphism_action.c.o)
                              libsqisign_v3_p324_3_m4f.a(dim2id2iso.c.o) (CURVE_WITH_ENDOMORPHISMS)
libsqisign_v3_p324_3_m4f.a(finit.c.o)
                              libsqisign_v3_p324_3_m4f.a(algebra.c.o) (quat_alg_init_set)
libsqisign_v3_p324_3_m4f.a(fp.c.o)
                              libsqisign_v3_p324_3_m4f.a(fp2.c.o) (fp_select)
libsqisign_v3_p324_3_m4f.a(gluing.c.o)
                              libsqisign_v3_p324_3_m4f.a(theta_isogenies.c.o) (gluing_start_chain)
libsqisign_v3_p324_3_m4f.a(id2iso.c.o)
                              libsqisign_v3_p324_3_m4f.a(sign.c.o) (id2iso_matrix_application_even_basis)
libsqisign_v3_p324_3_m4f.a(ideal.c.o)
                              libsqisign_v3_p324_3_m4f.a(id2iso.c.o) (quat_ideal_create_O0_pow_two)
libsqisign_v3_p324_3_m4f.a(integers.c.o)
                              libsqisign_v3_p324_3_m4f.a(dim2.c.o) (ibz_sum_two_squares)
[...]
Memory Configuration

Name             Origin             Length             Attributes
FLASH            0x10000000         0x00400000         xr
PSRAM            0x11000000         0x00000000         xrw
XIP_RAM          0x13ffc000         0x00004000         xrw
RAM              0x20000000         0x00080000         xrw
SCRATCH_X        0x20080000         0x00001000         xrw
SCRATCH_Y        0x20081000         0x00001000         xrw
*default*        0x00000000         0xffffffff

Linker script and memory map

                0x20000000                        RAM_ORIGIN_DEFAULT = 0x20000000
                0x00080000                        RAM_LENGTH_DEFAULT = 0x80000
                0x20080000                        SCRATCH_X_ORIGIN_DEFAULT = 0x20080000
                0x00001000                        SCRATCH_X_LENGTH_DEFAULT = 0x1000
                0x20081000                        SCRATCH_Y_ORIGIN_DEFAULT = 0x20081000
                0x00001000                        SCRATCH_Y_LENGTH_DEFAULT = 0x1000
                0x13ffc000                        XIP_RAM_ORIGIN_DEFAULT = 0x13ffc000
                0x00004000                        XIP_RAM_LENGTH_DEFAULT = 0x4000
LOAD CMakeFiles/sqisign_rp2350_v3_d2_static.dir/Users/hiro/workspace/tinysqisign/src/platform/rp2350/call_on_psp.S.o
LOAD CMakeFiles/sqisign_rp2350_v3_d2_static.dir/allocator_traps.c.o
LOAD CMakeFiles/sqisign_rp2350_v3_d2_static.dir/diagnostic_traps.c.o
LOAD CMakeFiles/sqisign_rp2350_v3_d2_static.dir/v3_ksv_kat.c.o
LOAD CMakeFiles/sqisign_rp2350_v3_d2_static.dir/Users/hiro/workspace/sqisign/external/pico-sdk/src/rp2_common/hardware_clocks/clocks.c.o
LOAD CMakeFiles/sqisign_rp2350_v3_d2_static.dir/Users/hiro/workspace/sqisign/external/pico-sdk/src/rp2350/pico_platform/platform.c.o
LOAD CMakeFiles/sqisign_rp2350_v3_d2_static.dir/Users/hiro/workspace/sqisign/external/pico-sdk/src/rp2_common/pico_platform_common/common.c.o
LOAD CMakeFiles/sqisign_rp2350_v3_d2_static.dir/Users/hiro/workspace/sqisign/external/pico-sdk/src/rp2_common/pico_platform_panic/panic.c.o
LOAD CMakeFiles/sqisign_rp2350_v3_d2_static.dir/Users/hiro/workspace/sqisign/external/pico-sdk/src/rp2_common/pico_platform_panic/custom_panic_function.S.o
LOAD CMakeFiles/sqisign_rp2350_v3_d2_static.dir/Users/hiro/workspace/sqisign/external/pico-sdk/src/common/hardware_claim/claim.c.o
LOAD CMakeFiles/sqisign_rp2350_v3_d2_static.dir/Users/hiro/workspace/sqisign/external/pico-sdk/src/rp2_common/hardware_sync/sync.c.o
LOAD CMakeFiles/sqisign_rp2350_v3_d2_static.dir/Users/hiro/workspace/sqisign/external/pico-sdk/src/rp2_common/hardware_sync_spin_lock/sync_spin_lock.c.o
LOAD CMakeFiles/sqisign_rp2350_v3_d2_static.dir/Users/hiro/workspace/sqisign/external/pico-sdk/src/rp2_common/hardware_gpio/gpio.c.o
LOAD CMakeFiles/sqisign_rp2350_v3_d2_static.dir/Users/hiro/workspace/sqisign/external/pico-sdk/src/rp2_common/hardware_irq/irq.c.o
LOAD CMakeFiles/sqisign_rp2350_v3_d2_static.dir/Users/hiro/workspace/sqisign/external/pico-sdk/src/rp2_common/hardware_irq/irq_handler_chain.S.o
LOAD CMakeFiles/sqisign_rp2350_v3_d2_static.dir/Users/hiro/workspace/sqisign/external/pico-sdk/src/common/pico_sync/sem.c.o
LOAD CMakeFiles/sqisign_rp2350_v3_d2_static.dir/Users/hiro/workspace/sqisign/external/pico-sdk/src/common/pico_sync/lock_core.c.o
LOAD CMakeFiles/sqisign_rp2350_v3_d2_static.dir/Users/hiro/workspace/sqisign/external/pico-sdk/src/common/pico_sync/mutex.c.o
LOAD CMakeFiles/sqisign_rp2350_v3_d2_static.dir/Users/hiro/workspace/sqisign/external/pico-sdk/src/common/pico_sync/critical_section.c.o
LOAD CMakeFiles/sqisign_rp2350_v3_d2_static.dir/Users/hiro/workspace/sqisign/external/pico-sdk/src/common/pico_time/time.c.o
LOAD CMakeFiles/sqisign_rp2350_v3_d2_static.dir/Users/hiro/workspace/sqisign/external/pico-sdk/src/common/pico_time/timeout_helper.c.o
LOAD CMakeFiles/sqisign_rp2350_v3_d2_static.dir/Users/hiro/workspace/sqisign/external/pico-sdk/src/rp2_common/hardware_timer/timer.c.o
LOAD CMakeFiles/sqisign_rp2350_v3_d2_static.dir/Users/hiro/workspace/sqisign/external/pico-sdk/src/common/pico_util/datetime.c.o
LOAD CMakeFiles/sqisign_rp2350_v3_d2_static.dir/Users/hiro/workspace/sqisign/external/pico-sdk/src/common/pico_util/fixed_bitset.c.o
LOAD CMakeFiles/sqisign_rp2350_v3_d2_static.dir/Users/hiro/workspace/sqisign/external/pico-sdk/src/common/pico_util/pheap.c.o
LOAD CMakeFiles/sqisign_rp2350_v3_d2_static.dir/Users/hiro/workspace/sqisign/external/pico-sdk/src/common/pico_util/queue.c.o
LOAD CMakeFiles/sqisign_rp2350_v3_d2_static.dir/Users/hiro/workspace/sqisign/external/pico-sdk/src/rp2_common/hardware_pll/pll.c.o
LOAD CMakeFiles/sqisign_rp2350_v3_d2_static.dir/Users/hiro/workspace/sqisign/external/pico-sdk/src/rp2_common/hardware_vreg/vreg.c.o
LOAD CMakeFiles/sqisign_rp2350_v3_d2_static.dir/Users/hiro/workspace/sqisign/external/pico-sdk/src/rp2_common/hardware_watchdog/watchdog.c.o
LOAD CMakeFiles/sqisign_rp2350_v3_d2_static.dir/Users/hiro/workspace/sqisign/external/pico-sdk/src/rp2_common/hardware_ticks/ticks.c.o
LOAD CMakeFiles/sqisign_rp2350_v3_d2_static.dir/Users/hiro/workspace/sqisign/external/pico-sdk/src/rp2_common/pico_bootrom/bootrom.c.o
LOAD CMakeFiles/sqisign_rp2350_v3_d2_static.dir/Users/hiro/workspace/sqisign/external/pico-sdk/src/rp2_common/pico_bootrom/bootrom_lock.c.o
LOAD CMakeFiles/sqisign_rp2350_v3_d2_static.dir/Users/hiro/workspace/sqisign/external/pico-sdk/src/rp2_common/hardware_boot_lock/boot_lock.c.o
LOAD CMakeFiles/sqisign_rp2350_v3_d2_static.dir/Users/hiro/workspace/sqisign/external/pico-sdk/src/rp2_common/pico_flash/flash.c.o
LOAD CMakeFiles/sqisign_rp2350_v3_d2_static.dir/Users/hiro/workspace/sqisign/external/pico-sdk/src/rp2_common/hardware_xosc/xosc.c.o
LOAD CMakeFiles/sqisign_rp2350_v3_d2_static.dir/Users/hiro/workspace/sqisign/external/pico-sdk/src/rp2_common/pico_stdlib/stdlib.c.o
LOAD CMakeFiles/sqisign_rp2350_v3_d2_static.dir/Users/hiro/workspace/sqisign/external/pico-sdk/src/rp2_common/hardware_uart/uart.c.o
LOAD CMakeFiles/sqisign_rp2350_v3_d2_static.dir/Users/hiro/workspace/sqisign/external/pico-sdk/src/rp2_common/hardware_divider/divider.c.o
LOAD CMakeFiles/sqisign_rp2350_v3_d2_static.dir/Users/hiro/workspace/sqisign/external/pico-sdk/src/rp2_common/pico_runtime/runtime.c.o
LOAD CMakeFiles/sqisign_rp2350_v3_d2_static.dir/Users/hiro/workspace/sqisign/external/pico-sdk/src/rp2_common/pico_runtime_init/runtime_init.c.o
LOAD CMakeFiles/sqisign_rp2350_v3_d2_static.dir/Users/hiro/workspace/sqisign/external/pico-sdk/src/rp2_common/pico_runtime_init/runtime_init_clocks.c.o
LOAD CMakeFiles/sqisign_rp2350_v3_d2_static.dir/Users/hiro/workspace/sqisign/external/pico-sdk/src/rp2_common/pico_runtime_init/runtime_init_stack_guard.c.o
LOAD CMakeFiles/sqisign_rp2350_v3_d2_static.dir/Users/hiro/workspace/sqisign/external/pico-sdk/src/rp2_common/pico_bit_ops/bit_ops_aeabi.S.o
LOAD CMakeFiles/sqisign_rp2350_v3_d2_static.dir/Users/hiro/workspace/sqisign/external/pico-sdk/src/rp2_common/pico_divider/divider_compiler.c.o
LOAD CMakeFiles/sqisign_rp2350_v3_d2_static.dir/Users/hiro/workspace/sqisign/external/pico-sdk/src/rp2_common/pico_double/double_math.c.o
LOAD CMakeFiles/sqisign_rp2350_v3_d2_static.dir/Users/hiro/workspace/sqisign/external/pico-sdk/src/rp2_common/pico_double/double_aeabi_dcp.S.o
LOAD CMakeFiles/sqisign_rp2350_v3_d2_static.dir/Users/hiro/workspace/sqisign/external/pico-sdk/src/rp2_common/pico_double/double_fma_dcp.S.o
LOAD CMakeFiles/sqisign_rp2350_v3_d2_static.dir/Users/hiro/workspace/sqisign/external/pico-sdk/src/rp2_common/pico_double/double_sci_m33.S.o
LOAD CMakeFiles/sqisign_rp2350_v3_d2_static.dir/Users/hiro/workspace/sqisign/external/pico-sdk/src/rp2_common/pico_double/double_conv_m33.S.o
LOAD CMakeFiles/sqisign_rp2350_v3_d2_static.dir/Users/hiro/workspace/sqisign/external/pico-sdk/src/rp2_common/pico_float/float_math.c.o
LOAD CMakeFiles/sqisign_rp2350_v3_d2_static.dir/Users/hiro/workspace/sqisign/external/pico-sdk/src/rp2_common/pico_float/float_conv32_vfp.S.o
LOAD CMakeFiles/sqisign_rp2350_v3_d2_static.dir/Users/hiro/workspace/sqisign/external/pico-sdk/src/rp2_common/pico_float/float_common_m33.S.o
LOAD CMakeFiles/sqisign_rp2350_v3_d2_static.dir/Users/hiro/workspace/sqisign/external/pico-sdk/src/rp2_common/pico_float/float_sci_m33_vfp.S.o
LOAD CMakeFiles/sqisign_rp2350_v3_d2_static.dir/Users/hiro/workspace/sqisign/external/pico-sdk/src/rp2_common/pico_malloc/malloc.c.o
LOAD CMakeFiles/sqisign_rp2350_v3_d2_static.dir/Users/hiro/workspace/sqisign/external/pico-sdk/src/rp2_common/pico_atomic/atomic.c.o
LOAD CMakeFiles/sqisign_rp2350_v3_d2_static.dir/Users/hiro/workspace/sqisign/external/pico-sdk/src/rp2_common/pico_cxx_options/new_delete.cpp.o
LOAD CMakeFiles/sqisign_rp2350_v3_d2_static.dir/Users/hiro/workspace/sqisign/external/pico-sdk/src/rp2_common/pico_standard_binary_info/standard_binary_info.c.o
LOAD CMakeFiles/sqisign_rp2350_v3_d2_static.dir/Users/hiro/workspace/sqisign/external/pico-sdk/src/rp2_common/pico_printf/printf.c.o
LOAD CMakeFiles/sqisign_rp2350_v3_d2_static.dir/Users/hiro/workspace/sqisign/external/pico-sdk/src/rp2_common/pico_crt0/crt0.S.o
LOAD CMakeFiles/sqisign_rp2350_v3_d2_static.dir/Users/hiro/workspace/sqisign/external/pico-sdk/src/rp2_common/pico_clib_interface/newlib_interface.c.o
LOAD CMakeFiles/sqisign_rp2350_v3_d2_static.dir/Users/hiro/workspace/sqisign/external/pico-sdk/src/rp2_common/pico_clib_interface/cxa_guard.c.o
LOAD CMakeFiles/sqisign_rp2350_v3_d2_static.dir/Users/hiro/workspace/sqisign/external/pico-sdk/src/rp2_common/pico_stdio/stdio.c.o
LOAD CMakeFiles/sqisign_rp2350_v3_d2_static.dir/Users/hiro/workspace/sqisign/external/pico-sdk/src/rp2_common/pico_stdio_usb/stdio_usb.c.o
LOAD CMakeFiles/sqisign_rp2350_v3_d2_static.dir/Users/hiro/workspace/sqisign/external/pico-sdk/src/rp2_common/pico_stdio_usb/stdio_usb_descriptors.c.o
LOAD CMakeFiles/sqisign_rp2350_v3_d2_static.dir/Users/hiro/workspace/sqisign/external/pico-sdk/src/rp2_common/pico_unique_id/unique_id.c.o
LOAD CMakeFiles/sqisign_rp2350_v3_d2_static.dir/Users/hiro/workspace/sqisign/external/pico-sdk/src/rp2_common/hardware_flash/flash.c.o
LOAD CMakeFiles/sqisign_rp2350_v3_d2_static.dir/Users/hiro/workspace/sqisign/external/pico-sdk/src/rp2_common/hardware_xip_cache/xip_cache.c.o
LOAD CMakeFiles/sqisign_rp2350_v3_d2_static.dir/Users/hiro/workspace/sqisign/external/pico-sdk/src/rp2_common/pico_usb_reset/usb_reset.c.o
LOAD CMakeFiles/sqisign_rp2350_v3_d2_static.dir/Users/hiro/workspace/sqisign/external/pico-sdk/lib/tinyusb/src/portable/raspberrypi/rp2040/dcd_rp2040.c.o
LOAD CMakeFiles/sqisign_rp2350_v3_d2_static.dir/Users/hiro/workspace/sqisign/external/pico-sdk/lib/tinyusb/src/portable/raspberrypi/rp2040/rp2040_usb.c.o
LOAD CMakeFiles/sqisign_rp2350_v3_d2_static.dir/Users/hiro/workspace/sqisign/external/pico-sdk/lib/tinyusb/src/device/usbd.c.o
LOAD CMakeFiles/sqisign_rp2350_v3_d2_static.dir/Users/hiro/workspace/sqisign/external/pico-sdk/lib/tinyusb/src/device/usbd_control.c.o
LOAD CMakeFiles/sqisign_rp2350_v3_d2_static.dir/Users/hiro/workspace/sqisign/external/pico-sdk/lib/tinyusb/src/class/audio/audio_device.c.o
LOAD CMakeFiles/sqisign_rp2350_v3_d2_static.dir/Users/hiro/workspace/sqisign/external/pico-sdk/lib/tinyusb/src/class/cdc/cdc_device.c.o
LOAD CMakeFiles/sqisign_rp2350_v3_d2_static.dir/Users/hiro/workspace/sqisign/external/pico-sdk/lib/tinyusb/src/class/dfu/dfu_device.c.o
LOAD CMakeFiles/sqisign_rp2350_v3_d2_static.dir/Users/hiro/workspace/sqisign/external/pico-sdk/lib/tinyusb/src/class/dfu/dfu_rt_device.c.o
LOAD CMakeFiles/sqisign_rp2350_v3_d2_static.dir/Users/hiro/workspace/sqisign/external/pico-sdk/lib/tinyusb/src/class/hid/hid_device.c.o
LOAD CMakeFiles/sqisign_rp2350_v3_d2_static.dir/Users/hiro/workspace/sqisign/external/pico-sdk/lib/tinyusb/src/class/midi/midi_device.c.o
LOAD CMakeFiles/sqisign_rp2350_v3_d2_static.dir/Users/hiro/workspace/sqisign/external/pico-sdk/lib/tinyusb/src/class/msc/msc_device.c.o
LOAD CMakeFiles/sqisign_rp2350_v3_d2_static.dir/Users/hiro/workspace/sqisign/external/pico-sdk/lib/tinyusb/src/class/net/ecm_rndis_device.c.o
LOAD CMakeFiles/sqisign_rp2350_v3_d2_static.dir/Users/hiro/workspace/sqisign/external/pico-sdk/lib/tinyusb/src/class/net/ncm_device.c.o
LOAD CMakeFiles/sqisign_rp2350_v3_d2_static.dir/Users/hiro/workspace/sqisign/external/pico-sdk/lib/tinyusb/src/class/usbtmc/usbtmc_device.c.o
LOAD CMakeFiles/sqisign_rp2350_v3_d2_static.dir/Users/hiro/workspace/sqisign/external/pico-sdk/lib/tinyusb/src/class/vendor/vendor_device.c.o
LOAD CMakeFiles/sqisign_rp2350_v3_d2_static.dir/Users/hiro/workspace/sqisign/external/pico-sdk/lib/tinyusb/src/class/video/video_device.c.o
LOAD CMakeFiles/sqisign_rp2350_v3_d2_static.dir/Users/hiro/workspace/sqisign/external/pico-sdk/lib/tinyusb/src/tusb.c.o
LOAD CMakeFiles/sqisign_rp2350_v3_d2_static.dir/Users/hiro/workspace/sqisign/external/pico-sdk/lib/tinyusb/src/common/tusb_fifo.c.o
LOAD CMakeFiles/sqisign_rp2350_v3_d2_static.dir/Users/hiro/workspace/sqisign/external/pico-sdk/src/rp2_common/pico_fix/rp2040_usb_device_enumeration/rp2040_usb_device_enumeration.c.o
LOAD CMakeFiles/sqisign_rp2350_v3_d2_static.dir/Users/hiro/workspace/sqisign/external/pico-sdk/src/rp2_common/pico_thread_local/thread_local.c.o
LOAD pico-sdk/src/rp2350/boot_stage2/CMakeFiles/bs2_default_library.dir/./bs2_default_padded.S.o
LOAD libsqisign_v3_p324_3_m4f.a
LOAD /Users/hiro/workspace/raspico2/arm-gnu-toolchain-extracted/bin/../lib/gcc/arm-none-eabi/15.2.1/../../../../arm-none-eabi/lib/thumb/v8-m.main+fp/softfp/libstdc++.a
LOAD /Users/hiro/workspace/raspico2/arm-gnu-toolchain-extracted/bin/../lib/gcc/arm-none-eabi/15.2.1/../../../../arm-none-eabi/lib/thumb/v8-m.main+fp/softfp/libm.a
START GROUP
LOAD /Users/hiro/workspace/raspico2/arm-gnu-toolchain-extracted/bin/../lib/gcc/arm-none-eabi/15.2.1/thumb/v8-m.main+fp/softfp/libgcc.a
LOAD /Users/hiro/workspace/raspico2/arm-gnu-toolchain-extracted/bin/../lib/gcc/arm-none-eabi/15.2.1/../../../../arm-none-eabi/lib/thumb/v8-m.main+fp/softfp/libg.a
LOAD /Users/hiro/workspace/raspico2/arm-gnu-toolchain-extracted/bin/../lib/gcc/arm-none-eabi/15.2.1/../../../../arm-none-eabi/lib/thumb/v8-m.main+fp/softfp/libc.a
END GROUP
                0x20000000                        PROVIDE (RAM_ORIGIN = RAM_ORIGIN_DEFAULT)
                0x00080000                        PROVIDE (RAM_LENGTH = RAM_LENGTH_DEFAULT)
                0x20080000                        PROVIDE (SCRATCH_X_ORIGIN = SCRATCH_X_ORIGIN_DEFAULT)
                0x00001000                        PROVIDE (SCRATCH_X_LENGTH = SCRATCH_X_LENGTH_DEFAULT)
                0x20081000                        PROVIDE (SCRATCH_Y_ORIGIN = SCRATCH_Y_ORIGIN_DEFAULT)
                0x00001000                        PROVIDE (SCRATCH_Y_LENGTH = SCRATCH_Y_LENGTH_DEFAULT)
                0x13ffc000                        PROVIDE (XIP_RAM_ORIGIN = XIP_RAM_ORIGIN_DEFAULT)
                0x00004000                        PROVIDE (XIP_RAM_LENGTH = XIP_RAM_LENGTH_DEFAULT)
                0x20000000                        RAM_ORIGIN = DEFINED (RAM_ORIGIN)?RAM_ORIGIN:RAM_ORIGIN_DEFAULT
                0x00080000                        RAM_LENGTH = DEFINED (RAM_LENGTH)?RAM_LENGTH:RAM_LENGTH_DEFAULT
                0x20080000                        SCRATCH_X_ORIGIN = DEFINED (SCRATCH_X_ORIGIN)?SCRATCH_X_ORIGIN:SCRATCH_X_ORIGIN_DEFAULT
                0x00001000                        SCRATCH_X_LENGTH = DEFINED (SCRATCH_X_LENGTH)?SCRATCH_X_LENGTH:SCRATCH_X_LENGTH_DEFAULT
                0x20081000                        SCRATCH_Y_ORIGIN = DEFINED (SCRATCH_Y_ORIGIN)?SCRATCH_Y_ORIGIN:SCRATCH_Y_ORIGIN_DEFAULT
                0x00001000                        SCRATCH_Y_LENGTH = DEFINED (SCRATCH_Y_LENGTH)?SCRATCH_Y_LENGTH:SCRATCH_Y_LENGTH_DEFAULT
                0x13ffc000                        XIP_RAM_ORIGIN = DEFINED (XIP_RAM_ORIGIN)?XIP_RAM_ORIGIN:XIP_RAM_ORIGIN_DEFAULT
                0x00004000                        XIP_RAM_LENGTH = DEFINED (XIP_RAM_LENGTH)?XIP_RAM_LENGTH:XIP_RAM_LENGTH_DEFAULT

.flash_begin    0x10000000        0x0
                0x10000000                        __flash_binary_start = .

.text           0x10000000    0x2ddec
                0x10000000                        __logical_binary_start = .
 *(.vectors)
 .vectors       0x10000000      0x124 CMakeFiles/sqisign_rp2350_v3_d2_static.dir/Users/hiro/workspace/sqisign/external/pico-sdk/src/rp2_common/pico_crt0/crt0.S.o
                0x10000000                __VECTOR_TABLE
                0x10000000                __vectors
                0x10000110                __unhandled_user_irq
                0x10000110                isr_irq49
                0x10000110                isr_irq13
                0x10000110                isr_irq43
                0x10000110                isr_irq45
                0x10000110                isr_irq27
                0x10000110                isr_irq32
                0x10000110                isr_irq31
                0x10000110                isr_irq5
                0x10000110                isr_irq11
                0x10000110                isr_irq23
                0x10000110                isr_usagefault
                0x10000110                isr_irq48
                0x10000110                isr_irq35
                0x10000110                isr_irq18
                0x10000110                isr_irq50
                0x10000110                isr_irq9
                0x10000110                isr_irq30
                0x10000110                isr_irq16
                0x10000110                isr_irq44
                0x10000110                isr_irq29
                0x10000110                isr_irq26
                0x10000110                isr_irq33
                0x10000110                isr_irq3
                0x10000110                isr_irq12
                0x10000110                isr_securefault
                0x10000110                isr_irq40
                0x10000110                isr_irq28
                0x10000110                isr_irq19
                0x10000110                isr_irq36
                0x10000110                isr_irq41
                0x10000110                isr_irq0
                0x10000110                isr_irq6
                0x10000110                isr_memmanage
                0x10000110                isr_irq37
                0x10000110                isr_irq42
                0x10000110                isr_irq22
                0x10000110                isr_irq17
                0x10000110                isr_irq38
                0x10000110                isr_irq14
                0x10000110                __vectors_end
                0x10000110                __default_isrs_start
                0x10000110                isr_irq2
                0x10000110                isr_irq10
                0x10000110                isr_irq8
                0x10000110                isr_debugmonitor
                0x10000110                isr_irq24
                0x10000110                isr_irq46
                0x10000110                isr_irq1
                0x10000110                isr_irq47
                0x10000110                isr_irq51
                0x10000110                isr_irq7
                0x10000110                isr_irq21
                0x10000110                isr_irq39
                0x10000110                isr_irq20
                0x10000110                isr_irq15
                0x10000110                isr_irq25
                0x10000110                isr_irq34
                0x10000110                isr_irq4
                0x10000110                isr_busfault
                0x10000116                unhandled_user_irq_num_in_r0
                0x10000118                isr_invalid
                0x1000011a                isr_nmi
                0x1000011c                isr_hardfault
                0x1000011e                isr_svcall
                0x10000120                isr_pendsv
                0x10000122                isr_systick
                0x10000124                __default_isrs_end
 *(.binary_info_header)
 .binary_info_header
                0x10000124       0x14 CMakeFiles/sqisign_rp2350_v3_d2_static.dir/Users/hiro/workspace/sqisign/external/pico-sdk/src/rp2_common/pico_crt0/crt0.S.o
                0x10000138                        __binary_info_header_end = .
 *(.embedded_block)
 .embedded_block
                0x10000138       0x14 CMakeFiles/sqisign_rp2350_v3_d2_static.dir/Users/hiro/workspace/sqisign/external/pico-sdk/src/rp2_common/pico_crt0/crt0.S.o
                0x1000014c                        __embedded_block_end = .
 *(.reset)
 .reset         0x1000014c       0x94 CMakeFiles/sqisign_rp2350_v3_d2_static.dir/Users/hiro/workspace/sqisign/external/pico-sdk/src/rp2_common/pico_crt0/crt0.S.o
                0x1000014c                _entry_point
 *(.init)
 SORT_BY_NAME(REVERSE(*libgcc.a:cmse_nonsecure_call.o))()
 *(EXCLUDE_FILE(*libm.a: *lib*_a-mem*.o *libc.a: *libgcc.a:) .text*)
 .text          0x100001e0       0x40 CMakeFiles/sqisign_rp2350_v3_d2_static.dir/Users/hiro/workspace/tinysqisign/src/platform/rp2350/call_on_psp.S.o
                0x100001e0                sqisign_call_on_psp
 .text.unlikely.sqisign_diagnostic_violation
                0x10000220       0x10 CMakeFiles/sqisign_rp2350_v3_d2_static.dir/diagnostic_traps.c.o
                0x10000220                sqisign_diagnostic_violation
 .text.unlikely.fprintf
                0x10000230        0x8 CMakeFiles/sqisign_rp2350_v3_d2_static.dir/diagnostic_traps.c.o
                0x10000230                fprintf
 .text.unlikely.abort
                0x10000238        0x6 CMakeFiles/sqisign_rp2350_v3_d2_static.dir/diagnostic_traps.c.o
                0x10000238                abort
 *fill*         0x1000023e        0x2 
 .text.verify_thunk
                0x10000240       0x34 CMakeFiles/sqisign_rp2350_v3_d2_static.dir/v3_ksv_kat.c.o
 .text.sign_thunk
                0x10000274       0x2c CMakeFiles/sqisign_rp2350_v3_d2_static.dir/v3_ksv_kat.c.o
 .text.keygen_thunk
                0x100002a0       0x10 CMakeFiles/sqisign_rp2350_v3_d2_static.dir/v3_ksv_kat.c.o
 .text.decode_hex
                0x100002b0       0xc8 CMakeFiles/sqisign_rp2350_v3_d2_static.dir/v3_ksv_kat.c.o
 .text.startup.main
                0x10000378      0x578 CMakeFiles/sqisign_rp2350_v3_d2_static.dir/v3_ksv_kat.c.o
                0x10000378                main
 .text.clock_configure_undivided
                0x100008f0       0xdc CMakeFiles/sqisign_rp2350_v3_d2_static.dir/Users/hiro/workspace/sqisign/external/pico-sdk/src/rp2_common/hardware_clocks/clocks.c.o
                0x100008f0                clock_configure_undivided
 .text.clock_get_hz
                0x100009cc        0xc CMakeFiles/sqisign_rp2350_v3_d2_static.dir/Users/hiro/workspace/sqisign/external/pico-sdk/src/rp2_common/hardware_clocks/clocks.c.o
                0x100009cc                clock_get_hz
 .text.panic    0x100009d8       0x30 CMakeFiles/sqisign_rp2350_v3_d2_static.dir/Users/hiro/workspace/sqisign/external/pico-sdk/src/rp2_common/pico_platform_panic/panic.c.o
                0x100009d8                panic
 .text.hw_claim_or_assert
                0x10000a08       0x58 CMakeFiles/sqisign_rp2350_v3_d2_static.dir/Users/hiro/workspace/sqisign/external/pico-sdk/src/common/hardware_claim/claim.c.o
                0x10000a08                hw_claim_or_assert
 .text.hw_claim_unused_from_range
                0x10000a60       0x84 CMakeFiles/sqisign_rp2350_v3_d2_static.dir/Users/hiro/workspace/sqisign/external/pico-sdk/src/common/hardware_claim/claim.c.o
                0x10000a60                hw_claim_unused_from_range
 .text.next_striped_spin_lock_num
                0x10000ae4       0x18 CMakeFiles/sqisign_rp2350_v3_d2_static.dir/Users/hiro/workspace/sqisign/external/pico-sdk/src/rp2_common/hardware_sync/sync.c.o
                0x10000ae4                next_striped_spin_lock_num
 .text.spin_lock_claim_unused
                0x10000afc       0x24 CMakeFiles/sqisign_rp2350_v3_d2_static.dir/Users/hiro/workspace/sqisign/external/pico-sdk/src/rp2_common/hardware_sync/sync.c.o
                0x10000afc                spin_lock_claim_unused
 .text.spinlock_set_extexclall
                0x10000b20       0x10 CMakeFiles/sqisign_rp2350_v3_d2_static.dir/Users/hiro/workspace/sqisign/external/pico-sdk/src/rp2_common/hardware_sync_spin_lock/sync_spin_lock.c.o
 .text.spin_locks_reset
                0x10000b30       0x18 CMakeFiles/sqisign_rp2350_v3_d2_static.dir/Users/hiro/workspace/sqisign/external/pico-sdk/src/rp2_common/hardware_sync_spin_lock/sync_spin_lock.c.o
                0x10000b30                spin_locks_reset
 .text.runtime_init_per_core_irq_priorities
                0x10000b48       0x40 CMakeFiles/sqisign_rp2350_v3_d2_static.dir/Users/hiro/workspace/sqisign/external/pico-sdk/src/rp2_common/hardware_irq/irq.c.o
                0x10000b48                runtime_init_per_core_irq_priorities
 .text.irq_set_enabled
                0x10000b88       0x2c CMakeFiles/sqisign_rp2350_v3_d2_static.dir/Users/hiro/workspace/sqisign/external/pico-sdk/src/rp2_common/hardware_irq/irq.c.o
                0x10000b88                irq_set_enabled
 .text.irq_is_enabled
                0x10000bb4       0x20 CMakeFiles/sqisign_rp2350_v3_d2_static.dir/Users/hiro/workspace/sqisign/external/pico-sdk/src/rp2_common/hardware_irq/irq.c.o
                0x10000bb4                irq_is_enabled
 .text.irq_set_pending
                0x10000bd4       0x18 CMakeFiles/sqisign_rp2350_v3_d2_static.dir/Users/hiro/workspace/sqisign/external/pico-sdk/src/rp2_common/hardware_irq/irq.c.o
                0x10000bd4                irq_set_pending
 .text.irq_has_shared_handler
                0x10000bec       0x20 CMakeFiles/sqisign_rp2350_v3_d2_static.dir/Users/hiro/workspace/sqisign/external/pico-sdk/src/rp2_common/hardware_irq/irq.c.o
                0x10000bec                irq_has_shared_handler
 .text.irq_set_exclusive_handler
                0x10000c0c       0x64 CMakeFiles/sqisign_rp2350_v3_d2_static.dir/Users/hiro/workspace/sqisign/external/pico-sdk/src/rp2_common/hardware_irq/irq.c.o
                0x10000c0c                irq_set_exclusive_handler
 .text.irq_add_shared_handler
                0x10000c70      0x1c4 CMakeFiles/sqisign_rp2350_v3_d2_static.dir/Users/hiro/workspace/sqisign/external/pico-sdk/src/rp2_common/hardware_irq/irq.c.o
                0x10000c70                irq_add_shared_handler
 .text.irq_add_tail_to_free_list
                0x10000e34       0xe4 CMakeFiles/sqisign_rp2350_v3_d2_static.dir/Users/hiro/workspace/sqisign/external/pico-sdk/src/rp2_common/hardware_irq/irq.c.o
                0x10000e34                irq_add_tail_to_free_list
 .text.user_irq_claim_unused
                0x10000f18       0x2c CMakeFiles/sqisign_rp2350_v3_d2_static.dir/Users/hiro/workspace/sqisign/external/pico-sdk/src/rp2_common/hardware_irq/irq.c.o
                0x10000f18                user_irq_claim_unused
 .text.lock_init
                0x10000f44        0xc CMakeFiles/sqisign_rp2350_v3_d2_static.dir/Users/hiro/workspace/sqisign/external/pico-sdk/src/common/pico_sync/lock_core.c.o
                0x10000f44                lock_init
 .text.runtime_init_mutex
                0x10000f50       0x4c CMakeFiles/sqisign_rp2350_v3_d2_static.dir/Users/hiro/workspace/sqisign/external/pico-sdk/src/common/pico_sync/mutex.c.o
                0x10000f50                runtime_init_mutex
 .text.mutex_init
                0x10000f9c       0x1c CMakeFiles/sqisign_rp2350_v3_d2_static.dir/Users/hiro/workspace/sqisign/external/pico-sdk/src/common/pico_sync/mutex.c.o
                0x10000f9c                mutex_init
 .text.critical_section_init
                0x10000fb8       0x1c CMakeFiles/sqisign_rp2350_v3_d2_static.dir/Users/hiro/workspace/sqisign/external/pico-sdk/src/common/pico_sync/critical_section.c.o
                0x10000fb8                critical_section_init
 .text.critical_section_init_with_lock_num
                0x10000fd4       0x10 CMakeFiles/sqisign_rp2350_v3_d2_static.dir/Users/hiro/workspace/sqisign/external/pico-sdk/src/common/pico_sync/critical_section.c.o
                0x10000fd4                critical_section_init_with_lock_num
 .text.sleep_until_callback
                0x10000fe4       0x4c CMakeFiles/sqisign_rp2350_v3_d2_static.dir/Users/hiro/workspace/sqisign/external/pico-sdk/src/common/pico_time/time.c.o
 .text.alarm_pool_irq_handler
                0x10001030      0x2ec CMakeFiles/sqisign_rp2350_v3_d2_static.dir/Users/hiro/workspace/sqisign/external/pico-sdk/src/common/pico_time/time.c.o
 .text.runtime_init_default_alarm_pool
                0x1000131c      0x104 CMakeFiles/sqisign_rp2350_v3_d2_static.dir/Users/hiro/workspace/sqisign/external/pico-sdk/src/common/pico_time/time.c.o
                0x1000131c                runtime_init_default_alarm_pool
 .text.alarm_pool_get_default
                0x10001420        0x8 CMakeFiles/sqisign_rp2350_v3_d2_static.dir/Users/hiro/workspace/sqisign/external/pico-sdk/src/common/pico_time/time.c.o
                0x10001420                alarm_pool_get_default
 .text.alarm_pool_add_alarm_at
                0x10001428       0xe4 CMakeFiles/sqisign_rp2350_v3_d2_static.dir/Users/hiro/workspace/sqisign/external/pico-sdk/src/common/pico_time/time.c.o
                0x10001428                alarm_pool_add_alarm_at
 .text.alarm_pool_add_alarm_at_force_in_context
                0x1000150c       0xcc CMakeFiles/sqisign_rp2350_v3_d2_static.dir/Users/hiro/workspace/sqisign/external/pico-sdk/src/common/pico_time/time.c.o
                0x1000150c                alarm_pool_add_alarm_at_force_in_context
 .text.alarm_pool_cancel_alarm
                0x100015d8       0x84 CMakeFiles/sqisign_rp2350_v3_d2_static.dir/Users/hiro/workspace/sqisign/external/pico-sdk/src/common/pico_time/time.c.o
                0x100015d8                alarm_pool_cancel_alarm
 .text.alarm_pool_core_num
                0x1000165c        0x4 CMakeFiles/sqisign_rp2350_v3_d2_static.dir/Users/hiro/workspace/sqisign/external/pico-sdk/src/common/pico_time/time.c.o
                0x1000165c                alarm_pool_core_num
 .text.sleep_ms
                0x10001660       0xf8 CMakeFiles/sqisign_rp2350_v3_d2_static.dir/Users/hiro/workspace/sqisign/external/pico-sdk/src/common/pico_time/time.c.o
                0x10001660                sleep_ms
 .text.best_effort_wfe_or_timeout
                0x10001758      0x12c CMakeFiles/sqisign_rp2350_v3_d2_static.dir/Users/hiro/workspace/sqisign/external/pico-sdk/src/common/pico_time/time.c.o
                0x10001758                best_effort_wfe_or_timeout
 .text.timer_hardware_alarm_claim
                0x10001884       0x24 CMakeFiles/sqisign_rp2350_v3_d2_static.dir/Users/hiro/workspace/sqisign/external/pico-sdk/src/rp2_common/hardware_timer/timer.c.o
                0x10001884                timer_hardware_alarm_claim
 .text.timer_time_us_64
                0x100018a8       0x10 CMakeFiles/sqisign_rp2350_v3_d2_static.dir/Users/hiro/workspace/sqisign/external/pico-sdk/src/rp2_common/hardware_timer/timer.c.o
                0x100018a8                timer_time_us_64
 .text.time_us_64
                0x100018b8       0x14 CMakeFiles/sqisign_rp2350_v3_d2_static.dir/Users/hiro/workspace/sqisign/external/pico-sdk/src/rp2_common/hardware_timer/timer.c.o
                0x100018b8                time_us_64
 .text.busy_wait_until
                0x100018cc       0x24 CMakeFiles/sqisign_rp2350_v3_d2_static.dir/Users/hiro/workspace/sqisign/external/pico-sdk/src/rp2_common/hardware_timer/timer.c.o
                0x100018cc                busy_wait_until
 .text.pll_init
                0x100018f0       0x90 CMakeFiles/sqisign_rp2350_v3_d2_static.dir/Users/hiro/workspace/sqisign/external/pico-sdk/src/rp2_common/hardware_pll/pll.c.o
                0x100018f0                pll_init
 .text.watchdog_reboot
                0x10001980       0xac CMakeFiles/sqisign_rp2350_v3_d2_static.dir/Users/hiro/workspace/sqisign/external/pico-sdk/src/rp2_common/hardware_watchdog/watchdog.c.o
                0x10001980                watchdog_reboot
 .text.tick_start
                0x10001a2c       0x18 CMakeFiles/sqisign_rp2350_v3_d2_static.dir/Users/hiro/workspace/sqisign/external/pico-sdk/src/rp2_common/hardware_ticks/ticks.c.o
                0x10001a2c                tick_start
 .text.rom_reboot.constprop.0.isra.0
                0x10001a44       0x3c CMakeFiles/sqisign_rp2350_v3_d2_static.dir/Users/hiro/workspace/sqisign/external/pico-sdk/src/rp2_common/pico_bootrom/bootrom.c.o
 .text.rom_func_lookup
                0x10001a80       0x18 CMakeFiles/sqisign_rp2350_v3_d2_static.dir/Users/hiro/workspace/sqisign/external/pico-sdk/src/rp2_common/pico_bootrom/bootrom.c.o
                0x10001a80                rom_func_lookup
 .text.rom_reset_usb_boot_extra
                0x10001a98       0x34 CMakeFiles/sqisign_rp2350_v3_d2_static.dir/Users/hiro/workspace/sqisign/external/pico-sdk/src/rp2_common/pico_bootrom/bootrom.c.o
                0x10001a98                rom_reset_usb_boot_extra
 .text.runtime_init_bootrom_locking_enable
                0x10001acc       0x14 CMakeFiles/sqisign_rp2350_v3_d2_static.dir/Users/hiro/workspace/sqisign/external/pico-sdk/src/rp2_common/pico_bootrom/bootrom_lock.c.o
                0x10001acc                runtime_init_bootrom_locking_enable
 .text.runtime_init_boot_locks_reset
                0x10001ae0       0x1c CMakeFiles/sqisign_rp2350_v3_d2_static.dir/Users/hiro/workspace/sqisign/external/pico-sdk/src/rp2_common/hardware_boot_lock/boot_lock.c.o
                0x10001ae0                runtime_init_boot_locks_reset
 .text.xosc_init
                0x10001afc       0x2c CMakeFiles/sqisign_rp2350_v3_d2_static.dir/Users/hiro/workspace/sqisign/external/pico-sdk/src/rp2_common/hardware_xosc/xosc.c.o
                0x10001afc                xosc_init
 .text.first_per_core_initializer
                0x10001b28        0x4 CMakeFiles/sqisign_rp2350_v3_d2_static.dir/Users/hiro/workspace/sqisign/external/pico-sdk/src/rp2_common/pico_runtime/runtime.c.o
 .text.hard_assertion_failure
                0x10001b2c        0xc CMakeFiles/sqisign_rp2350_v3_d2_static.dir/Users/hiro/workspace/sqisign/external/pico-sdk/src/rp2_common/pico_runtime/runtime.c.o
                0x10001b2c                hard_assertion_failure
 .text.runtime_run_initializers
                0x10001b38       0x20 CMakeFiles/sqisign_rp2350_v3_d2_static.dir/Users/hiro/workspace/sqisign/external/pico-sdk/src/rp2_common/pico_runtime/runtime.c.o
                0x10001b38                runtime_run_initializers
 .text.runtime_init_early_resets
                0x10001b58       0x30 CMakeFiles/sqisign_rp2350_v3_d2_static.dir/Users/hiro/workspace/sqisign/external/pico-sdk/src/rp2_common/pico_runtime_init/runtime_init.c.o
                0x10001b58                runtime_init_early_resets
 .text.runtime_init_usb_power_down
                0x10001b88       0x1c CMakeFiles/sqisign_rp2350_v3_d2_static.dir/Users/hiro/workspace/sqisign/external/pico-sdk/src/rp2_common/pico_runtime_init/runtime_init.c.o
                0x10001b88                runtime_init_usb_power_down
 .text.runtime_init_per_core_enable_coprocessors
                0x10001ba4       0x1c CMakeFiles/sqisign_rp2350_v3_d2_static.dir/Users/hiro/workspace/sqisign/external/pico-sdk/src/rp2_common/pico_runtime_init/runtime_init.c.o
                0x10001ba4                runtime_init_per_core_enable_coprocessors
 .text.runtime_init_post_clock_resets
                0x10001bc0       0x20 CMakeFiles/sqisign_rp2350_v3_d2_static.dir/Users/hiro/workspace/sqisign/external/pico-sdk/src/rp2_common/pico_runtime_init/runtime_init.c.o
                0x10001bc0                runtime_init_post_clock_resets
 .text.runtime_init_bootrom_reset
                0x10001be0       0x14 CMakeFiles/sqisign_rp2350_v3_d2_static.dir/Users/hiro/workspace/sqisign/external/pico-sdk/src/rp2_common/pico_runtime_init/runtime_init.c.o
                0x10001be0                runtime_init_bootrom_reset
 .text.runtime_init_per_core_bootrom_reset
                0x10001bf4       0x14 CMakeFiles/sqisign_rp2350_v3_d2_static.dir/Users/hiro/workspace/sqisign/external/pico-sdk/src/rp2_common/pico_runtime_init/runtime_init.c.o
                0x10001bf4                runtime_init_per_core_bootrom_reset
 .text.runtime_init_spin_locks_reset
                0x10001c08        0x4 CMakeFiles/sqisign_rp2350_v3_d2_static.dir/Users/hiro/workspace/sqisign/external/pico-sdk/src/rp2_common/pico_runtime_init/runtime_init.c.o
                0x10001c08                runtime_init_spin_locks_reset
 .text.runtime_init_install_ram_vector_table
                0x10001c0c       0x64 CMakeFiles/sqisign_rp2350_v3_d2_static.dir/Users/hiro/workspace/sqisign/external/pico-sdk/src/rp2_common/pico_runtime_init/runtime_init.c.o
                0x10001c0c                runtime_init_install_ram_vector_table
 .text.runtime_init_clocks
                0x10001c70       0xdc CMakeFiles/sqisign_rp2350_v3_d2_static.dir/Users/hiro/workspace/sqisign/external/pico-sdk/src/rp2_common/pico_runtime_init/runtime_init_clocks.c.o
                0x10001c70                runtime_init_clocks
 .text.__rp2350_dcp_engaged_state_save_restore
                0x10001d4c       0x3a CMakeFiles/sqisign_rp2350_v3_d2_static.dir/Users/hiro/workspace/sqisign/external/pico-sdk/src/rp2_common/pico_double/double_aeabi_dcp.S.o
 *fill*         0x10001d86        0x2 
 .text.__wrap___aeabi_dadd
                0x10001d88       0x28 CMakeFiles/sqisign_rp2350_v3_d2_static.dir/Users/hiro/workspace/sqisign/external/pico-sdk/src/rp2_common/pico_double/double_aeabi_dcp.S.o
                0x10001d90                __wrap___aeabi_dadd
 .text.__wrap___aeabi_dsub
                0x10001db0       0x28 CMakeFiles/sqisign_rp2350_v3_d2_static.dir/Users/hiro/workspace/sqisign/external/pico-sdk/src/rp2_common/pico_double/double_aeabi_dcp.S.o
                0x10001db8                __wrap___aeabi_dsub
 .text.__wrap___aeabi_dmul
                0x10001dd8       0x48 CMakeFiles/sqisign_rp2350_v3_d2_static.dir/Users/hiro/workspace/sqisign/external/pico-sdk/src/rp2_common/pico_double/double_aeabi_dcp.S.o
                0x10001de0                __wrap___aeabi_dmul
 .text.__wrap___aeabi_ddiv
                0x10001e20       0x9c CMakeFiles/sqisign_rp2350_v3_d2_static.dir/Users/hiro/workspace/sqisign/external/pico-sdk/src/rp2_common/pico_double/double_aeabi_dcp.S.o
                0x10001e28                __wrap___aeabi_ddiv
 .text.__wrap___aeabi_i2d
                0x10001ebc       0x24 CMakeFiles/sqisign_rp2350_v3_d2_static.dir/Users/hiro/workspace/sqisign/external/pico-sdk/src/rp2_common/pico_double/double_aeabi_dcp.S.o
                0x10001ec4                __wrap___aeabi_i2d
                0x10001ec4                int2double
 .text.__wrap___aeabi_ui2d
                0x10001ee0       0x24 CMakeFiles/sqisign_rp2350_v3_d2_static.dir/Users/hiro/workspace/sqisign/external/pico-sdk/src/rp2_common/pico_double/double_aeabi_dcp.S.o
                0x10001ee8                __wrap___aeabi_ui2d
                0x10001ee8                uint2double
 .text.__wrap___aeabi_d2iz
                0x10001f04       0x24 CMakeFiles/sqisign_rp2350_v3_d2_static.dir/Users/hiro/workspace/sqisign/external/pico-sdk/src/rp2_common/pico_double/double_aeabi_dcp.S.o
                0x10001f0c                __wrap___aeabi_d2iz
                0x10001f0c                double2int_z
 .text.__wrap___aeabi_d2uiz
                0x10001f28       0x24 CMakeFiles/sqisign_rp2350_v3_d2_static.dir/Users/hiro/workspace/sqisign/external/pico-sdk/src/rp2_common/pico_double/double_aeabi_dcp.S.o
                0x10001f30                double2uint_z
                0x10001f30                double2uint
                0x10001f30                __wrap___aeabi_d2uiz
 .text.__wrap___aeabi_dcmpun
                0x10001f4c       0x24 CMakeFiles/sqisign_rp2350_v3_d2_static.dir/Users/hiro/workspace/sqisign/external/pico-sdk/src/rp2_common/pico_double/double_aeabi_dcp.S.o
                0x10001f54                __wrap___aeabi_dcmpun
 .text.__wrap___aeabi_dcmplt
                0x10001f70       0x28 CMakeFiles/sqisign_rp2350_v3_d2_static.dir/Users/hiro/workspace/sqisign/external/pico-sdk/src/rp2_common/pico_double/double_aeabi_dcp.S.o
                0x10001f78                __wrap___aeabi_dcmplt
 .text.__wrap___aeabi_dcmple
                0x10001f98       0x28 CMakeFiles/sqisign_rp2350_v3_d2_static.dir/Users/hiro/workspace/sqisign/external/pico-sdk/src/rp2_common/pico_double/double_aeabi_dcp.S.o
                0x10001fa0                __wrap___aeabi_dcmple
 .text.__wrap___aeabi_dcmpge
                0x10001fc0       0x28 CMakeFiles/sqisign_rp2350_v3_d2_static.dir/Users/hiro/workspace/sqisign/external/pico-sdk/src/rp2_common/pico_double/double_aeabi_dcp.S.o
                0x10001fc8                __wrap___aeabi_dcmpge
 .text.__wrap___aeabi_dcmpgt
                0x10001fe8       0x28 CMakeFiles/sqisign_rp2350_v3_d2_static.dir/Users/hiro/workspace/sqisign/external/pico-sdk/src/rp2_common/pico_double/double_aeabi_dcp.S.o
                0x10001ff0                __wrap___aeabi_dcmpgt
 .text._out_null
                0x10002010        0x4 CMakeFiles/sqisign_rp2350_v3_d2_static.dir/Users/hiro/workspace/sqisign/external/pico-sdk/src/rp2_common/pico_printf/printf.c.o
 .text._out_rev
                0x10002014       0xa8 CMakeFiles/sqisign_rp2350_v3_d2_static.dir/Users/hiro/workspace/sqisign/external/pico-sdk/src/rp2_common/pico_printf/printf.c.o
 .text._ntoa_format
                0x100020bc      0x1dc CMakeFiles/sqisign_rp2350_v3_d2_static.dir/Users/hiro/workspace/sqisign/external/pico-sdk/src/rp2_common/pico_printf/printf.c.o
 .text._out_char
                0x10002298        0x8 CMakeFiles/sqisign_rp2350_v3_d2_static.dir/Users/hiro/workspace/sqisign/external/pico-sdk/src/rp2_common/pico_printf/printf.c.o
 .text._out_fct
                0x100022a0        0xc CMakeFiles/sqisign_rp2350_v3_d2_static.dir/Users/hiro/workspace/sqisign/external/pico-sdk/src/rp2_common/pico_printf/printf.c.o
 *fill*         0x100022ac        0x4 
 .text._ftoa    0x100022b0      0x494 CMakeFiles/sqisign_rp2350_v3_d2_static.dir/Users/hiro/workspace/sqisign/external/pico-sdk/src/rp2_common/pico_printf/printf.c.o
 *fill*         0x10002744        0x4 
 .text._etoa    0x10002748      0x584 CMakeFiles/sqisign_rp2350_v3_d2_static.dir/Users/hiro/workspace/sqisign/external/pico-sdk/src/rp2_common/pico_printf/printf.c.o
 .text._vsnprintf
                0x10002ccc      0x9d8 CMakeFiles/sqisign_rp2350_v3_d2_static.dir/Users/hiro/workspace/sqisign/external/pico-sdk/src/rp2_common/pico_printf/printf.c.o
 .text.vfctprintf
                0x100036a4       0x24 CMakeFiles/sqisign_rp2350_v3_d2_static.dir/Users/hiro/workspace/sqisign/external/pico-sdk/src/rp2_common/pico_printf/printf.c.o
                0x100036a4                vfctprintf
 .text.weak_raw_vprintf
                0x100036c8       0x30 CMakeFiles/sqisign_rp2350_v3_d2_static.dir/Users/hiro/workspace/sqisign/external/pico-sdk/src/rp2_common/pico_printf/printf.c.o
                0x100036c8                weak_raw_vprintf
 .text._exit    0x100036f8        0x4 CMakeFiles/sqisign_rp2350_v3_d2_static.dir/Users/hiro/workspace/sqisign/external/pico-sdk/src/rp2_common/pico_clib_interface/newlib_interface.c.o
                0x100036f8                _exit
 .text._fini    0x100036fc        0x4 CMakeFiles/sqisign_rp2350_v3_d2_static.dir/Users/hiro/workspace/sqisign/external/pico-sdk/src/rp2_common/pico_clib_interface/newlib_interface.c.o
                0x100036fc                _fini
 .text.exit     0x10003700        0x8 CMakeFiles/sqisign_rp2350_v3_d2_static.dir/Users/hiro/workspace/sqisign/external/pico-sdk/src/rp2_common/pico_clib_interface/newlib_interface.c.o
                0x10003700                exit
 .text.runtime_init
                0x10003708       0x24 CMakeFiles/sqisign_rp2350_v3_d2_static.dir/Users/hiro/workspace/sqisign/external/pico-sdk/src/rp2_common/pico_clib_interface/newlib_interface.c.o
                0x10003708                runtime_init
 .text.stdio_out_chars_no_crlf
                0x1000372c        0x8 CMakeFiles/sqisign_rp2350_v3_d2_static.dir/Users/hiro/workspace/sqisign/external/pico-sdk/src/rp2_common/pico_stdio/stdio.c.o
 .text.stdio_out_chars_crlf
                0x10003734       0xc0 CMakeFiles/sqisign_rp2350_v3_d2_static.dir/Users/hiro/workspace/sqisign/external/pico-sdk/src/rp2_common/pico_stdio/stdio.c.o
 .text.stdio_buffered_printer
                0x100037f4       0x54 CMakeFiles/sqisign_rp2350_v3_d2_static.dir/Users/hiro/workspace/sqisign/external/pico-sdk/src/rp2_common/pico_stdio/stdio.c.o
 .text.stdio_put_string
                0x10003848       0xec CMakeFiles/sqisign_rp2350_v3_d2_static.dir/Users/hiro/workspace/sqisign/external/pico-sdk/src/rp2_common/pico_stdio/stdio.c.o
                0x10003848                stdio_put_string
 .text.stdio_set_driver_enabled
                0x10003934       0x28 CMakeFiles/sqisign_rp2350_v3_d2_static.dir/Users/hiro/workspace/sqisign/external/pico-sdk/src/rp2_common/pico_stdio/stdio.c.o
                0x10003934                stdio_set_driver_enabled
 .text.stdio_flush
                0x1000395c       0x24 CMakeFiles/sqisign_rp2350_v3_d2_static.dir/Users/hiro/workspace/sqisign/external/pico-sdk/src/rp2_common/pico_stdio/stdio.c.o
                0x1000395c                stdio_flush
 .text.stdio_init_all
                0x10003980        0x4 CMakeFiles/sqisign_rp2350_v3_d2_static.dir/Users/hiro/workspace/sqisign/external/pico-sdk/src/rp2_common/pico_stdio/stdio.c.o
                0x10003980                stdio_init_all
 .text.__wrap_putchar
                0x10003984       0x84 CMakeFiles/sqisign_rp2350_v3_d2_static.dir/Users/hiro/workspace/sqisign/external/pico-sdk/src/rp2_common/pico_stdio/stdio.c.o
                0x10003984                stdio_putchar
                0x10003984                __wrap_putchar
 .text.__wrap_puts
                0x10003a08       0x3c CMakeFiles/sqisign_rp2350_v3_d2_static.dir/Users/hiro/workspace/sqisign/external/pico-sdk/src/rp2_common/pico_stdio/stdio.c.o
                0x10003a08                __wrap_puts
                0x10003a08                stdio_puts
 .text.__wrap_vprintf
                0x10003a44       0xc0 CMakeFiles/sqisign_rp2350_v3_d2_static.dir/Users/hiro/workspace/sqisign/external/pico-sdk/src/rp2_common/pico_stdio/stdio.c.o
                0x10003a44                __wrap_vprintf
                0x10003a44                stdio_vprintf
 .text.__wrap_printf
                0x10003b04       0x1c CMakeFiles/sqisign_rp2350_v3_d2_static.dir/Users/hiro/workspace/sqisign/external/pico-sdk/src/rp2_common/pico_stdio/stdio.c.o
                0x10003b04                stdio_printf
                0x10003b04                __wrap_printf
 .text.stdio_usb_set_chars_available_callback
                0x10003b20       0x14 CMakeFiles/sqisign_rp2350_v3_d2_static.dir/Users/hiro/workspace/sqisign/external/pico-sdk/src/rp2_common/pico_stdio_usb/stdio_usb.c.o
                0x10003b20                stdio_usb_set_chars_available_callback
 .text.timer_task
                0x10003b34       0x70 CMakeFiles/sqisign_rp2350_v3_d2_static.dir/Users/hiro/workspace/sqisign/external/pico-sdk/src/rp2_common/pico_stdio_usb/stdio_usb.c.o
 .text.usb_irq  0x10003ba4        0xc CMakeFiles/sqisign_rp2350_v3_d2_static.dir/Users/hiro/workspace/sqisign/external/pico-sdk/src/rp2_common/pico_stdio_usb/stdio_usb.c.o
 .text.stdio_usb_in_chars
                0x10003bb0       0x88 CMakeFiles/sqisign_rp2350_v3_d2_static.dir/Users/hiro/workspace/sqisign/external/pico-sdk/src/rp2_common/pico_stdio_usb/stdio_usb.c.o
                0x10003bb0                stdio_usb_in_chars
 .text.stdio_usb_out_flush
                0x10003c38       0x54 CMakeFiles/sqisign_rp2350_v3_d2_static.dir/Users/hiro/workspace/sqisign/external/pico-sdk/src/rp2_common/pico_stdio_usb/stdio_usb.c.o
 .text.stdio_usb_out_chars
                0x10003c8c       0xf0 CMakeFiles/sqisign_rp2350_v3_d2_static.dir/Users/hiro/workspace/sqisign/external/pico-sdk/src/rp2_common/pico_stdio_usb/stdio_usb.c.o
 .text.low_priority_worker_irq
                0x10003d7c       0xe8 CMakeFiles/sqisign_rp2350_v3_d2_static.dir/Users/hiro/workspace/sqisign/external/pico-sdk/src/rp2_common/pico_stdio_usb/stdio_usb.c.o
 .text.stdio_usb_init
                0x10003e64       0xf0 CMakeFiles/sqisign_rp2350_v3_d2_static.dir/Users/hiro/workspace/sqisign/external/pico-sdk/src/rp2_common/pico_stdio_usb/stdio_usb.c.o
                0x10003e64                stdio_usb_init
 .text.stdio_usb_connected
                0x10003f54        0x8 CMakeFiles/sqisign_rp2350_v3_d2_static.dir/Users/hiro/workspace/sqisign/external/pico-sdk/src/rp2_common/pico_stdio_usb/stdio_usb.c.o
                0x10003f54                stdio_usb_connected
 .text.tud_descriptor_device_cb
                0x10003f5c        0x8 CMakeFiles/sqisign_rp2350_v3_d2_static.dir/Users/hiro/workspace/sqisign/external/pico-sdk/src/rp2_common/pico_stdio_usb/stdio_usb_descriptors.c.o
                0x10003f5c                tud_descriptor_device_cb
 .text.tud_descriptor_configuration_cb
                0x10003f64        0x8 CMakeFiles/sqisign_rp2350_v3_d2_static.dir/Users/hiro/workspace/sqisign/external/pico-sdk/src/rp2_common/pico_stdio_usb/stdio_usb_descriptors.c.o
                0x10003f64                tud_descriptor_configuration_cb
 .text.tud_descriptor_string_cb
                0x10003f6c       0x80 CMakeFiles/sqisign_rp2350_v3_d2_static.dir/Users/hiro/workspace/sqisign/external/pico-sdk/src/rp2_common/pico_stdio_usb/stdio_usb_descriptors.c.o
                0x10003f6c                tud_descriptor_string_cb
 .text.startup._retrieve_unique_id_on_boot
                0x10003fec       0x2c CMakeFiles/sqisign_rp2350_v3_d2_static.dir/Users/hiro/workspace/sqisign/external/pico-sdk/src/rp2_common/pico_unique_id/unique_id.c.o
 .text.pico_get_unique_board_id_string
                0x10004018      0x190 CMakeFiles/sqisign_rp2350_v3_d2_static.dir/Users/hiro/workspace/sqisign/external/pico-sdk/src/rp2_common/pico_unique_id/unique_id.c.o
                0x10004018                pico_get_unique_board_id_string
 .text.usb_reset_interface_init
                0x100041a8        0x4 CMakeFiles/sqisign_rp2350_v3_d2_static.dir/Users/hiro/workspace/sqisign/external/pico-sdk/src/rp2_common/pico_usb_reset/usb_reset.c.o
                0x100041a8                usb_reset_interface_init
 .text.usb_reset_interface_reset
                0x100041ac        0xc CMakeFiles/sqisign_rp2350_v3_d2_static.dir/Users/hiro/workspace/sqisign/external/pico-sdk/src/rp2_common/pico_usb_reset/usb_reset.c.o
                0x100041ac                usb_reset_interface_reset
 .text.usb_reset_interface_open
                0x100041b8       0x28 CMakeFiles/sqisign_rp2350_v3_d2_static.dir/Users/hiro/workspace/sqisign/external/pico-sdk/src/rp2_common/pico_usb_reset/usb_reset.c.o
                0x100041b8                usb_reset_interface_open
 .text.usb_reset_interface_xfer_cb
                0x100041e0        0x4 CMakeFiles/sqisign_rp2350_v3_d2_static.dir/Users/hiro/workspace/sqisign/external/pico-sdk/src/rp2_common/pico_usb_reset/usb_reset.c.o
                0x100041e0                usb_reset_interface_xfer_cb
 .text.usb_reset_interface_control_xfer_cb
                0x100041e4       0x50 CMakeFiles/sqisign_rp2350_v3_d2_static.dir/Users/hiro/workspace/sqisign/external/pico-sdk/src/rp2_common/pico_usb_reset/usb_reset.c.o
                0x100041e4                usb_reset_interface_control_xfer_cb
 .text.tud_descriptor_bos_cb
                0x10004234        0x8 CMakeFiles/sqisign_rp2350_v3_d2_static.dir/Users/hiro/workspace/sqisign/external/pico-sdk/src/rp2_common/pico_usb_reset/usb_reset.c.o
                0x10004234                tud_descriptor_bos_cb
 .text.tud_vendor_control_xfer_cb
                0x1000423c       0x28 CMakeFiles/sqisign_rp2350_v3_d2_static.dir/Users/hiro/workspace/sqisign/external/pico-sdk/src/rp2_common/pico_usb_reset/usb_reset.c.o
                0x1000423c                tud_vendor_control_xfer_cb
 .text.usbd_app_driver_get_cb
                0x10004264       0x10 CMakeFiles/sqisign_rp2350_v3_d2_static.dir/Users/hiro/workspace/sqisign/external/pico-sdk/src/rp2_common/pico_usb_reset/usb_reset.c.o
                0x10004264                usbd_app_driver_get_cb
 .text.tud_cdc_line_coding_cb
                0x10004274       0x18 CMakeFiles/sqisign_rp2350_v3_d2_static.dir/Users/hiro/workspace/sqisign/external/pico-sdk/src/rp2_common/pico_usb_reset/usb_reset.c.o
                0x10004274                tud_cdc_line_coding_cb
 .text.dcd_init
                0x1000428c       0x9c CMakeFiles/sqisign_rp2350_v3_d2_static.dir/Users/hiro/workspace/sqisign/external/pico-sdk/lib/tinyusb/src/portable/raspberrypi/rp2040/dcd_rp2040.c.o
                0x1000428c                dcd_init
 .text.dcd_int_enable
                0x10004328        0x8 CMakeFiles/sqisign_rp2350_v3_d2_static.dir/Users/hiro/workspace/sqisign/external/pico-sdk/lib/tinyusb/src/portable/raspberrypi/rp2040/dcd_rp2040.c.o
                0x10004328                dcd_int_enable
 .text.dcd_set_address
                0x10004330       0x10 CMakeFiles/sqisign_rp2350_v3_d2_static.dir/Users/hiro/workspace/sqisign/external/pico-sdk/lib/tinyusb/src/portable/raspberrypi/rp2040/dcd_rp2040.c.o
                0x10004330                dcd_set_address
 .text.dcd_sof_enable
                0x10004340       0x1c CMakeFiles/sqisign_rp2350_v3_d2_static.dir/Users/hiro/workspace/sqisign/external/pico-sdk/lib/tinyusb/src/portable/raspberrypi/rp2040/dcd_rp2040.c.o
                0x10004340                dcd_sof_enable
 .text.dcd_edpt0_status_complete
                0x1000435c       0x1c CMakeFiles/sqisign_rp2350_v3_d2_static.dir/Users/hiro/workspace/sqisign/external/pico-sdk/lib/tinyusb/src/portable/raspberrypi/rp2040/dcd_rp2040.c.o
                0x1000435c                dcd_edpt0_status_complete
 .text.dcd_edpt_open
                0x10004378       0xf4 CMakeFiles/sqisign_rp2350_v3_d2_static.dir/Users/hiro/workspace/sqisign/external/pico-sdk/lib/tinyusb/src/portable/raspberrypi/rp2040/dcd_rp2040.c.o
                0x10004378                dcd_edpt_open
 .text.dcd_edpt_close_all
                0x1000446c        0x4 CMakeFiles/sqisign_rp2350_v3_d2_static.dir/Users/hiro/workspace/sqisign/external/pico-sdk/lib/tinyusb/src/portable/raspberrypi/rp2040/dcd_rp2040.c.o
                0x1000446c                dcd_edpt_close_all
 .text.dcd_edpt_xfer
                0x10004470       0x28 CMakeFiles/sqisign_rp2350_v3_d2_static.dir/Users/hiro/workspace/sqisign/external/pico-sdk/lib/tinyusb/src/portable/raspberrypi/rp2040/dcd_rp2040.c.o
                0x10004470                dcd_edpt_xfer
 .text.dcd_edpt_stall
                0x10004498       0x30 CMakeFiles/sqisign_rp2350_v3_d2_static.dir/Users/hiro/workspace/sqisign/external/pico-sdk/lib/tinyusb/src/portable/raspberrypi/rp2040/dcd_rp2040.c.o
                0x10004498                dcd_edpt_stall
 .text.dcd_edpt_clear_stall
                0x100044c8       0x24 CMakeFiles/sqisign_rp2350_v3_d2_static.dir/Users/hiro/workspace/sqisign/external/pico-sdk/lib/tinyusb/src/portable/raspberrypi/rp2040/dcd_rp2040.c.o
                0x100044c8                dcd_edpt_clear_stall
 .text.rp2040_usb_init
                0x100044ec       0x40 CMakeFiles/sqisign_rp2350_v3_d2_static.dir/Users/hiro/workspace/sqisign/external/pico-sdk/lib/tinyusb/src/portable/raspberrypi/rp2040/rp2040_usb.c.o
                0x100044ec                rp2040_usb_init
 .text.hw_endpoint_xfer_start
                0x1000452c       0x40 CMakeFiles/sqisign_rp2350_v3_d2_static.dir/Users/hiro/workspace/sqisign/external/pico-sdk/lib/tinyusb/src/portable/raspberrypi/rp2040/rp2040_usb.c.o
                0x1000452c                hw_endpoint_xfer_start
 .text.configuration_reset
                0x1000456c       0x8c CMakeFiles/sqisign_rp2350_v3_d2_static.dir/Users/hiro/workspace/sqisign/external/pico-sdk/lib/tinyusb/src/device/usbd.c.o
 .text.tud_event_hook_cb
                0x100045f8        0x4 CMakeFiles/sqisign_rp2350_v3_d2_static.dir/Users/hiro/workspace/sqisign/external/pico-sdk/lib/tinyusb/src/device/usbd.c.o
                0x100045f8                tud_event_hook_cb
 .text.tud_sof_cb
                0x100045fc        0x4 CMakeFiles/sqisign_rp2350_v3_d2_static.dir/Users/hiro/workspace/sqisign/external/pico-sdk/lib/tinyusb/src/device/usbd.c.o
                0x100045fc                tud_sof_cb
 .text.tud_descriptor_device_qualifier_cb
                0x10004600        0x4 CMakeFiles/sqisign_rp2350_v3_d2_static.dir/Users/hiro/workspace/sqisign/external/pico-sdk/lib/tinyusb/src/device/usbd.c.o
                0x10004600                tud_descriptor_device_qualifier_cb
 .text.tud_descriptor_other_speed_configuration_cb
                0x10004604        0x4 CMakeFiles/sqisign_rp2350_v3_d2_static.dir/Users/hiro/workspace/sqisign/external/pico-sdk/lib/tinyusb/src/device/usbd.c.o
                0x10004604                tud_descriptor_other_speed_configuration_cb
 .text.tud_mount_cb
                0x10004608        0x4 CMakeFiles/sqisign_rp2350_v3_d2_static.dir/Users/hiro/workspace/sqisign/external/pico-sdk/lib/tinyusb/src/device/usbd.c.o
                0x10004608                tud_mount_cb
 .text.tud_umount_cb
                0x1000460c        0x4 CMakeFiles/sqisign_rp2350_v3_d2_static.dir/Users/hiro/workspace/sqisign/external/pico-sdk/lib/tinyusb/src/device/usbd.c.o
                0x1000460c                tud_umount_cb
 .text.tud_suspend_cb
                0x10004610        0x4 CMakeFiles/sqisign_rp2350_v3_d2_static.dir/Users/hiro/workspace/sqisign/external/pico-sdk/lib/tinyusb/src/device/usbd.c.o
                0x10004610                tud_suspend_cb
 .text.tud_resume_cb
                0x10004614        0x4 CMakeFiles/sqisign_rp2350_v3_d2_static.dir/Users/hiro/workspace/sqisign/external/pico-sdk/lib/tinyusb/src/device/usbd.c.o
                0x10004614                tud_resume_cb
 .text.tud_mounted
                0x10004618       0x10 CMakeFiles/sqisign_rp2350_v3_d2_static.dir/Users/hiro/workspace/sqisign/external/pico-sdk/lib/tinyusb/src/device/usbd.c.o
                0x10004618                tud_mounted
 .text.tud_suspended
                0x10004628       0x10 CMakeFiles/sqisign_rp2350_v3_d2_static.dir/Users/hiro/workspace/sqisign/external/pico-sdk/lib/tinyusb/src/device/usbd.c.o
                0x10004628                tud_suspended
 .text.tud_rhport_init
                0x10004638       0xec CMakeFiles/sqisign_rp2350_v3_d2_static.dir/Users/hiro/workspace/sqisign/external/pico-sdk/lib/tinyusb/src/device/usbd.c.o
                0x10004638                tud_rhport_init
 .text.tud_task_ext
                0x10004724      0x78c CMakeFiles/sqisign_rp2350_v3_d2_static.dir/Users/hiro/workspace/sqisign/external/pico-sdk/lib/tinyusb/src/device/usbd.c.o
                0x10004724                tud_task_ext
 .text.usbd_open_edpt_pair
                0x10004eb0       0xa0 CMakeFiles/sqisign_rp2350_v3_d2_static.dir/Users/hiro/workspace/sqisign/external/pico-sdk/lib/tinyusb/src/device/usbd.c.o
                0x10004eb0                usbd_open_edpt_pair
 .text.usbd_edpt_open
                0x10004f50       0x5c CMakeFiles/sqisign_rp2350_v3_d2_static.dir/Users/hiro/workspace/sqisign/external/pico-sdk/lib/tinyusb/src/device/usbd.c.o
                0x10004f50                usbd_edpt_open
 .text.usbd_edpt_claim
                0x10004fac       0x24 CMakeFiles/sqisign_rp2350_v3_d2_static.dir/Users/hiro/workspace/sqisign/external/pico-sdk/lib/tinyusb/src/device/usbd.c.o
                0x10004fac                usbd_edpt_claim
 .text.usbd_edpt_release
                0x10004fd0       0x24 CMakeFiles/sqisign_rp2350_v3_d2_static.dir/Users/hiro/workspace/sqisign/external/pico-sdk/lib/tinyusb/src/device/usbd.c.o
                0x10004fd0                usbd_edpt_release
 .text.usbd_edpt_xfer
                0x10004ff4       0x70 CMakeFiles/sqisign_rp2350_v3_d2_static.dir/Users/hiro/workspace/sqisign/external/pico-sdk/lib/tinyusb/src/device/usbd.c.o
                0x10004ff4                usbd_edpt_xfer
 .text.tud_control_status
                0x10005064       0x38 CMakeFiles/sqisign_rp2350_v3_d2_static.dir/Users/hiro/workspace/sqisign/external/pico-sdk/lib/tinyusb/src/device/usbd_control.c.o
                0x10005064                tud_control_status
 .text.tud_control_xfer
                0x1000509c       0xb4 CMakeFiles/sqisign_rp2350_v3_d2_static.dir/Users/hiro/workspace/sqisign/external/pico-sdk/lib/tinyusb/src/device/usbd_control.c.o
                0x1000509c                tud_control_xfer
 .text.usbd_control_reset
                0x10005150       0x14 CMakeFiles/sqisign_rp2350_v3_d2_static.dir/Users/hiro/workspace/sqisign/external/pico-sdk/lib/tinyusb/src/device/usbd_control.c.o
                0x10005150                usbd_control_reset
 .text.usbd_control_set_complete_callback
                0x10005164        0xc CMakeFiles/sqisign_rp2350_v3_d2_static.dir/Users/hiro/workspace/sqisign/external/pico-sdk/lib/tinyusb/src/device/usbd_control.c.o
                0x10005164                usbd_control_set_complete_callback
 .text.usbd_control_set_request
                0x10005170       0x1c CMakeFiles/sqisign_rp2350_v3_d2_static.dir/Users/hiro/workspace/sqisign/external/pico-sdk/lib/tinyusb/src/device/usbd_control.c.o
                0x10005170                usbd_control_set_request
 .text.usbd_control_xfer_cb
                0x1000518c      0x104 CMakeFiles/sqisign_rp2350_v3_d2_static.dir/Users/hiro/workspace/sqisign/external/pico-sdk/lib/tinyusb/src/device/usbd_control.c.o
                0x1000518c                usbd_control_xfer_cb
 .text._prep_out_transaction.isra.0
                0x10005290       0x80 CMakeFiles/sqisign_rp2350_v3_d2_static.dir/Users/hiro/workspace/sqisign/external/pico-sdk/lib/tinyusb/src/class/cdc/cdc_device.c.o
 .text.tud_cdc_n_connected
                0x10005310       0x2c CMakeFiles/sqisign_rp2350_v3_d2_static.dir/Users/hiro/workspace/sqisign/external/pico-sdk/lib/tinyusb/src/class/cdc/cdc_device.c.o
                0x10005310                tud_cdc_n_connected
 .text.tud_cdc_n_available
                0x1000533c       0x14 CMakeFiles/sqisign_rp2350_v3_d2_static.dir/Users/hiro/workspace/sqisign/external/pico-sdk/lib/tinyusb/src/class/cdc/cdc_device.c.o
                0x1000533c                tud_cdc_n_available
 .text.tud_cdc_n_read
                0x10005350       0x8c CMakeFiles/sqisign_rp2350_v3_d2_static.dir/Users/hiro/workspace/sqisign/external/pico-sdk/lib/tinyusb/src/class/cdc/cdc_device.c.o
                0x10005350                tud_cdc_n_read
 .text.tud_cdc_n_write_flush
                0x100053dc       0x94 CMakeFiles/sqisign_rp2350_v3_d2_static.dir/Users/hiro/workspace/sqisign/external/pico-sdk/lib/tinyusb/src/class/cdc/cdc_device.c.o
                0x100053dc                tud_cdc_n_write_flush
 .text.tud_cdc_n_write
                0x10005470       0x3c CMakeFiles/sqisign_rp2350_v3_d2_static.dir/Users/hiro/workspace/sqisign/external/pico-sdk/lib/tinyusb/src/class/cdc/cdc_device.c.o
                0x10005470                tud_cdc_n_write
 .text.tud_cdc_n_write_available
                0x100054ac       0x14 CMakeFiles/sqisign_rp2350_v3_d2_static.dir/Users/hiro/workspace/sqisign/external/pico-sdk/lib/tinyusb/src/class/cdc/cdc_device.c.o
                0x100054ac                tud_cdc_n_write_available
 .text.cdcd_init
                0x100054c0       0x74 CMakeFiles/sqisign_rp2350_v3_d2_static.dir/Users/hiro/workspace/sqisign/external/pico-sdk/lib/tinyusb/src/class/cdc/cdc_device.c.o
                0x100054c0                cdcd_init
 .text.cdcd_deinit
                0x10005534       0x30 CMakeFiles/sqisign_rp2350_v3_d2_static.dir/Users/hiro/workspace/sqisign/external/pico-sdk/lib/tinyusb/src/class/cdc/cdc_device.c.o
                0x10005534                cdcd_deinit
 .text.cdcd_reset
                0x10005564       0x50 CMakeFiles/sqisign_rp2350_v3_d2_static.dir/Users/hiro/workspace/sqisign/external/pico-sdk/lib/tinyusb/src/class/cdc/cdc_device.c.o
                0x10005564                cdcd_reset
 .text.cdcd_open
                0x100055b4       0xd0 CMakeFiles/sqisign_rp2350_v3_d2_static.dir/Users/hiro/workspace/sqisign/external/pico-sdk/lib/tinyusb/src/class/cdc/cdc_device.c.o
                0x100055b4                cdcd_open
 .text.cdcd_control_xfer_cb
                0x10005684       0xd0 CMakeFiles/sqisign_rp2350_v3_d2_static.dir/Users/hiro/workspace/sqisign/external/pico-sdk/lib/tinyusb/src/class/cdc/cdc_device.c.o
                0x10005684                cdcd_control_xfer_cb
 .text.cdcd_xfer_cb
                0x10005754       0xf8 CMakeFiles/sqisign_rp2350_v3_d2_static.dir/Users/hiro/workspace/sqisign/external/pico-sdk/lib/tinyusb/src/class/cdc/cdc_device.c.o
                0x10005754                cdcd_xfer_cb
 .text.tusb_rhport_init
                0x1000584c       0x6c CMakeFiles/sqisign_rp2350_v3_d2_static.dir/Users/hiro/workspace/sqisign/external/pico-sdk/lib/tinyusb/src/tusb.c.o
                0x1000584c                tusb_rhport_init
 .text.tu_edpt_claim
                0x100058b8       0x60 CMakeFiles/sqisign_rp2350_v3_d2_static.dir/Users/hiro/workspace/sqisign/external/pico-sdk/lib/tinyusb/src/tusb.c.o
                0x100058b8                tu_edpt_claim
 .text.tu_edpt_release
                0x10005918       0x38 CMakeFiles/sqisign_rp2350_v3_d2_static.dir/Users/hiro/workspace/sqisign/external/pico-sdk/lib/tinyusb/src/tusb.c.o
                0x10005918                tu_edpt_release
 .text.tu_edpt_validate
                0x10005950       0x60 CMakeFiles/sqisign_rp2350_v3_d2_static.dir/Users/hiro/workspace/sqisign/external/pico-sdk/lib/tinyusb/src/tusb.c.o
                0x10005950                tu_edpt_validate
 .text.tu_edpt_bind_driver
                0x100059b0       0x54 CMakeFiles/sqisign_rp2350_v3_d2_static.dir/Users/hiro/workspace/sqisign/external/pico-sdk/lib/tinyusb/src/tusb.c.o
                0x100059b0                tu_edpt_bind_driver
 .text.tu_fifo_config
                0x10005a04       0x60 CMakeFiles/sqisign_rp2350_v3_d2_static.dir/Users/hiro/workspace/sqisign/external/pico-sdk/lib/tinyusb/src/common/tusb_fifo.c.o
                0x10005a04                tu_fifo_config
 .text.tu_fifo_count
                0x10005a64       0x20 CMakeFiles/sqisign_rp2350_v3_d2_static.dir/Users/hiro/workspace/sqisign/external/pico-sdk/lib/tinyusb/src/common/tusb_fifo.c.o
                0x10005a64                tu_fifo_count
 .text.tu_fifo_empty
                0x10005a84       0x14 CMakeFiles/sqisign_rp2350_v3_d2_static.dir/Users/hiro/workspace/sqisign/external/pico-sdk/lib/tinyusb/src/common/tusb_fifo.c.o
                0x10005a84                tu_fifo_empty
 .text.tu_fifo_remaining
                0x10005a98       0x24 CMakeFiles/sqisign_rp2350_v3_d2_static.dir/Users/hiro/workspace/sqisign/external/pico-sdk/lib/tinyusb/src/common/tusb_fifo.c.o
                0x10005a98                tu_fifo_remaining
 .text.tu_fifo_read
                0x10005abc       0x9c CMakeFiles/sqisign_rp2350_v3_d2_static.dir/Users/hiro/workspace/sqisign/external/pico-sdk/lib/tinyusb/src/common/tusb_fifo.c.o
                0x10005abc                tu_fifo_read
 .text.tu_fifo_read_n
                0x10005b58       0xe0 CMakeFiles/sqisign_rp2350_v3_d2_static.dir/Users/hiro/workspace/sqisign/external/pico-sdk/lib/tinyusb/src/common/tusb_fifo.c.o
                0x10005b58                tu_fifo_read_n
 .text.tu_fifo_write
                0x10005c38       0xa8 CMakeFiles/sqisign_rp2350_v3_d2_static.dir/Users/hiro/workspace/sqisign/external/pico-sdk/lib/tinyusb/src/common/tusb_fifo.c.o
                0x10005c38                tu_fifo_write
 .text.tu_fifo_write_n
                0x10005ce0      0x150 CMakeFiles/sqisign_rp2350_v3_d2_static.dir/Users/hiro/workspace/sqisign/external/pico-sdk/lib/tinyusb/src/common/tusb_fifo.c.o
                0x10005ce0                tu_fifo_write_n
 .text.tu_fifo_clear
                0x10005e30       0x38 CMakeFiles/sqisign_rp2350_v3_d2_static.dir/Users/hiro/workspace/sqisign/external/pico-sdk/lib/tinyusb/src/common/tusb_fifo.c.o
                0x10005e30                tu_fifo_clear
 .text.tu_fifo_set_overwritable
                0x10005e68       0x3c CMakeFiles/sqisign_rp2350_v3_d2_static.dir/Users/hiro/workspace/sqisign/external/pico-sdk/lib/tinyusb/src/common/tusb_fifo.c.o
                0x10005e68                tu_fifo_set_overwritable
 .text.crypto_sign_keypair
                0x10005ea4        0x4 libsqisign_v3_p324_3_m4f.a(pqm4_api.c.o)
                0x10005ea4                crypto_sign_keypair
 .text.crypto_sign
                0x10005ea8       0x38 libsqisign_v3_p324_3_m4f.a(pqm4_api.c.o)
                0x10005ea8                crypto_sign
 .text.crypto_sign_open
                0x10005ee0       0x38 libsqisign_v3_p324_3_m4f.a(pqm4_api.c.o)
                0x10005ee0                crypto_sign_open
 .text.sqisign_keypair
                0x10005f18       0x48 libsqisign_v3_p324_3_m4f.a(sqisign.c.o)
                0x10005f18                sqisign_keypair
 .text.sqisign_sign_signature
                0x10005f60       0x70 libsqisign_v3_p324_3_m4f.a(sqisign.c.o)
                0x10005f60                sqisign_sign_signature
 .text.sqisign_sign
                0x10005fd0       0x3c libsqisign_v3_p324_3_m4f.a(sqisign.c.o)
                0x10005fd0                sqisign_sign
 .text.sqisign_open
                0x1000600c       0x94 libsqisign_v3_p324_3_m4f.a(sqisign.c.o)
                0x1000600c                sqisign_open
 .text.protocols_verify
                0x100060a0      0x394 libsqisign_v3_p324_3_m4f.a(verify.c.o)
                0x100060a0                protocols_verify
 .text.AES256_CTR_DRBG_Update
                0x10006434      0x1b0 libsqisign_v3_p324_3_m4f.a(randombytes_ctrdrbg.c.o)
                0x10006434                AES256_CTR_DRBG_Update
 .text.randombytes
                0x100065e4      0x314 libsqisign_v3_p324_3_m4f.a(randombytes_ctrdrbg.c.o)
                0x100065e4                randombytes
 .text.randombytes_init
                0x100068f8       0xe0 libsqisign_v3_p324_3_m4f.a(randombytes_ctrdrbg.c.o)
                0x100068f8                randombytes_init
 .text.difference_point
                0x100069d8      0x174 libsqisign_v3_p324_3_m4f.a(basis.c.o)
 .text.ec_basis_E0_2f
                0x10006b4c       0x8c libsqisign_v3_p324_3_m4f.a(basis.c.o)
 .text.PQ_from_qr
                0x10006bd8       0x90 libsqisign_v3_p324_3_m4f.a(basis.c.o)
 .text.find_nqr_factor
                0x10006c68       0xb0 libsqisign_v3_p324_3_m4f.a(basis.c.o)
 .text.ec_curve_to_basis_2f_to_hint
                0x10006d18      0x1f8 libsqisign_v3_p324_3_m4f.a(basis.c.o)
                0x10006d18                ec_curve_to_basis_2f_to_hint
 .text.ec_curve_to_basis_2f_from_hint
                0x10006f10      0x19c libsqisign_v3_p324_3_m4f.a(basis.c.o)
                0x10006f10                ec_curve_to_basis_2f_from_hint
 .text.hash_to_challenge
                0x100070ac       0x68 libsqisign_v3_p324_3_m4f.a(common.c.o)
                0x100070ac                hash_to_challenge
 .text.ec_xDBL_A24.constprop.0
                0x10007114       0x68 libsqisign_v3_p324_3_m4f.a(ec.c.o)
 .text.ec_point_init
                0x1000717c       0x18 libsqisign_v3_p324_3_m4f.a(ec.c.o)
                0x1000717c                ec_point_init
 .text.ec_curve_init
                0x10007194       0x28 libsqisign_v3_p324_3_m4f.a(ec.c.o)
                0x10007194                ec_curve_init
 .text.ec_normalize_curve
                0x100071bc       0x28 libsqisign_v3_p324_3_m4f.a(ec.c.o)
                0x100071bc                ec_normalize_curve
 .text.ec_curve_normalize_A24
                0x100071e4       0x5c libsqisign_v3_p324_3_m4f.a(ec.c.o)
                0x100071e4                ec_curve_normalize_A24
 .text.ec_normalize_curve_and_A24
                0x10007240       0x7c libsqisign_v3_p324_3_m4f.a(ec.c.o)
                0x10007240                ec_normalize_curve_and_A24
 .text.ec_is_equal
                0x100072bc       0x54 libsqisign_v3_p324_3_m4f.a(ec.c.o)
                0x100072bc                ec_is_equal
 .text.ec_is_two_torsion
                0x10007310       0x90 libsqisign_v3_p324_3_m4f.a(ec.c.o)
                0x10007310                ec_is_two_torsion
 .text.ec_curve_verify_A
                0x100073a0       0x40 libsqisign_v3_p324_3_m4f.a(ec.c.o)
                0x100073a0                ec_curve_verify_A
 .text.ec_curve_init_from_A
                0x100073e0       0x6c libsqisign_v3_p324_3_m4f.a(ec.c.o)
                0x100073e0                ec_curve_init_from_A
 .text.ec_xDBL_E0
                0x1000744c       0x68 libsqisign_v3_p324_3_m4f.a(ec.c.o)
                0x1000744c                ec_xDBL_E0
 .text.ec_xDBL  0x100074b4       0x94 libsqisign_v3_p324_3_m4f.a(ec.c.o)
                0x100074b4                ec_xDBL
 .text.ec_xDBL_A24
                0x10007548       0x7c libsqisign_v3_p324_3_m4f.a(ec.c.o)
                0x10007548                ec_xDBL_A24
 .text.ec_is_four_torsion
                0x100075c4       0x24 libsqisign_v3_p324_3_m4f.a(ec.c.o)
                0x100075c4                ec_is_four_torsion
 .text.ec_xADD  0x100075e8       0x98 libsqisign_v3_p324_3_m4f.a(ec.c.o)
                0x100075e8                ec_xADD
 .text.ec_xDBLADD
                0x10007680       0xdc libsqisign_v3_p324_3_m4f.a(ec.c.o)
                0x10007680                ec_xDBLADD
 .text.xMUL     0x1000775c       0xe8 libsqisign_v3_p324_3_m4f.a(ec.c.o)
 .text.ec_ladder3pt
                0x10007844      0x100 libsqisign_v3_p324_3_m4f.a(ec.c.o)
                0x10007844                ec_ladder3pt
 .text.ec_dbl   0x10007944       0x10 libsqisign_v3_p324_3_m4f.a(ec.c.o)
                0x10007944                ec_dbl
 .text.ec_dbl_iter
                0x10007954       0xe8 libsqisign_v3_p324_3_m4f.a(ec.c.o)
                0x10007954                ec_dbl_iter
 .text.ec_dbl_iter_basis
                0x10007a3c       0x34 libsqisign_v3_p324_3_m4f.a(ec.c.o)
                0x10007a3c                ec_dbl_iter_basis
 .text.ec_mul   0x10007a70       0x84 libsqisign_v3_p324_3_m4f.a(ec.c.o)
                0x10007a70                ec_mul
 .text.ec_biscalar_mul
                0x10007af4      0x858 libsqisign_v3_p324_3_m4f.a(ec.c.o)
                0x10007af4                ec_biscalar_mul
 .text.ec_biscalar_mul_verif
                0x1000834c      0x3f8 libsqisign_v3_p324_3_m4f.a(ec.c.o)
                0x1000834c                ec_biscalar_mul_verif
 .text.ec_points_to_bary_coordinates
                0x10008744       0xc8 libsqisign_v3_p324_3_m4f.a(ec.c.o)
                0x10008744                ec_points_to_bary_coordinates
 .text.public_key_to_bytes
                0x1000880c       0x3c libsqisign_v3_p324_3_m4f.a(encode_public.c.o)
                0x1000880c                public_key_to_bytes
 .text.public_key_from_bytes
                0x10008848       0x30 libsqisign_v3_p324_3_m4f.a(encode_public.c.o)
                0x10008848                public_key_from_bytes
 .text.signature_to_bytes
                0x10008878      0x11c libsqisign_v3_p324_3_m4f.a(encode_public.c.o)
                0x10008878                signature_to_bytes
 .text.signature_from_bytes
                0x10008994      0x188 libsqisign_v3_p324_3_m4f.a(encode_public.c.o)
                0x10008994                signature_from_bytes
 .text.secret_key_to_bytes
                0x10008b1c      0x194 libsqisign_v3_p324_3_m4f.a(encode_secret.c.o)
                0x10008b1c                secret_key_to_bytes
 .text.secret_key_from_bytes
                0x10008cb0      0x1d8 libsqisign_v3_p324_3_m4f.a(encode_secret.c.o)
                0x10008cb0                secret_key_from_bytes
 .text.fp2_mul_small
                0x10008e88       0x24 libsqisign_v3_p324_3_m4f.a(fp2.c.o)
                0x10008e88                fp2_mul_small
 .text.fp2_set_one
                0x10008eac       0x18 libsqisign_v3_p324_3_m4f.a(fp2.c.o)
                0x10008eac                fp2_set_one
 .text.fp2_set_zero
                0x10008ec4       0x18 libsqisign_v3_p324_3_m4f.a(fp2.c.o)
                0x10008ec4                fp2_set_zero
 .text.fp2_is_zero
                0x10008edc       0x18 libsqisign_v3_p324_3_m4f.a(fp2.c.o)
                0x10008edc                fp2_is_zero
 .text.fp2_is_equal
                0x10008ef4       0x20 libsqisign_v3_p324_3_m4f.a(fp2.c.o)
                0x10008ef4                fp2_is_equal
 .text.fp2_is_one
                0x10008f14       0x1c libsqisign_v3_p324_3_m4f.a(fp2.c.o)
                0x10008f14                fp2_is_one
 .text.fp2_copy
                0x10008f30       0x20 libsqisign_v3_p324_3_m4f.a(fp2.c.o)
                0x10008f30                fp2_copy
 .text.fp2_add  0x10008f50       0x24 libsqisign_v3_p324_3_m4f.a(fp2.c.o)
                0x10008f50                fp2_add
 .text.fp2_add_one
                0x10008f74       0x24 libsqisign_v3_p324_3_m4f.a(fp2.c.o)
                0x10008f74                fp2_add_one
 .text.fp2_sub  0x10008f98       0x24 libsqisign_v3_p324_3_m4f.a(fp2.c.o)
                0x10008f98                fp2_sub
 .text.fp2_neg  0x10008fbc       0x20 libsqisign_v3_p324_3_m4f.a(fp2.c.o)
                0x10008fbc                fp2_neg
 .text.fp2_mul  0x10008fdc       0x6c libsqisign_v3_p324_3_m4f.a(fp2.c.o)
                0x10008fdc                fp2_mul
 .text.fp2_sqr  0x10009048       0x48 libsqisign_v3_p324_3_m4f.a(fp2.c.o)
                0x10009048                fp2_sqr
 .text.fp2_mul_by_i
                0x10009090       0x40 libsqisign_v3_p324_3_m4f.a(fp2.c.o)
                0x10009090                fp2_mul_by_i
 .text.fp2_frob
                0x100090d0       0x20 libsqisign_v3_p324_3_m4f.a(fp2.c.o)
                0x100090d0                fp2_frob
 .text.fp2_inv  0x100090f0       0x50 libsqisign_v3_p324_3_m4f.a(fp2.c.o)
                0x100090f0                fp2_inv
 .text.fp2_is_square
                0x10009140       0x2c libsqisign_v3_p324_3_m4f.a(fp2.c.o)
                0x10009140                fp2_is_square
 .text.fp2_sqrt
                0x1000916c       0xc0 libsqisign_v3_p324_3_m4f.a(fp2.c.o)
                0x1000916c                fp2_sqrt
 .text.fp2_sqrt_verify
                0x1000922c       0x70 libsqisign_v3_p324_3_m4f.a(fp2.c.o)
                0x1000922c                fp2_sqrt_verify
 .text.fp2_half
                0x1000929c       0x20 libsqisign_v3_p324_3_m4f.a(fp2.c.o)
                0x1000929c                fp2_half
 .text.fp2_batched_inv
                0x100092bc      0x280 libsqisign_v3_p324_3_m4f.a(fp2.c.o)
                0x100092bc                fp2_batched_inv
 .text.fp2_pow_vartime
                0x1000953c       0xe8 libsqisign_v3_p324_3_m4f.a(fp2.c.o)
                0x1000953c                fp2_pow_vartime
 .text.fp2_encode
                0x10009624       0x20 libsqisign_v3_p324_3_m4f.a(fp2.c.o)
                0x10009624                fp2_encode
 .text.fp2_decode
                0x10009644       0x20 libsqisign_v3_p324_3_m4f.a(fp2.c.o)
                0x10009644                fp2_decode
 .text.fp2_select
                0x10009664       0x28 libsqisign_v3_p324_3_m4f.a(fp2.c.o)
                0x10009664                fp2_select
 .text.fp2_cswap
                0x1000968c       0x24 libsqisign_v3_p324_3_m4f.a(fp2.c.o)
                0x1000968c                fp2_cswap
 .text.fp2_less_than
                0x100096b0       0x70 libsqisign_v3_p324_3_m4f.a(fp2.c.o)
                0x100096b0                fp2_less_than
 .text.modfsb_p324_3_ct
                0x10009720       0xf8 libsqisign_v3_p324_3_m4f.a(fp_p324_3_armv7em.c.o)
 .text.modmul_p324_3_ct
                0x10009818      0x4fc libsqisign_v3_p324_3_m4f.a(fp_p324_3_armv7em.c.o)
 .text.modsqr_p324_3_ct
                0x10009d14      0x3dc libsqisign_v3_p324_3_m4f.a(fp_p324_3_armv7em.c.o)
 .text.modnsqr_p324_3_ct
                0x1000a0f0      0x3ec libsqisign_v3_p324_3_m4f.a(fp_p324_3_armv7em.c.o)
 .text.modnsqr_p324_3_ct.constprop.0
                0x1000a4dc      0x3ec libsqisign_v3_p324_3_m4f.a(fp_p324_3_armv7em.c.o)
 .text.modnsqr_p324_3_ct.constprop.1
                0x1000a8c8      0x3e8 libsqisign_v3_p324_3_m4f.a(fp_p324_3_armv7em.c.o)
 .text.modnsqr_p324_3_ct.constprop.2
                0x1000acb0      0x3e8 libsqisign_v3_p324_3_m4f.a(fp_p324_3_armv7em.c.o)
 .text.modpro_p324_3_ct
                0x1000b098      0x2e8 libsqisign_v3_p324_3_m4f.a(fp_p324_3_armv7em.c.o)
 .text.fp_set_small
                0x1000b380       0x50 libsqisign_v3_p324_3_m4f.a(fp_p324_3_armv7em.c.o)
                0x1000b380                fp_set_small
 .text.fp_mul_small
                0x1000b3d0       0x60 libsqisign_v3_p324_3_m4f.a(fp_p324_3_armv7em.c.o)
                0x1000b3d0                fp_mul_small
 .text.fp_set_zero
                0x1000b430       0x1c libsqisign_v3_p324_3_m4f.a(fp_p324_3_armv7em.c.o)
                0x1000b430                fp_set_zero
 .text.fp_set_one
                0x1000b44c       0x24 libsqisign_v3_p324_3_m4f.a(fp_p324_3_armv7em.c.o)
                0x1000b44c                fp_set_one
 .text.fp_is_equal
                0x1000b470       0xb4 libsqisign_v3_p324_3_m4f.a(fp_p324_3_armv7em.c.o)
                0x1000b470                fp_is_equal
 .text.fp_is_zero
                0x1000b524       0x6c libsqisign_v3_p324_3_m4f.a(fp_p324_3_armv7em.c.o)
                0x1000b524                fp_is_zero
 .text.fp_copy  0x1000b590       0x30 libsqisign_v3_p324_3_m4f.a(fp_p324_3_armv7em.c.o)
                0x1000b590                fp_copy
 .text.fp_cswap
                0x1000b5c0      0x1c0 libsqisign_v3_p324_3_m4f.a(fp_p324_3_armv7em.c.o)
                0x1000b5c0                fp_cswap
 .text.fp_add   0x1000b780      0x1a8 libsqisign_v3_p324_3_m4f.a(fp_p324_3_armv7em.c.o)
                0x1000b780                fp_add
 .text.fp_sub   0x1000b928      0x11c libsqisign_v3_p324_3_m4f.a(fp_p324_3_armv7em.c.o)
                0x1000b928                fp_sub
 .text.fp_neg   0x1000ba44      0x110 libsqisign_v3_p324_3_m4f.a(fp_p324_3_armv7em.c.o)
                0x1000ba44                fp_neg
 .text.fp_sqr   0x1000bb54        0xc libsqisign_v3_p324_3_m4f.a(fp_p324_3_armv7em.c.o)
                0x1000bb54                fp_sqr
 .text.fp_mul   0x1000bb60        0xc libsqisign_v3_p324_3_m4f.a(fp_p324_3_armv7em.c.o)
                0x1000bb60                fp_mul
 .text.fp_inv   0x1000bb6c       0x4c libsqisign_v3_p324_3_m4f.a(fp_p324_3_armv7em.c.o)
                0x1000bb6c                fp_inv
 .text.fp_is_square
                0x1000bbb8       0x80 libsqisign_v3_p324_3_m4f.a(fp_p324_3_armv7em.c.o)
                0x1000bbb8                fp_is_square
 .text.fp_sqrt  0x1000bc38       0x48 libsqisign_v3_p324_3_m4f.a(fp_p324_3_armv7em.c.o)
                0x1000bc38                fp_sqrt
 .text.fp_half  0x1000bc80        0xc libsqisign_v3_p324_3_m4f.a(fp_p324_3_armv7em.c.o)
                0x1000bc80                fp_half
 .text.fp_exp3div4
                0x1000bc8c        0xc libsqisign_v3_p324_3_m4f.a(fp_p324_3_armv7em.c.o)
                0x1000bc8c                fp_exp3div4
 .text.fp_encode
                0x1000bc98       0xa0 libsqisign_v3_p324_3_m4f.a(fp_p324_3_armv7em.c.o)
                0x1000bc98                fp_encode
 .text.fp_decode
                0x1000bd38      0x134 libsqisign_v3_p324_3_m4f.a(fp_p324_3_armv7em.c.o)
                0x1000bd38                fp_decode
 .text.theta_DBL_couple_point
                0x1000be6c       0x28 libsqisign_v3_p324_3_m4f.a(hd.c.o)
                0x1000be6c                theta_DBL_couple_point
 .text.theta_copy_bases_to_kernel
                0x1000be94       0x64 libsqisign_v3_p324_3_m4f.a(hd.c.o)
                0x1000be94                theta_copy_bases_to_kernel
 .text.iso_xisog_4
                0x1000bef8       0x7c libsqisign_v3_p324_3_m4f.a(isog.c.o)
                0x1000bef8                iso_xisog_4
 .text.iso_xeval_4
                0x1000bf74       0xc8 libsqisign_v3_p324_3_m4f.a(isog.c.o)
                0x1000bf74                iso_xeval_4
 .text.iso_isogeny_2chain_with_strategy
                0x1000c03c      0x1f8 libsqisign_v3_p324_3_m4f.a(isog.c.o)
 .text.iso_isogeny_2chain
                0x1000c234       0x48 libsqisign_v3_p324_3_m4f.a(isog.c.o)
                0x1000c234                iso_isogeny_2chain
 .text.secret_key_init
                0x1000c27c       0x20 libsqisign_v3_p324_3_m4f.a(keygen.c.o)
                0x1000c27c                secret_key_init
 .text.protocols_keygen
                0x1000c29c      0x170 libsqisign_v3_p324_3_m4f.a(keygen.c.o)
                0x1000c29c                protocols_keygen
 .text.mp_wide_signed_mul
                0x1000c40c      0x324 libsqisign_v3_p324_3_m4f.a(mp.c.o)
 .text.mp_shift_ct
                0x1000c730      0x1b4 libsqisign_v3_p324_3_m4f.a(mp.c.o)
 .text.mp_mul_raw
                0x1000c8e4      0x1b4 libsqisign_v3_p324_3_m4f.a(mp.c.o)
 .text.mp_lehmer_combine
                0x1000ca98      0x144 libsqisign_v3_p324_3_m4f.a(mp.c.o)
 .text.probprime_mont_equal_internal
                0x1000cbdc      0x110 libsqisign_v3_p324_3_m4f.a(mp.c.o)
 .text.probprime_scale_small_internal
                0x1000ccec       0xd8 libsqisign_v3_p324_3_m4f.a(mp.c.o)
 .text.ibz_div_2exp.constprop.0
                0x1000cdc4       0x6c libsqisign_v3_p324_3_m4f.a(mp.c.o)
 .text.mp_divmod_schoolbook
                0x1000ce30      0x2e8 libsqisign_v3_p324_3_m4f.a(mp.c.o)
 .text.mp_div_d2n1n
                0x1000d118       0xd0 libsqisign_v3_p324_3_m4f.a(mp.c.o)
 .text.mp_div_d3n2n
                0x1000d1e8      0x138 libsqisign_v3_p324_3_m4f.a(mp.c.o)
 .text.ibz_from_modq
                0x1000d320      0x174 libsqisign_v3_p324_3_m4f.a(mp.c.o)
 .text.mp_mul_small_signed
                0x1000d494      0x130 libsqisign_v3_p324_3_m4f.a(mp.c.o)
 .text.ibz_init
                0x1000d5c4        0xc libsqisign_v3_p324_3_m4f.a(mp.c.o)
                0x1000d5c4                ibz_init
 .text.ibz_set  0x1000d5d0       0x90 libsqisign_v3_p324_3_m4f.a(mp.c.o)
                0x1000d5d0                ibz_set
 .text.ibz_copy
                0x1000d660       0x24 libsqisign_v3_p324_3_m4f.a(mp.c.o)
                0x1000d660                ibz_copy
 .text.ibz_swap
                0x1000d684       0x60 libsqisign_v3_p324_3_m4f.a(mp.c.o)
                0x1000d684                ibz_swap
 .text.ibz_cswap
                0x1000d6e4       0xa8 libsqisign_v3_p324_3_m4f.a(mp.c.o)
                0x1000d6e4                ibz_cswap
 .text.ibz_get_bound
                0x1000d78c        0x4 libsqisign_v3_p324_3_m4f.a(mp.c.o)
                0x1000d78c                ibz_get_bound
 .text.ibz_set_bound
                0x1000d790       0xec libsqisign_v3_p324_3_m4f.a(mp.c.o)
                0x1000d790                ibz_set_bound
 .text.ibz_copy_bits
                0x1000d87c       0x58 libsqisign_v3_p324_3_m4f.a(mp.c.o)
                0x1000d87c                ibz_copy_bits
 .text.ibz_copy_digits
                0x1000d8d4       0x2c libsqisign_v3_p324_3_m4f.a(mp.c.o)
                0x1000d8d4                ibz_copy_digits
 .text.ibz_to_digits
                0x1000d900       0x90 libsqisign_v3_p324_3_m4f.a(mp.c.o)
                0x1000d900                ibz_to_digits
 .text.ibz_get  0x1000d990        0x4 libsqisign_v3_p324_3_m4f.a(mp.c.o)
                0x1000d990                ibz_get
 .text.ibz_add  0x1000d994      0x120 libsqisign_v3_p324_3_m4f.a(mp.c.o)
                0x1000d994                ibz_add
 .text.ibz_sub  0x1000dab4      0x120 libsqisign_v3_p324_3_m4f.a(mp.c.o)
                0x1000dab4                ibz_sub
 .text.ibz_mul  0x1000dbd4      0x1ac libsqisign_v3_p324_3_m4f.a(mp.c.o)
                0x1000dbd4                ibz_mul
 .text.ibz_neg  0x1000dd80       0x44 libsqisign_v3_p324_3_m4f.a(mp.c.o)
                0x1000dd80                ibz_neg
 .text.ibz_cneg
                0x1000ddc4       0x44 libsqisign_v3_p324_3_m4f.a(mp.c.o)
                0x1000ddc4                ibz_cneg
 .text.ibz_abs  0x1000de08       0x48 libsqisign_v3_p324_3_m4f.a(mp.c.o)
                0x1000de08                ibz_abs
 .text.ibz_div  0x1000de50      0x5a8 libsqisign_v3_p324_3_m4f.a(mp.c.o)
                0x1000de50                ibz_div
 .text.ibz_div_2exp
                0x1000e3f8      0x100 libsqisign_v3_p324_3_m4f.a(mp.c.o)
                0x1000e3f8                ibz_div_2exp
 .text.ibz_set_bound_ct
                0x1000e4f8       0xc4 libsqisign_v3_p324_3_m4f.a(mp.c.o)
                0x1000e4f8                ibz_set_bound_ct
 .text.ibz_bitsize_ct
                0x1000e5bc       0xc8 libsqisign_v3_p324_3_m4f.a(mp.c.o)
                0x1000e5bc                ibz_bitsize_ct
 .text.ibz_mul_2exp
                0x1000e684       0xd4 libsqisign_v3_p324_3_m4f.a(mp.c.o)
                0x1000e684                ibz_mul_2exp
 .text.ibz_two_adic
                0x1000e758       0x4c libsqisign_v3_p324_3_m4f.a(mp.c.o)
                0x1000e758                ibz_two_adic
 .text.ibz_mod  0x1000e7a4      0x574 libsqisign_v3_p324_3_m4f.a(mp.c.o)
                0x1000e7a4                ibz_mod
 .text.ibz_mod2exp
                0x1000ed18       0x7c libsqisign_v3_p324_3_m4f.a(mp.c.o)
                0x1000ed18                ibz_mod2exp
 .text.ibz_divides
                0x1000ed94       0x48 libsqisign_v3_p324_3_m4f.a(mp.c.o)
                0x1000ed94                ibz_divides
 .text.ibz_cmp  0x1000eddc       0x78 libsqisign_v3_p324_3_m4f.a(mp.c.o)
                0x1000eddc                ibz_cmp
 .text.ibz_is_zero
                0x1000ee54       0x28 libsqisign_v3_p324_3_m4f.a(mp.c.o)
                0x1000ee54                ibz_is_zero
 .text.ibz_is_one
                0x1000ee7c       0x2c libsqisign_v3_p324_3_m4f.a(mp.c.o)
                0x1000ee7c                ibz_is_one
 .text.ibz_is_positive
                0x1000eea8       0x18 libsqisign_v3_p324_3_m4f.a(mp.c.o)
                0x1000eea8                ibz_is_positive
 .text.ibz_is_even
                0x1000eec0        0xc libsqisign_v3_p324_3_m4f.a(mp.c.o)
                0x1000eec0                ibz_is_even
 .text.ibz_is_odd
                0x1000eecc        0x8 libsqisign_v3_p324_3_m4f.a(mp.c.o)
                0x1000eecc                ibz_is_odd
 .text.ibz_bitsize
                0x1000eed4       0x7c libsqisign_v3_p324_3_m4f.a(mp.c.o)
                0x1000eed4                ibz_bitsize
 .text.ibz_set_from_str
                0x1000ef50      0x1dc libsqisign_v3_p324_3_m4f.a(mp.c.o)
                0x1000ef50                ibz_set_from_str
 .text.modxpowe_non_ct
                0x1000f12c      0x560 libsqisign_v3_p324_3_m4f.a(mp.c.o)
 .text.ibz_sqrt_mod_p_3mod4
                0x1000f68c      0x25c libsqisign_v3_p324_3_m4f.a(mp.c.o)
 .text.ibz_rand_interval_with_domain
                0x1000f8e8      0x4d4 libsqisign_v3_p324_3_m4f.a(mp.c.o)
                0x1000f8e8                ibz_rand_interval_with_domain
 .text.ibz_rand_interval
                0x1000fdbc        0xc libsqisign_v3_p324_3_m4f.a(mp.c.o)
                0x1000fdbc                ibz_rand_interval
 .text.ibz_rand_interval_with_domain.constprop.0
                0x1000fdc8      0x344 libsqisign_v3_p324_3_m4f.a(mp.c.o)
 .text.ibz_rand_interval_minm_m_with_domain
                0x1001010c      0x110 libsqisign_v3_p324_3_m4f.a(mp.c.o)
                0x1001010c                ibz_rand_interval_minm_m_with_domain
 .text.modxpowe_non_ct.constprop.0
                0x1001021c      0x4f4 libsqisign_v3_p324_3_m4f.a(mp.c.o)
 .text.probprime_mr_round_internal.constprop.0
                0x10010710       0x9c libsqisign_v3_p324_3_m4f.a(mp.c.o)
 .text.ibz_mul_by_int_and_set_bound
                0x100107ac      0x110 libsqisign_v3_p324_3_m4f.a(mp.c.o)
                0x100107ac                ibz_mul_by_int_and_set_bound
 .text.ibz_add_and_set_bound
                0x100108bc      0x134 libsqisign_v3_p324_3_m4f.a(mp.c.o)
                0x100108bc                ibz_add_and_set_bound
 .text.ibz_extract_u64
                0x100109f0       0xe4 libsqisign_v3_p324_3_m4f.a(mp.c.o)
                0x100109f0                ibz_extract_u64
 .text.ibz_extract_i64
                0x10010ad4       0x40 libsqisign_v3_p324_3_m4f.a(mp.c.o)
                0x10010ad4                ibz_extract_i64
 .text.ibz_gcd  0x10010b14      0x8cc libsqisign_v3_p324_3_m4f.a(mp.c.o)
                0x10010b14                ibz_gcd
 .text.ibz_xgcd
                0x100113e0     0x140c libsqisign_v3_p324_3_m4f.a(mp.c.o)
                0x100113e0                ibz_xgcd
 .text.ibz_legendre
                0x100127ec      0x10c libsqisign_v3_p324_3_m4f.a(mp.c.o)
                0x100127ec                ibz_legendre
 .text.ibz_sqrt_mod_p_1mod4
                0x100128f8      0x894 libsqisign_v3_p324_3_m4f.a(mp.c.o)
 .text.ibz_sqrt_mod_p
                0x1001318c       0x1c libsqisign_v3_p324_3_m4f.a(mp.c.o)
                0x1001318c                ibz_sqrt_mod_p
 .text.ibz_invmod
                0x100131a8      0xf48 libsqisign_v3_p324_3_m4f.a(mp.c.o)
                0x100131a8                ibz_invmod
 .text.ibz_crt  0x100140f0      0x2cc libsqisign_v3_p324_3_m4f.a(mp.c.o)
                0x100140f0                ibz_crt
 .text.ibz_invmat
                0x100143bc      0x95c libsqisign_v3_p324_3_m4f.a(mp.c.o)
                0x100143bc                ibz_invmat
 .text.ibz_sqrt_floor
                0x10014d18      0x664 libsqisign_v3_p324_3_m4f.a(mp.c.o)
                0x10014d18                ibz_sqrt_floor
 *fill*         0x1001537c        0x4 
 .text.probprime_bpsw_internal
                0x10015380      0xd60 libsqisign_v3_p324_3_m4f.a(mp.c.o)
 .text.ibz_probab_prime
                0x100160e0       0x94 libsqisign_v3_p324_3_m4f.a(mp.c.o)
                0x100160e0                ibz_probab_prime
 .text.ibz_sqrt_m1_mod_verified
                0x10016174      0x2c8 libsqisign_v3_p324_3_m4f.a(mp.c.o)
                0x10016174                ibz_sqrt_m1_mod_verified
 .text.ibz_ct_shift
                0x1001643c      0x158 libsqisign_v3_p324_3_m4f.a(mp.c.o)
                0x1001643c                ibz_ct_shift
 .text.ibz_ct_highmul_p
                0x10016594      0x11c libsqisign_v3_p324_3_m4f.a(mp.c.o)